Archive member included to satisfy reference by file (symbol)

C:/ST/STM32CubeCLT_1.15.0/GNU-tools-for-STM32/bin/../lib/gcc/arm-none-eabi/12.3.1/../../../../arm-none-eabi/lib/thumb/v7e-m+fp/hard\libc_nano.a(libc_a-exit.o)
                              C:/ST/STM32CubeCLT_1.15.0/GNU-tools-for-STM32/bin/../lib/gcc/arm-none-eabi/12.3.1/../../../../arm-none-eabi/lib/thumb/v7e-m+fp/hard/crt0.o (exit)
C:/ST/STM32CubeCLT_1.15.0/GNU-tools-for-STM32/bin/../lib/gcc/arm-none-eabi/12.3.1/../../../../arm-none-eabi/lib/thumb/v7e-m+fp/hard\libc_nano.a(libc_a-findfp.o)
                              C:/ST/STM32CubeCLT_1.15.0/GNU-tools-for-STM32/bin/../lib/gcc/arm-none-eabi/12.3.1/../../../../arm-none-eabi/lib/thumb/v7e-m+fp/hard\libc_nano.a(libc_a-exit.o) (__stdio_exit_handler)
C:/ST/STM32CubeCLT_1.15.0/GNU-tools-for-STM32/bin/../lib/gcc/arm-none-eabi/12.3.1/../../../../arm-none-eabi/lib/thumb/v7e-m+fp/hard\libc_nano.a(libc_a-fwalk.o)
                              C:/ST/STM32CubeCLT_1.15.0/GNU-tools-for-STM32/bin/../lib/gcc/arm-none-eabi/12.3.1/../../../../arm-none-eabi/lib/thumb/v7e-m+fp/hard\libc_nano.a(libc_a-findfp.o) (_fwalk_sglue)
C:/ST/STM32CubeCLT_1.15.0/GNU-tools-for-STM32/bin/../lib/gcc/arm-none-eabi/12.3.1/../../../../arm-none-eabi/lib/thumb/v7e-m+fp/hard\libc_nano.a(libc_a-stdio.o)
                              C:/ST/STM32CubeCLT_1.15.0/GNU-tools-for-STM32/bin/../lib/gcc/arm-none-eabi/12.3.1/../../../../arm-none-eabi/lib/thumb/v7e-m+fp/hard\libc_nano.a(libc_a-findfp.o) (__sread)
C:/ST/STM32CubeCLT_1.15.0/GNU-tools-for-STM32/bin/../lib/gcc/arm-none-eabi/12.3.1/../../../../arm-none-eabi/lib/thumb/v7e-m+fp/hard\libc_nano.a(libc_a-memset.o)
                              C:/ST/STM32CubeCLT_1.15.0/GNU-tools-for-STM32/bin/../lib/gcc/arm-none-eabi/12.3.1/../../../../arm-none-eabi/lib/thumb/v7e-m+fp/hard/crt0.o (memset)
C:/ST/STM32CubeCLT_1.15.0/GNU-tools-for-STM32/bin/../lib/gcc/arm-none-eabi/12.3.1/../../../../arm-none-eabi/lib/thumb/v7e-m+fp/hard\libc_nano.a(libc_a-closer.o)
                              C:/ST/STM32CubeCLT_1.15.0/GNU-tools-for-STM32/bin/../lib/gcc/arm-none-eabi/12.3.1/../../../../arm-none-eabi/lib/thumb/v7e-m+fp/hard\libc_nano.a(libc_a-stdio.o) (_close_r)
C:/ST/STM32CubeCLT_1.15.0/GNU-tools-for-STM32/bin/../lib/gcc/arm-none-eabi/12.3.1/../../../../arm-none-eabi/lib/thumb/v7e-m+fp/hard\libc_nano.a(libc_a-reent.o)
                              C:/ST/STM32CubeCLT_1.15.0/GNU-tools-for-STM32/bin/../lib/gcc/arm-none-eabi/12.3.1/../../../../arm-none-eabi/lib/thumb/v7e-m+fp/hard\libc_nano.a(libc_a-closer.o) (errno)
C:/ST/STM32CubeCLT_1.15.0/GNU-tools-for-STM32/bin/../lib/gcc/arm-none-eabi/12.3.1/../../../../arm-none-eabi/lib/thumb/v7e-m+fp/hard\libc_nano.a(libc_a-impure.o)
                              C:/ST/STM32CubeCLT_1.15.0/GNU-tools-for-STM32/bin/../lib/gcc/arm-none-eabi/12.3.1/../../../../arm-none-eabi/lib/thumb/v7e-m+fp/hard\libc_nano.a(libc_a-reent.o) (_impure_ptr)
C:/ST/STM32CubeCLT_1.15.0/GNU-tools-for-STM32/bin/../lib/gcc/arm-none-eabi/12.3.1/../../../../arm-none-eabi/lib/thumb/v7e-m+fp/hard\libc_nano.a(libc_a-lseekr.o)
                              C:/ST/STM32CubeCLT_1.15.0/GNU-tools-for-STM32/bin/../lib/gcc/arm-none-eabi/12.3.1/../../../../arm-none-eabi/lib/thumb/v7e-m+fp/hard\libc_nano.a(libc_a-stdio.o) (_lseek_r)
C:/ST/STM32CubeCLT_1.15.0/GNU-tools-for-STM32/bin/../lib/gcc/arm-none-eabi/12.3.1/../../../../arm-none-eabi/lib/thumb/v7e-m+fp/hard\libc_nano.a(libc_a-readr.o)
                              C:/ST/STM32CubeCLT_1.15.0/GNU-tools-for-STM32/bin/../lib/gcc/arm-none-eabi/12.3.1/../../../../arm-none-eabi/lib/thumb/v7e-m+fp/hard\libc_nano.a(libc_a-stdio.o) (_read_r)
C:/ST/STM32CubeCLT_1.15.0/GNU-tools-for-STM32/bin/../lib/gcc/arm-none-eabi/12.3.1/../../../../arm-none-eabi/lib/thumb/v7e-m+fp/hard\libc_nano.a(libc_a-writer.o)
                              C:/ST/STM32CubeCLT_1.15.0/GNU-tools-for-STM32/bin/../lib/gcc/arm-none-eabi/12.3.1/../../../../arm-none-eabi/lib/thumb/v7e-m+fp/hard\libc_nano.a(libc_a-stdio.o) (_write_r)
C:/ST/STM32CubeCLT_1.15.0/GNU-tools-for-STM32/bin/../lib/gcc/arm-none-eabi/12.3.1/../../../../arm-none-eabi/lib/thumb/v7e-m+fp/hard\libc_nano.a(libc_a-init.o)
                              C:/ST/STM32CubeCLT_1.15.0/GNU-tools-for-STM32/bin/../lib/gcc/arm-none-eabi/12.3.1/../../../../arm-none-eabi/lib/thumb/v7e-m+fp/hard/crt0.o (__libc_init_array)
C:/ST/STM32CubeCLT_1.15.0/GNU-tools-for-STM32/bin/../lib/gcc/arm-none-eabi/12.3.1/../../../../arm-none-eabi/lib/thumb/v7e-m+fp/hard\libc_nano.a(libc_a-lock.o)
                              C:/ST/STM32CubeCLT_1.15.0/GNU-tools-for-STM32/bin/../lib/gcc/arm-none-eabi/12.3.1/../../../../arm-none-eabi/lib/thumb/v7e-m+fp/hard\libc_nano.a(libc_a-findfp.o) (__retarget_lock_init_recursive)
C:/ST/STM32CubeCLT_1.15.0/GNU-tools-for-STM32/bin/../lib/gcc/arm-none-eabi/12.3.1/../../../../arm-none-eabi/lib/thumb/v7e-m+fp/hard\libc_nano.a(libc_a-freer.o)
[...]
Memory Configuration

Name             Origin             Length             Attributes
RAM              0x20000000         0x0000a000         xrw
FLASH            0x08000000         0x00040000         xr
*default*        0x00000000         0xffffffff

Linker script and memory map

LOAD C:/ST/STM32CubeCLT_1.15.0/GNU-tools-for-STM32/bin/../lib/gcc/arm-none-eabi/12.3.1/thumb/v7e-m+fp/hard/crti.o
LOAD C:/ST/STM32CubeCLT_1.15.0/GNU-tools-for-STM32/bin/../lib/gcc/arm-none-eabi/12.3.1/thumb/v7e-m+fp/hard/crtbegin.o
LOAD C:/ST/STM32CubeCLT_1.15.0/GNU-tools-for-STM32/bin/../lib/gcc/arm-none-eabi/12.3.1/../../../../arm-none-eabi/lib/thumb/v7e-m+fp/hard/crt0.o
START GROUP
LOAD C:/ST/STM32CubeCLT_1.15.0/GNU-tools-for-STM32/bin/../lib/gcc/arm-none-eabi/12.3.1/../../../../arm-none-eabi/lib/thumb/v7e-m+fp/hard\libc_nano.a
LOAD C:/ST/STM32CubeCLT_1.15.0/GNU-tools-for-STM32/bin/../lib/gcc/arm-none-eabi/12.3.1/../../../../arm-none-eabi/lib/thumb/v7e-m+fp/hard\libm.a
END GROUP
LOAD CMakeFiles/flux-finder-v1-code-f300.dir/Core/Src/matrix.c.obj
LOAD CMakeFiles/flux-finder-v1-code-f300.dir/Core/Src/frame_converter.c.obj
LOAD CMakeFiles/flux-finder-v1-code-f300.dir/Core/Src/color_mapping.c.obj
LOAD CMakeFiles/flux-finder-v1-code-f300.dir/Core/Src/sdcard.c.obj
LOAD CMakeFiles/flux-finder-v1-code-f300.dir/Core/Src/user_diskio_spi.c.obj
LOAD CMakeFiles/flux-finder-v1-code-f300.dir/Core/Src/main.c.obj
LOAD CMakeFiles/flux-finder-v1-code-f300.dir/Core/Src/stm32f3xx_it.c.obj
LOAD CMakeFiles/flux-finder-v1-code-f300.dir/Core/Src/stm32f3xx_hal_msp.c.obj
LOAD CMakeFiles/flux-finder-v1-code-f300.dir/FATFS/Target/user_diskio.c.obj
LOAD CMakeFiles/flux-finder-v1-code-f300.dir/FATFS/App/fatfs.c.obj
LOAD CMakeFiles/flux-finder-v1-code-f300.dir/Drivers/STM32F3xx_HAL_Driver/Src/stm32f3xx_hal_adc.c.obj
LOAD CMakeFiles/flux-finder-v1-code-f300.dir/Drivers/STM32F3xx_HAL_Driver/Src/stm32f3xx_hal_adc_ex.c.obj
LOAD CMakeFiles/flux-finder-v1-code-f300.dir/Drivers/STM32F3xx_HAL_Driver/Src/stm32f3xx_hal.c.obj
LOAD CMakeFiles/flux-finder-v1-code-f300.dir/Drivers/STM32F3xx_HAL_Driver/Src/stm32f3xx_hal_rcc.c.obj
LOAD CMakeFiles/flux-finder-v1-code-f300.dir/Drivers/STM32F3xx_HAL_Driver/Src/stm32f3xx_hal_rcc_ex.c.obj
LOAD CMakeFiles/flux-finder-v1-code-f300.dir/Drivers/STM32F3xx_HAL_Driver/Src/stm32f3xx_hal_gpio.c.obj
LOAD CMakeFiles/flux-finder-v1-code-f300.dir/Drivers/STM32F3xx_HAL_Driver/Src/stm32f3xx_hal_dma.c.obj
LOAD CMakeFiles/flux-finder-v1-code-f300.dir/Drivers/STM32F3xx_HAL_Driver/Src/stm32f3xx_hal_cortex.c.obj
LOAD CMakeFiles/flux-finder-v1-code-f300.dir/Drivers/STM32F3xx_HAL_Driver/Src/stm32f3xx_hal_pwr.c.obj
LOAD CMakeFiles/flux-finder-v1-code-f300.dir/Drivers/STM32F3xx_HAL_Driver/Src/stm32f3xx_hal_pwr_ex.c.obj
LOAD CMakeFiles/flux-finder-v1-code-f300.dir/Drivers/STM32F3xx_HAL_Driver/Src/stm32f3xx_hal_flash.c.obj
LOAD CMakeFiles/flux-finder-v1-code-f300.dir/Drivers/STM32F3xx_HAL_Driver/Src/stm32f3xx_hal_flash_ex.c.obj
LOAD CMakeFiles/flux-finder-v1-code-f300.dir/Drivers/STM32F3xx_HAL_Driver/Src/stm32f3xx_hal_i2c.c.obj
LOAD CMakeFiles/flux-finder-v1-code-f300.dir/Drivers/STM32F3xx_HAL_Driver/Src/stm32f3xx_hal_i2c_ex.c.obj
LOAD CMakeFiles/flux-finder-v1-code-f300.dir/Drivers/STM32F3xx_HAL_Driver/Src/stm32f3xx_hal_exti.c.obj
LOAD CMakeFiles/flux-finder-v1-code-f300.dir/Drivers/STM32F3xx_HAL_Driver/Src/stm32f3xx_hal_spi.c.obj
LOAD CMakeFiles/flux-finder-v1-code-f300.dir/Drivers/STM32F3xx_HAL_Driver/Src/stm32f3xx_hal_spi_ex.c.obj
LOAD CMakeFiles/flux-finder-v1-code-f300.dir/Drivers/STM32F3xx_HAL_Driver/Src/stm32f3xx_hal_tim.c.obj
LOAD CMakeFiles/flux-finder-v1-code-f300.dir/Drivers/STM32F3xx_HAL_Driver/Src/stm32f3xx_hal_tim_ex.c.obj
LOAD CMakeFiles/flux-finder-v1-code-f300.dir/Drivers/STM32F3xx_HAL_Driver/Src/stm32f3xx_hal_uart.c.obj
LOAD CMakeFiles/flux-finder-v1-code-f300.dir/Drivers/STM32F3xx_HAL_Driver/Src/stm32f3xx_hal_uart_ex.c.obj
LOAD CMakeFiles/flux-finder-v1-code-f300.dir/Core/Src/system_stm32f3xx.c.obj
LOAD CMakeFiles/flux-finder-v1-code-f300.dir/Middlewares/Third_Party/FatFs/src/diskio.c.obj
LOAD CMakeFiles/flux-finder-v1-code-f300.dir/Middlewares/Third_Party/FatFs/src/ff.c.obj
LOAD CMakeFiles/flux-finder-v1-code-f300.dir/Middlewares/Third_Party/FatFs/src/ff_gen_drv.c.obj
LOAD CMakeFiles/flux-finder-v1-code-f300.dir/Middlewares/Third_Party/FatFs/src/option/syscall.c.obj
LOAD CMakeFiles/flux-finder-v1-code-f300.dir/Core/Src/sysmem.c.obj
LOAD CMakeFiles/flux-finder-v1-code-f300.dir/Core/Src/syscalls.c.obj
LOAD CMakeFiles/flux-finder-v1-code-f300.dir/startup_stm32f302xc.s.obj
START GROUP
LOAD C:/ST/STM32CubeCLT_1.15.0/GNU-tools-for-STM32/bin/../lib/gcc/arm-none-eabi/12.3.1/thumb/v7e-m+fp/hard\libgcc.a
LOAD C:/ST/STM32CubeCLT_1.15.0/GNU-tools-for-STM32/bin/../lib/gcc/arm-none-eabi/12.3.1/../../../../arm-none-eabi/lib/thumb/v7e-m+fp/hard\libg_nano.a
LOAD C:/ST/STM32CubeCLT_1.15.0/GNU-tools-for-STM32/bin/../lib/gcc/arm-none-eabi/12.3.1/../../../../arm-none-eabi/lib/thumb/v7e-m+fp/hard\libc_nano.a
END GROUP
START GROUP
LOAD C:/ST/STM32CubeCLT_1.15.0/GNU-tools-for-STM32/bin/../lib/gcc/arm-none-eabi/12.3.1/thumb/v7e-m+fp/hard\libgcc.a
LOAD C:/ST/STM32CubeCLT_1.15.0/GNU-tools-for-STM32/bin/../lib/gcc/arm-none-eabi/12.3.1/../../../../arm-none-eabi/lib/thumb/v7e-m+fp/hard\libc_nano.a
END GROUP
LOAD C:/ST/STM32CubeCLT_1.15.0/GNU-tools-for-STM32/bin/../lib/gcc/arm-none-eabi/12.3.1/thumb/v7e-m+fp/hard/crtend.o
LOAD C:/ST/STM32CubeCLT_1.15.0/GNU-tools-for-STM32/bin/../lib/gcc/arm-none-eabi/12.3.1/thumb/v7e-m+fp/hard/crtn.o
                0x2000a000                        _estack = (ORIGIN (RAM) + LENGTH (RAM))
                0x00000200                        _Min_Heap_Size = 0x200
                0x00000400                        _Min_Stack_Size = 0x400

.isr_vector     0x08000000      0x188
                0x08000000                        . = ALIGN (0x4)
 *(.isr_vector)
 .isr_vector    0x08000000      0x188 CMakeFiles/flux-finder-v1-code-f300.dir/startup_stm32f302xc.s.obj
                0x08000000                g_pfnVectors
                0x08000188                        . = ALIGN (0x4)

.text           0x08000190     0xc510
                0x08000190                        . = ALIGN (0x4)
 *(.text)
 .text          0x08000190       0x40 C:/ST/STM32CubeCLT_1.15.0/GNU-tools-for-STM32/bin/../lib/gcc/arm-none-eabi/12.3.1/thumb/v7e-m+fp/hard/crtbegin.o
 .text          0x080001d0       0x10 C:/ST/STM32CubeCLT_1.15.0/GNU-tools-for-STM32/bin/../lib/gcc/arm-none-eabi/12.3.1/../../../../arm-none-eabi/lib/thumb/v7e-m+fp/hard\libg_nano.a(libc_a-strlen.o)
                0x080001d0                strlen
 .text          0x080001e0       0xa0 C:/ST/STM32CubeCLT_1.15.0/GNU-tools-for-STM32/bin/../lib/gcc/arm-none-eabi/12.3.1/../../../../arm-none-eabi/lib/thumb/v7e-m+fp/hard\libg_nano.a(libc_a-memchr.o)
                0x080001e0                memchr
 *(.text*)
 .text.memset   0x08000280       0x10 C:/ST/STM32CubeCLT_1.15.0/GNU-tools-for-STM32/bin/../lib/gcc/arm-none-eabi/12.3.1/../../../../arm-none-eabi/lib/thumb/v7e-m+fp/hard\libc_nano.a(libc_a-memset.o)
                0x08000280                memset
 .text.__libc_init_array
                0x08000290       0x48 C:/ST/STM32CubeCLT_1.15.0/GNU-tools-for-STM32/bin/../lib/gcc/arm-none-eabi/12.3.1/../../../../arm-none-eabi/lib/thumb/v7e-m+fp/hard\libc_nano.a(libc_a-init.o)
                0x08000290                __libc_init_array
 .text.__retarget_lock_acquire_recursive
                0x080002d8        0x2 C:/ST/STM32CubeCLT_1.15.0/GNU-tools-for-STM32/bin/../lib/gcc/arm-none-eabi/12.3.1/../../../../arm-none-eabi/lib/thumb/v7e-m+fp/hard\libc_nano.a(libc_a-lock.o)
                0x080002d8                __retarget_lock_acquire_recursive
 .text.__retarget_lock_release_recursive
                0x080002da        0x2 C:/ST/STM32CubeCLT_1.15.0/GNU-tools-for-STM32/bin/../lib/gcc/arm-none-eabi/12.3.1/../../../../arm-none-eabi/lib/thumb/v7e-m+fp/hard\libc_nano.a(libc_a-lock.o)
                0x080002da                __retarget_lock_release_recursive
 .text._free_r  0x080002dc       0x94 C:/ST/STM32CubeCLT_1.15.0/GNU-tools-for-STM32/bin/../lib/gcc/arm-none-eabi/12.3.1/../../../../arm-none-eabi/lib/thumb/v7e-m+fp/hard\libc_nano.a(libc_a-freer.o)
                0x080002dc                _free_r
 .text.sbrk_aligned
                0x08000370       0x44 C:/ST/STM32CubeCLT_1.15.0/GNU-tools-for-STM32/bin/../lib/gcc/arm-none-eabi/12.3.1/../../../../arm-none-eabi/lib/thumb/v7e-m+fp/hard\libc_nano.a(libc_a-mallocr.o)
 .text._malloc_r
                0x080003b4      0x100 C:/ST/STM32CubeCLT_1.15.0/GNU-tools-for-STM32/bin/../lib/gcc/arm-none-eabi/12.3.1/../../../../arm-none-eabi/lib/thumb/v7e-m+fp/hard\libc_nano.a(libc_a-mallocr.o)
                0x080003b4                _malloc_r
 .text.__malloc_lock
                0x080004b4        0xc C:/ST/STM32CubeCLT_1.15.0/GNU-tools-for-STM32/bin/../lib/gcc/arm-none-eabi/12.3.1/../../../../arm-none-eabi/lib/thumb/v7e-m+fp/hard\libc_nano.a(libc_a-mlock.o)
                0x080004b4                __malloc_lock
 .text.__malloc_unlock
                0x080004c0        0xc C:/ST/STM32CubeCLT_1.15.0/GNU-tools-for-STM32/bin/../lib/gcc/arm-none-eabi/12.3.1/../../../../arm-none-eabi/lib/thumb/v7e-m+fp/hard\libc_nano.a(libc_a-mlock.o)
                0x080004c0                __malloc_unlock
 .text._sbrk_r  0x080004cc       0x20 C:/ST/STM32CubeCLT_1.15.0/GNU-tools-for-STM32/bin/../lib/gcc/arm-none-eabi/12.3.1/../../../../arm-none-eabi/lib/thumb/v7e-m+fp/hard\libc_nano.a(libc_a-sbrkr.o)
                0x080004cc                _sbrk_r
 .text.matrix_select
                0x080004ec       0xe8 CMakeFiles/flux-finder-v1-code-f300.dir/Core/Src/matrix.c.obj
                0x080004ec                matrix_select
 .text.matrix_select_idx
                0x080005d4       0x3a CMakeFiles/flux-finder-v1-code-f300.dir/Core/Src/matrix.c.obj
                0x080005d4                matrix_select_idx
 *fill*         0x0800060e        0x2 
 .text.init_test_frame
                0x08000610       0x64 CMakeFiles/flux-finder-v1-code-f300.dir/Core/Src/frame_converter.c.obj
                0x08000610                init_test_frame
 .text.update_frame_brightness
                0x08000674       0xf0 CMakeFiles/flux-finder-v1-code-f300.dir/Core/Src/frame_converter.c.obj
                0x08000674                update_frame_brightness
 .text.rgb_to_grb
                0x08000764       0x40 CMakeFiles/flux-finder-v1-code-f300.dir/Core/Src/frame_converter.c.obj
                0x08000764                rgb_to_grb
 .text.set_px_color
                0x080007a4      0x16c CMakeFiles/flux-finder-v1-code-f300.dir/Core/Src/frame_converter.c.obj
                0x080007a4                set_px_color
 .text.HsvToRgb
                0x08000910      0x154 CMakeFiles/flux-finder-v1-code-f300.dir/Core/Src/color_mapping.c.obj
                0x08000910                HsvToRgb
 .text.RgbToHsv
                0x08000a64      0x152 CMakeFiles/flux-finder-v1-code-f300.dir/Core/Src/color_mapping.c.obj
                0x08000a64                RgbToHsv
 *fill*         0x08000bb6        0x2 
 .text.SPI_Timer_On
                0x08000bb8       0x28 CMakeFiles/flux-finder-v1-code-f300.dir/Core/Src/user_diskio_spi.c.obj
                0x08000bb8                SPI_Timer_On
 .text.SPI_Timer_Status
                0x08000be0       0x2c CMakeFiles/flux-finder-v1-code-f300.dir/Core/Src/user_diskio_spi.c.obj
                0x08000be0                SPI_Timer_Status
 .text.xchg_spi
                0x08000c0c       0x2c CMakeFiles/flux-finder-v1-code-f300.dir/Core/Src/user_diskio_spi.c.obj
 .text.rcvr_spi_multi
                0x08000c38       0x38 CMakeFiles/flux-finder-v1-code-f300.dir/Core/Src/user_diskio_spi.c.obj
 .text.xmit_spi_multi
                0x08000c70       0x28 CMakeFiles/flux-finder-v1-code-f300.dir/Core/Src/user_diskio_spi.c.obj
 .text.wait_ready
                0x08000c98       0x46 CMakeFiles/flux-finder-v1-code-f300.dir/Core/Src/user_diskio_spi.c.obj
 *fill*         0x08000cde        0x2 
 .text.despiselect
                0x08000ce0       0x20 CMakeFiles/flux-finder-v1-code-f300.dir/Core/Src/user_diskio_spi.c.obj
 .text.spiselect
                0x08000d00       0x38 CMakeFiles/flux-finder-v1-code-f300.dir/Core/Src/user_diskio_spi.c.obj
 .text.rcvr_datablock
                0x08000d38       0x52 CMakeFiles/flux-finder-v1-code-f300.dir/Core/Src/user_diskio_spi.c.obj
 .text.xmit_datablock
                0x08000d8a       0x64 CMakeFiles/flux-finder-v1-code-f300.dir/Core/Src/user_diskio_spi.c.obj
 .text.send_cmd
                0x08000dee       0xde CMakeFiles/flux-finder-v1-code-f300.dir/Core/Src/user_diskio_spi.c.obj
 .text.USER_SPI_initialize
                0x08000ecc      0x1d8 CMakeFiles/flux-finder-v1-code-f300.dir/Core/Src/user_diskio_spi.c.obj
                0x08000ecc                USER_SPI_initialize
 .text.USER_SPI_status
                0x080010a4       0x2c CMakeFiles/flux-finder-v1-code-f300.dir/Core/Src/user_diskio_spi.c.obj
                0x080010a4                USER_SPI_status
 .text.USER_SPI_read
                0x080010d0       0xcc CMakeFiles/flux-finder-v1-code-f300.dir/Core/Src/user_diskio_spi.c.obj
                0x080010d0                USER_SPI_read
 .text.USER_SPI_write
                0x0800119c       0xf8 CMakeFiles/flux-finder-v1-code-f300.dir/Core/Src/user_diskio_spi.c.obj
                0x0800119c                USER_SPI_write
 .text.USER_SPI_ioctl
                0x08001294      0x2e0 CMakeFiles/flux-finder-v1-code-f300.dir/Core/Src/user_diskio_spi.c.obj
                0x08001294                USER_SPI_ioctl
 .text.UART_Printf
                0x08001574       0x60 CMakeFiles/flux-finder-v1-code-f300.dir/Core/Src/main.c.obj
                0x08001574                UART_Printf
 .text.ff_init  0x080015d4      0x40c CMakeFiles/flux-finder-v1-code-f300.dir/Core/Src/main.c.obj
                0x080015d4                ff_init
 .text.HAL_GPIO_EXTI_Callback
                0x080019e0       0xc8 CMakeFiles/flux-finder-v1-code-f300.dir/Core/Src/main.c.obj
                0x080019e0                HAL_GPIO_EXTI_Callback
 .text.handle_buttons
                0x08001aa8       0xbc CMakeFiles/flux-finder-v1-code-f300.dir/Core/Src/main.c.obj
                0x08001aa8                handle_buttons
 .text.main     0x08001b64      0x344 CMakeFiles/flux-finder-v1-code-f300.dir/Core/Src/main.c.obj
                0x08001b64                main
 .text.SystemClock_Config
                0x08001ea8       0xc2 CMakeFiles/flux-finder-v1-code-f300.dir/Core/Src/main.c.obj
                0x08001ea8                SystemClock_Config
 *fill*         0x08001f6a        0x2 
 .text.MX_ADC1_Init
                0x08001f6c       0xe0 CMakeFiles/flux-finder-v1-code-f300.dir/Core/Src/main.c.obj
 .text.MX_ADC2_Init
                0x0800204c       0xbc CMakeFiles/flux-finder-v1-code-f300.dir/Core/Src/main.c.obj
 .text.MX_I2C1_Init
                0x08002108       0x80 CMakeFiles/flux-finder-v1-code-f300.dir/Core/Src/main.c.obj
 .text.MX_SPI2_Init
                0x08002188       0x7c CMakeFiles/flux-finder-v1-code-f300.dir/Core/Src/main.c.obj
 .text.MX_TIM1_Init
                0x08002204       0xa8 CMakeFiles/flux-finder-v1-code-f300.dir/Core/Src/main.c.obj
 .text.MX_TIM3_Init
                0x080022ac       0xf0 CMakeFiles/flux-finder-v1-code-f300.dir/Core/Src/main.c.obj
 .text.MX_TIM6_Init
                0x0800239c       0x6c CMakeFiles/flux-finder-v1-code-f300.dir/Core/Src/main.c.obj
 .text.MX_USART1_UART_Init
                0x08002408       0x60 CMakeFiles/flux-finder-v1-code-f300.dir/Core/Src/main.c.obj
 .text.MX_DMA_Init
                0x08002468       0x3c CMakeFiles/flux-finder-v1-code-f300.dir/Core/Src/main.c.obj
 .text.MX_GPIO_Init
                0x080024a4      0x148 CMakeFiles/flux-finder-v1-code-f300.dir/Core/Src/main.c.obj
 .text.Error_Handler
                0x080025ec        0xc CMakeFiles/flux-finder-v1-code-f300.dir/Core/Src/main.c.obj
                0x080025ec                Error_Handler
 .text.NMI_Handler
                0x080025f8        0x8 CMakeFiles/flux-finder-v1-code-f300.dir/Core/Src/stm32f3xx_it.c.obj
                0x080025f8                NMI_Handler
 .text.HardFault_Handler
                0x08002600        0x8 CMakeFiles/flux-finder-v1-code-f300.dir/Core/Src/stm32f3xx_it.c.obj
                0x08002600                HardFault_Handler
 .text.MemManage_Handler
                0x08002608        0x8 CMakeFiles/flux-finder-v1-code-f300.dir/Core/Src/stm32f3xx_it.c.obj
                0x08002608                MemManage_Handler
 .text.BusFault_Handler
                0x08002610        0x8 CMakeFiles/flux-finder-v1-code-f300.dir/Core/Src/stm32f3xx_it.c.obj
                0x08002610                BusFault_Handler
 .text.UsageFault_Handler
                0x08002618        0x8 CMakeFiles/flux-finder-v1-code-f300.dir/Core/Src/stm32f3xx_it.c.obj
                0x08002618                UsageFault_Handler
 .text.SVC_Handler
                0x08002620        0xe CMakeFiles/flux-finder-v1-code-f300.dir/Core/Src/stm32f3xx_it.c.obj
                0x08002620                SVC_Handler
 .text.DebugMon_Handler
                0x0800262e        0xe CMakeFiles/flux-finder-v1-code-f300.dir/Core/Src/stm32f3xx_it.c.obj
                0x0800262e                DebugMon_Handler
 .text.PendSV_Handler
                0x0800263c        0xe CMakeFiles/flux-finder-v1-code-f300.dir/Core/Src/stm32f3xx_it.c.obj
                0x0800263c                PendSV_Handler
 .text.SysTick_Handler
                0x0800264a        0xc CMakeFiles/flux-finder-v1-code-f300.dir/Core/Src/stm32f3xx_it.c.obj
                0x0800264a                SysTick_Handler
 *fill*         0x08002656        0x2 
 .text.DMA1_Channel3_IRQHandler
                0x08002658       0x14 CMakeFiles/flux-finder-v1-code-f300.dir/Core/Src/stm32f3xx_it.c.obj
                0x08002658                DMA1_Channel3_IRQHandler
 .text.ADC1_2_IRQHandler
                0x0800266c       0x1c CMakeFiles/flux-finder-v1-code-f300.dir/Core/Src/stm32f3xx_it.c.obj
                0x0800266c                ADC1_2_IRQHandler
 .text.TIM1_BRK_TIM15_IRQHandler
                0x08002688       0x14 CMakeFiles/flux-finder-v1-code-f300.dir/Core/Src/stm32f3xx_it.c.obj
                0x08002688                TIM1_BRK_TIM15_IRQHandler
 .text.TIM1_UP_TIM16_IRQHandler
                0x0800269c       0x14 CMakeFiles/flux-finder-v1-code-f300.dir/Core/Src/stm32f3xx_it.c.obj
                0x0800269c                TIM1_UP_TIM16_IRQHandler
 .text.TIM1_TRG_COM_TIM17_IRQHandler
                0x080026b0       0x14 CMakeFiles/flux-finder-v1-code-f300.dir/Core/Src/stm32f3xx_it.c.obj
                0x080026b0                TIM1_TRG_COM_TIM17_IRQHandler
 .text.TIM1_CC_IRQHandler
                0x080026c4       0x14 CMakeFiles/flux-finder-v1-code-f300.dir/Core/Src/stm32f3xx_it.c.obj
                0x080026c4                TIM1_CC_IRQHandler
 .text.TIM3_IRQHandler
                0x080026d8       0x14 CMakeFiles/flux-finder-v1-code-f300.dir/Core/Src/stm32f3xx_it.c.obj
                0x080026d8                TIM3_IRQHandler
 .text.EXTI15_10_IRQHandler
                0x080026ec       0x20 CMakeFiles/flux-finder-v1-code-f300.dir/Core/Src/stm32f3xx_it.c.obj
                0x080026ec                EXTI15_10_IRQHandler
 .text.TIM6_DAC_IRQHandler
                0x0800270c       0x14 CMakeFiles/flux-finder-v1-code-f300.dir/Core/Src/stm32f3xx_it.c.obj
                0x0800270c                TIM6_DAC_IRQHandler
 .text.HAL_MspInit
                0x08002720       0x48 CMakeFiles/flux-finder-v1-code-f300.dir/Core/Src/stm32f3xx_hal_msp.c.obj
                0x08002720                HAL_MspInit
 .text.HAL_ADC_MspInit
                0x08002768      0x11c CMakeFiles/flux-finder-v1-code-f300.dir/Core/Src/stm32f3xx_hal_msp.c.obj
                0x08002768                HAL_ADC_MspInit
 .text.HAL_I2C_MspInit
                0x08002884       0x88 CMakeFiles/flux-finder-v1-code-f300.dir/Core/Src/stm32f3xx_hal_msp.c.obj
                0x08002884                HAL_I2C_MspInit
 .text.HAL_SPI_MspInit
                0x0800290c       0x88 CMakeFiles/flux-finder-v1-code-f300.dir/Core/Src/stm32f3xx_hal_msp.c.obj
                0x0800290c                HAL_SPI_MspInit
 .text.HAL_TIM_Base_MspInit
                0x08002994      0x150 CMakeFiles/flux-finder-v1-code-f300.dir/Core/Src/stm32f3xx_hal_msp.c.obj
                0x08002994                HAL_TIM_Base_MspInit
 .text.HAL_TIM_MspPostInit
                0x08002ae4       0x70 CMakeFiles/flux-finder-v1-code-f300.dir/Core/Src/stm32f3xx_hal_msp.c.obj
                0x08002ae4                HAL_TIM_MspPostInit
 .text.HAL_UART_MspInit
                0x08002b54       0x88 CMakeFiles/flux-finder-v1-code-f300.dir/Core/Src/stm32f3xx_hal_msp.c.obj
                0x08002b54                HAL_UART_MspInit
 .text.USER_initialize
                0x08002bdc       0x1c CMakeFiles/flux-finder-v1-code-f300.dir/FATFS/Target/user_diskio.c.obj
                0x08002bdc                USER_initialize
 .text.USER_status
                0x08002bf8       0x1c CMakeFiles/flux-finder-v1-code-f300.dir/FATFS/Target/user_diskio.c.obj
                0x08002bf8                USER_status
 .text.USER_read
                0x08002c14       0x26 CMakeFiles/flux-finder-v1-code-f300.dir/FATFS/Target/user_diskio.c.obj
                0x08002c14                USER_read
 .text.USER_write
                0x08002c3a       0x26 CMakeFiles/flux-finder-v1-code-f300.dir/FATFS/Target/user_diskio.c.obj
                0x08002c3a                USER_write
 .text.USER_ioctl
                0x08002c60       0x26 CMakeFiles/flux-finder-v1-code-f300.dir/FATFS/Target/user_diskio.c.obj
                0x08002c60                USER_ioctl
 *fill*         0x08002c86        0x2 
 .text.MX_FATFS_Init
                0x08002c88       0x24 CMakeFiles/flux-finder-v1-code-f300.dir/FATFS/App/fatfs.c.obj
                0x08002c88                MX_FATFS_Init
 .text.get_fattime
                0x08002cac       0x10 CMakeFiles/flux-finder-v1-code-f300.dir/FATFS/App/fatfs.c.obj
                0x08002cac                get_fattime
 .text.HAL_ADC_ConvCpltCallback
                0x08002cbc       0x14 CMakeFiles/flux-finder-v1-code-f300.dir/Drivers/STM32F3xx_HAL_Driver/Src/stm32f3xx_hal_adc.c.obj
                0x08002cbc                HAL_ADC_ConvCpltCallback
 .text.HAL_ADC_LevelOutOfWindowCallback
                0x08002cd0       0x14 CMakeFiles/flux-finder-v1-code-f300.dir/Drivers/STM32F3xx_HAL_Driver/Src/stm32f3xx_hal_adc.c.obj
                0x08002cd0                HAL_ADC_LevelOutOfWindowCallback
 .text.HAL_ADC_ErrorCallback
                0x08002ce4       0x14 CMakeFiles/flux-finder-v1-code-f300.dir/Drivers/STM32F3xx_HAL_Driver/Src/stm32f3xx_hal_adc.c.obj
                0x08002ce4                HAL_ADC_ErrorCallback
 .text.HAL_ADC_Init
                0x08002cf8      0x324 CMakeFiles/flux-finder-v1-code-f300.dir/Drivers/STM32F3xx_HAL_Driver/Src/stm32f3xx_hal_adc_ex.c.obj
                0x08002cf8                HAL_ADC_Init
 .text.HAL_ADC_Start_IT
                0x0800301c      0x1c0 CMakeFiles/flux-finder-v1-code-f300.dir/Drivers/STM32F3xx_HAL_Driver/Src/stm32f3xx_hal_adc_ex.c.obj
                0x0800301c                HAL_ADC_Start_IT
 .text.HAL_ADC_IRQHandler
                0x080031dc      0x3f4 CMakeFiles/flux-finder-v1-code-f300.dir/Drivers/STM32F3xx_HAL_Driver/Src/stm32f3xx_hal_adc_ex.c.obj
                0x080031dc                HAL_ADC_IRQHandler
 .text.HAL_ADCEx_InjectedConvCpltCallback
                0x080035d0       0x14 CMakeFiles/flux-finder-v1-code-f300.dir/Drivers/STM32F3xx_HAL_Driver/Src/stm32f3xx_hal_adc_ex.c.obj
                0x080035d0                HAL_ADCEx_InjectedConvCpltCallback
 .text.HAL_ADCEx_InjectedQueueOverflowCallback
                0x080035e4       0x14 CMakeFiles/flux-finder-v1-code-f300.dir/Drivers/STM32F3xx_HAL_Driver/Src/stm32f3xx_hal_adc_ex.c.obj
                0x080035e4                HAL_ADCEx_InjectedQueueOverflowCallback
 .text.HAL_ADCEx_LevelOutOfWindow2Callback
                0x080035f8       0x14 CMakeFiles/flux-finder-v1-code-f300.dir/Drivers/STM32F3xx_HAL_Driver/Src/stm32f3xx_hal_adc_ex.c.obj
                0x080035f8                HAL_ADCEx_LevelOutOfWindow2Callback
 .text.HAL_ADCEx_LevelOutOfWindow3Callback
                0x0800360c       0x14 CMakeFiles/flux-finder-v1-code-f300.dir/Drivers/STM32F3xx_HAL_Driver/Src/stm32f3xx_hal_adc_ex.c.obj
                0x0800360c                HAL_ADCEx_LevelOutOfWindow3Callback
 .text.HAL_ADC_ConfigChannel
                0x08003620      0x57c CMakeFiles/flux-finder-v1-code-f300.dir/Drivers/STM32F3xx_HAL_Driver/Src/stm32f3xx_hal_adc_ex.c.obj
                0x08003620                HAL_ADC_ConfigChannel
 .text.HAL_ADCEx_MultiModeConfigChannel
                0x08003b9c      0x18c CMakeFiles/flux-finder-v1-code-f300.dir/Drivers/STM32F3xx_HAL_Driver/Src/stm32f3xx_hal_adc_ex.c.obj
                0x08003b9c                HAL_ADCEx_MultiModeConfigChannel
 .text.ADC_Enable
                0x08003d28       0xc8 CMakeFiles/flux-finder-v1-code-f300.dir/Drivers/STM32F3xx_HAL_Driver/Src/stm32f3xx_hal_adc_ex.c.obj
 .text.ADC_Disable
                0x08003df0       0xcc CMakeFiles/flux-finder-v1-code-f300.dir/Drivers/STM32F3xx_HAL_Driver/Src/stm32f3xx_hal_adc_ex.c.obj
 .text.HAL_Init
                0x08003ebc       0x2c CMakeFiles/flux-finder-v1-code-f300.dir/Drivers/STM32F3xx_HAL_Driver/Src/stm32f3xx_hal.c.obj
                0x08003ebc                HAL_Init
 .text.HAL_InitTick
                0x08003ee8       0x60 CMakeFiles/flux-finder-v1-code-f300.dir/Drivers/STM32F3xx_HAL_Driver/Src/stm32f3xx_hal.c.obj
                0x08003ee8                HAL_InitTick
 .text.HAL_IncTick
                0x08003f48       0x28 CMakeFiles/flux-finder-v1-code-f300.dir/Drivers/STM32F3xx_HAL_Driver/Src/stm32f3xx_hal.c.obj
                0x08003f48                HAL_IncTick
 .text.HAL_GetTick
                0x08003f70       0x18 CMakeFiles/flux-finder-v1-code-f300.dir/Drivers/STM32F3xx_HAL_Driver/Src/stm32f3xx_hal.c.obj
                0x08003f70                HAL_GetTick
 .text.HAL_RCC_OscConfig
                0x08003f88     0x107c CMakeFiles/flux-finder-v1-code-f300.dir/Drivers/STM32F3xx_HAL_Driver/Src/stm32f3xx_hal_rcc.c.obj
                0x08003f88                HAL_RCC_OscConfig
 .text.HAL_RCC_ClockConfig
                0x08005004      0x2f8 CMakeFiles/flux-finder-v1-code-f300.dir/Drivers/STM32F3xx_HAL_Driver/Src/stm32f3xx_hal_rcc.c.obj
                0x08005004                HAL_RCC_ClockConfig
 .text.HAL_RCC_GetSysClockFreq
                0x080052fc       0xa8 CMakeFiles/flux-finder-v1-code-f300.dir/Drivers/STM32F3xx_HAL_Driver/Src/stm32f3xx_hal_rcc.c.obj
                0x080052fc                HAL_RCC_GetSysClockFreq
 .text.HAL_RCC_GetHCLKFreq
                0x080053a4       0x18 CMakeFiles/flux-finder-v1-code-f300.dir/Drivers/STM32F3xx_HAL_Driver/Src/stm32f3xx_hal_rcc.c.obj
                0x080053a4                HAL_RCC_GetHCLKFreq
 .text.HAL_RCC_GetPCLK1Freq
                0x080053bc       0x44 CMakeFiles/flux-finder-v1-code-f300.dir/Drivers/STM32F3xx_HAL_Driver/Src/stm32f3xx_hal_rcc.c.obj
                0x080053bc                HAL_RCC_GetPCLK1Freq
 .text.HAL_RCC_GetPCLK2Freq
                0x08005400       0x44 CMakeFiles/flux-finder-v1-code-f300.dir/Drivers/STM32F3xx_HAL_Driver/Src/stm32f3xx_hal_rcc.c.obj
                0x08005400                HAL_RCC_GetPCLK2Freq
 .text.HAL_RCCEx_PeriphCLKConfig
                0x08005444      0x324 CMakeFiles/flux-finder-v1-code-f300.dir/Drivers/STM32F3xx_HAL_Driver/Src/stm32f3xx_hal_rcc_ex.c.obj
                0x08005444                HAL_RCCEx_PeriphCLKConfig
 .text.HAL_GPIO_Init
                0x08005768      0x2f4 CMakeFiles/flux-finder-v1-code-f300.dir/Drivers/STM32F3xx_HAL_Driver/Src/stm32f3xx_hal_gpio.c.obj
                0x08005768                HAL_GPIO_Init
 .text.HAL_GPIO_ReadPin
                0x08005a5c       0x30 CMakeFiles/flux-finder-v1-code-f300.dir/Drivers/STM32F3xx_HAL_Driver/Src/stm32f3xx_hal_gpio.c.obj
                0x08005a5c                HAL_GPIO_ReadPin
 .text.HAL_GPIO_WritePin
                0x08005a8c       0x30 CMakeFiles/flux-finder-v1-code-f300.dir/Drivers/STM32F3xx_HAL_Driver/Src/stm32f3xx_hal_gpio.c.obj
                0x08005a8c                HAL_GPIO_WritePin
 .text.HAL_GPIO_EXTI_IRQHandler
                0x08005abc       0x30 CMakeFiles/flux-finder-v1-code-f300.dir/Drivers/STM32F3xx_HAL_Driver/Src/stm32f3xx_hal_gpio.c.obj
                0x08005abc                HAL_GPIO_EXTI_IRQHandler
 .text.HAL_DMA_Init
                0x08005aec       0x8e CMakeFiles/flux-finder-v1-code-f300.dir/Drivers/STM32F3xx_HAL_Driver/Src/stm32f3xx_hal_dma.c.obj
                0x08005aec                HAL_DMA_Init
 .text.HAL_DMA_Start_IT
                0x08005b7a       0xbe CMakeFiles/flux-finder-v1-code-f300.dir/Drivers/STM32F3xx_HAL_Driver/Src/stm32f3xx_hal_dma.c.obj
                0x08005b7a                HAL_DMA_Start_IT
 .text.HAL_DMA_IRQHandler
                0x08005c38      0x146 CMakeFiles/flux-finder-v1-code-f300.dir/Drivers/STM32F3xx_HAL_Driver/Src/stm32f3xx_hal_dma.c.obj
                0x08005c38                HAL_DMA_IRQHandler
 .text.DMA_SetConfig
                0x08005d7e       0x5c CMakeFiles/flux-finder-v1-code-f300.dir/Drivers/STM32F3xx_HAL_Driver/Src/stm32f3xx_hal_dma.c.obj
 *fill*         0x08005dda        0x2 
 .text.DMA_CalcBaseAndBitshift
                0x08005ddc       0x78 CMakeFiles/flux-finder-v1-code-f300.dir/Drivers/STM32F3xx_HAL_Driver/Src/stm32f3xx_hal_dma.c.obj
 .text.__NVIC_SetPriorityGrouping
                0x08005e54       0x48 CMakeFiles/flux-finder-v1-code-f300.dir/Drivers/STM32F3xx_HAL_Driver/Src/stm32f3xx_hal_cortex.c.obj
 .text.__NVIC_GetPriorityGrouping
                0x08005e9c       0x1c CMakeFiles/flux-finder-v1-code-f300.dir/Drivers/STM32F3xx_HAL_Driver/Src/stm32f3xx_hal_cortex.c.obj
 .text.__NVIC_EnableIRQ
                0x08005eb8       0x3c CMakeFiles/flux-finder-v1-code-f300.dir/Drivers/STM32F3xx_HAL_Driver/Src/stm32f3xx_hal_cortex.c.obj
 .text.__NVIC_SetPriority
                0x08005ef4       0x54 CMakeFiles/flux-finder-v1-code-f300.dir/Drivers/STM32F3xx_HAL_Driver/Src/stm32f3xx_hal_cortex.c.obj
 .text.NVIC_EncodePriority
                0x08005f48       0x66 CMakeFiles/flux-finder-v1-code-f300.dir/Drivers/STM32F3xx_HAL_Driver/Src/stm32f3xx_hal_cortex.c.obj
 *fill*         0x08005fae        0x2 
 .text.SysTick_Config
                0x08005fb0       0x44 CMakeFiles/flux-finder-v1-code-f300.dir/Drivers/STM32F3xx_HAL_Driver/Src/stm32f3xx_hal_cortex.c.obj
 .text.HAL_NVIC_SetPriorityGrouping
                0x08005ff4       0x16 CMakeFiles/flux-finder-v1-code-f300.dir/Drivers/STM32F3xx_HAL_Driver/Src/stm32f3xx_hal_cortex.c.obj
                0x08005ff4                HAL_NVIC_SetPriorityGrouping
 .text.HAL_NVIC_SetPriority
                0x0800600a       0x38 CMakeFiles/flux-finder-v1-code-f300.dir/Drivers/STM32F3xx_HAL_Driver/Src/stm32f3xx_hal_cortex.c.obj
                0x0800600a                HAL_NVIC_SetPriority
 .text.HAL_NVIC_EnableIRQ
                0x08006042       0x1c CMakeFiles/flux-finder-v1-code-f300.dir/Drivers/STM32F3xx_HAL_Driver/Src/stm32f3xx_hal_cortex.c.obj
                0x08006042                HAL_NVIC_EnableIRQ
 .text.HAL_SYSTICK_Config
                0x0800605e       0x18 CMakeFiles/flux-finder-v1-code-f300.dir/Drivers/STM32F3xx_HAL_Driver/Src/stm32f3xx_hal_cortex.c.obj
                0x0800605e                HAL_SYSTICK_Config
 .text.HAL_I2C_Init
                0x08006076      0x136 CMakeFiles/flux-finder-v1-code-f300.dir/Drivers/STM32F3xx_HAL_Driver/Src/stm32f3xx_hal_i2c.c.obj
                0x08006076                HAL_I2C_Init
 .text.HAL_I2CEx_ConfigAnalogFilter
                0x080061ac       0x96 CMakeFiles/flux-finder-v1-code-f300.dir/Drivers/STM32F3xx_HAL_Driver/Src/stm32f3xx_hal_i2c_ex.c.obj
                0x080061ac                HAL_I2CEx_ConfigAnalogFilter
 .text.HAL_I2CEx_ConfigDigitalFilter
                0x08006242       0x98 CMakeFiles/flux-finder-v1-code-f300.dir/Drivers/STM32F3xx_HAL_Driver/Src/stm32f3xx_hal_i2c_ex.c.obj
                0x08006242                HAL_I2CEx_ConfigDigitalFilter
 .text.HAL_SPI_Init
                0x080062da      0x156 CMakeFiles/flux-finder-v1-code-f300.dir/Drivers/STM32F3xx_HAL_Driver/Src/stm32f3xx_hal_spi.c.obj
                0x080062da                HAL_SPI_Init
 .text.HAL_SPI_Transmit
                0x08006430      0x2ea CMakeFiles/flux-finder-v1-code-f300.dir/Drivers/STM32F3xx_HAL_Driver/Src/stm32f3xx_hal_spi.c.obj
                0x08006430                HAL_SPI_Transmit
 .text.HAL_SPI_TransmitReceive
                0x0800671a      0x444 CMakeFiles/flux-finder-v1-code-f300.dir/Drivers/STM32F3xx_HAL_Driver/Src/stm32f3xx_hal_spi.c.obj
                0x0800671a                HAL_SPI_TransmitReceive
 *fill*         0x08006b5e        0x2 
 .text.SPI_WaitFlagStateUntilTimeout
                0x08006b60      0x110 CMakeFiles/flux-finder-v1-code-f300.dir/Drivers/STM32F3xx_HAL_Driver/Src/stm32f3xx_hal_spi.c.obj
 .text.SPI_WaitFifoStateUntilTimeout
                0x08006c70      0x12c CMakeFiles/flux-finder-v1-code-f300.dir/Drivers/STM32F3xx_HAL_Driver/Src/stm32f3xx_hal_spi.c.obj
 .text.SPI_EndRxTxTransaction
                0x08006d9c       0x8c CMakeFiles/flux-finder-v1-code-f300.dir/Drivers/STM32F3xx_HAL_Driver/Src/stm32f3xx_hal_spi.c.obj
 .text.HAL_TIM_Base_Init
                0x08006e28       0xae CMakeFiles/flux-finder-v1-code-f300.dir/Drivers/STM32F3xx_HAL_Driver/Src/stm32f3xx_hal_tim.c.obj
                0x08006e28                HAL_TIM_Base_Init
 *fill*         0x08006ed6        0x2 
 .text.HAL_TIM_Base_Start_IT
                0x08006ed8       0xc4 CMakeFiles/flux-finder-v1-code-f300.dir/Drivers/STM32F3xx_HAL_Driver/Src/stm32f3xx_hal_tim.c.obj
                0x08006ed8                HAL_TIM_Base_Start_IT
 .text.HAL_TIM_OC_Init
                0x08006f9c       0xae CMakeFiles/flux-finder-v1-code-f300.dir/Drivers/STM32F3xx_HAL_Driver/Src/stm32f3xx_hal_tim.c.obj
                0x08006f9c                HAL_TIM_OC_Init
 .text.HAL_TIM_OC_MspInit
                0x0800704a       0x14 CMakeFiles/flux-finder-v1-code-f300.dir/Drivers/STM32F3xx_HAL_Driver/Src/stm32f3xx_hal_tim.c.obj
                0x0800704a                HAL_TIM_OC_MspInit
 *fill*         0x0800705e        0x2 
 .text.HAL_TIM_OC_Start_DMA
                0x08007060      0x418 CMakeFiles/flux-finder-v1-code-f300.dir/Drivers/STM32F3xx_HAL_Driver/Src/stm32f3xx_hal_tim.c.obj
                0x08007060                HAL_TIM_OC_Start_DMA
 .text.HAL_TIM_IRQHandler
                0x08007478      0x204 CMakeFiles/flux-finder-v1-code-f300.dir/Drivers/STM32F3xx_HAL_Driver/Src/stm32f3xx_hal_tim.c.obj
                0x08007478                HAL_TIM_IRQHandler
 .text.HAL_TIM_OC_ConfigChannel
                0x0800767c       0xf4 CMakeFiles/flux-finder-v1-code-f300.dir/Drivers/STM32F3xx_HAL_Driver/Src/stm32f3xx_hal_tim.c.obj
                0x0800767c                HAL_TIM_OC_ConfigChannel
 .text.HAL_TIM_ConfigClockSource
                0x08007770      0x192 CMakeFiles/flux-finder-v1-code-f300.dir/Drivers/STM32F3xx_HAL_Driver/Src/stm32f3xx_hal_tim.c.obj
                0x08007770                HAL_TIM_ConfigClockSource
 .text.HAL_TIM_PeriodElapsedCallback
                0x08007902       0x14 CMakeFiles/flux-finder-v1-code-f300.dir/Drivers/STM32F3xx_HAL_Driver/Src/stm32f3xx_hal_tim.c.obj
                0x08007902                HAL_TIM_PeriodElapsedCallback
 .text.HAL_TIM_OC_DelayElapsedCallback
                0x08007916       0x14 CMakeFiles/flux-finder-v1-code-f300.dir/Drivers/STM32F3xx_HAL_Driver/Src/stm32f3xx_hal_tim.c.obj
                0x08007916                HAL_TIM_OC_DelayElapsedCallback
 .text.HAL_TIM_IC_CaptureCallback
                0x0800792a       0x14 CMakeFiles/flux-finder-v1-code-f300.dir/Drivers/STM32F3xx_HAL_Driver/Src/stm32f3xx_hal_tim.c.obj
                0x0800792a                HAL_TIM_IC_CaptureCallback
 .text.HAL_TIM_PWM_PulseFinishedCallback
                0x0800793e       0x14 CMakeFiles/flux-finder-v1-code-f300.dir/Drivers/STM32F3xx_HAL_Driver/Src/stm32f3xx_hal_tim.c.obj
                0x0800793e                HAL_TIM_PWM_PulseFinishedCallback
 .text.HAL_TIM_PWM_PulseFinishedHalfCpltCallback
                0x08007952       0x14 CMakeFiles/flux-finder-v1-code-f300.dir/Drivers/STM32F3xx_HAL_Driver/Src/stm32f3xx_hal_tim.c.obj
                0x08007952                HAL_TIM_PWM_PulseFinishedHalfCpltCallback
 .text.HAL_TIM_TriggerCallback
                0x08007966       0x14 CMakeFiles/flux-finder-v1-code-f300.dir/Drivers/STM32F3xx_HAL_Driver/Src/stm32f3xx_hal_tim.c.obj
                0x08007966                HAL_TIM_TriggerCallback
 .text.HAL_TIM_ErrorCallback
                0x0800797a       0x14 CMakeFiles/flux-finder-v1-code-f300.dir/Drivers/STM32F3xx_HAL_Driver/Src/stm32f3xx_hal_tim.c.obj
                0x0800797a                HAL_TIM_ErrorCallback
 .text.TIM_DMAError
                0x0800798e       0x92 CMakeFiles/flux-finder-v1-code-f300.dir/Drivers/STM32F3xx_HAL_Driver/Src/stm32f3xx_hal_tim.c.obj
                0x0800798e                TIM_DMAError
 .text.TIM_DMADelayPulseCplt
                0x08007a20       0xa8 CMakeFiles/flux-finder-v1-code-f300.dir/Drivers/STM32F3xx_HAL_Driver/Src/stm32f3xx_hal_tim.c.obj
 .text.TIM_DMADelayPulseHalfCplt
                0x08007ac8       0x68 CMakeFiles/flux-finder-v1-code-f300.dir/Drivers/STM32F3xx_HAL_Driver/Src/stm32f3xx_hal_tim.c.obj
                0x08007ac8                TIM_DMADelayPulseHalfCplt
 .text.TIM_Base_SetConfig
                0x08007b30      0x11c CMakeFiles/flux-finder-v1-code-f300.dir/Drivers/STM32F3xx_HAL_Driver/Src/stm32f3xx_hal_tim.c.obj
                0x08007b30                TIM_Base_SetConfig
 .text.TIM_OC1_SetConfig
                0x08007c4c      0x10c CMakeFiles/flux-finder-v1-code-f300.dir/Drivers/STM32F3xx_HAL_Driver/Src/stm32f3xx_hal_tim.c.obj
 .text.TIM_OC2_SetConfig
                0x08007d58      0x100 CMakeFiles/flux-finder-v1-code-f300.dir/Drivers/STM32F3xx_HAL_Driver/Src/stm32f3xx_hal_tim.c.obj
                0x08007d58                TIM_OC2_SetConfig
 .text.TIM_OC3_SetConfig
                0x08007e58       0xfc CMakeFiles/flux-finder-v1-code-f300.dir/Drivers/STM32F3xx_HAL_Driver/Src/stm32f3xx_hal_tim.c.obj
 .text.TIM_OC4_SetConfig
                0x08007f54       0xc8 CMakeFiles/flux-finder-v1-code-f300.dir/Drivers/STM32F3xx_HAL_Driver/Src/stm32f3xx_hal_tim.c.obj
 .text.TIM_OC5_SetConfig
                0x0800801c       0xbc CMakeFiles/flux-finder-v1-code-f300.dir/Drivers/STM32F3xx_HAL_Driver/Src/stm32f3xx_hal_tim.c.obj
 .text.TIM_OC6_SetConfig
                0x080080d8       0xc0 CMakeFiles/flux-finder-v1-code-f300.dir/Drivers/STM32F3xx_HAL_Driver/Src/stm32f3xx_hal_tim.c.obj
 .text.TIM_TI1_ConfigInputStage
                0x08008198       0x5e CMakeFiles/flux-finder-v1-code-f300.dir/Drivers/STM32F3xx_HAL_Driver/Src/stm32f3xx_hal_tim.c.obj
 .text.TIM_TI2_ConfigInputStage
                0x080081f6       0x60 CMakeFiles/flux-finder-v1-code-f300.dir/Drivers/STM32F3xx_HAL_Driver/Src/stm32f3xx_hal_tim.c.obj
 .text.TIM_ITRx_SetConfig
                0x08008256       0x36 CMakeFiles/flux-finder-v1-code-f300.dir/Drivers/STM32F3xx_HAL_Driver/Src/stm32f3xx_hal_tim.c.obj
 .text.TIM_ETR_SetConfig
                0x0800828c       0x40 CMakeFiles/flux-finder-v1-code-f300.dir/Drivers/STM32F3xx_HAL_Driver/Src/stm32f3xx_hal_tim.c.obj
                0x0800828c                TIM_ETR_SetConfig
 .text.TIM_CCxChannelCmd
                0x080082cc       0x4a CMakeFiles/flux-finder-v1-code-f300.dir/Drivers/STM32F3xx_HAL_Driver/Src/stm32f3xx_hal_tim.c.obj
                0x080082cc                TIM_CCxChannelCmd
 *fill*         0x08008316        0x2 
 .text.HAL_TIMEx_MasterConfigSynchronization
                0x08008318       0xe8 CMakeFiles/flux-finder-v1-code-f300.dir/Drivers/STM32F3xx_HAL_Driver/Src/stm32f3xx_hal_tim_ex.c.obj
                0x08008318                HAL_TIMEx_MasterConfigSynchronization
 .text.HAL_TIMEx_CommutCallback
                0x08008400       0x14 CMakeFiles/flux-finder-v1-code-f300.dir/Drivers/STM32F3xx_HAL_Driver/Src/stm32f3xx_hal_tim_ex.c.obj
                0x08008400                HAL_TIMEx_CommutCallback
 .text.HAL_TIMEx_BreakCallback
                0x08008414       0x14 CMakeFiles/flux-finder-v1-code-f300.dir/Drivers/STM32F3xx_HAL_Driver/Src/stm32f3xx_hal_tim_ex.c.obj
                0x08008414                HAL_TIMEx_BreakCallback
 .text.HAL_TIMEx_Break2Callback
                0x08008428       0x14 CMakeFiles/flux-finder-v1-code-f300.dir/Drivers/STM32F3xx_HAL_Driver/Src/stm32f3xx_hal_tim_ex.c.obj
                0x08008428                HAL_TIMEx_Break2Callback
 .text.HAL_UART_Init
                0x0800843c       0x9c CMakeFiles/flux-finder-v1-code-f300.dir/Drivers/STM32F3xx_HAL_Driver/Src/stm32f3xx_hal_uart.c.obj
                0x0800843c                HAL_UART_Init
 .text.HAL_UART_Transmit
                0x080084d8      0x112 CMakeFiles/flux-finder-v1-code-f300.dir/Drivers/STM32F3xx_HAL_Driver/Src/stm32f3xx_hal_uart.c.obj
                0x080084d8                HAL_UART_Transmit
 *fill*         0x080085ea        0x2 
 .text.UART_SetConfig
                0x080085ec      0x3a8 CMakeFiles/flux-finder-v1-code-f300.dir/Drivers/STM32F3xx_HAL_Driver/Src/stm32f3xx_hal_uart.c.obj
                0x080085ec                UART_SetConfig
 .text.UART_AdvFeatureConfig
                0x08008994      0x144 CMakeFiles/flux-finder-v1-code-f300.dir/Drivers/STM32F3xx_HAL_Driver/Src/stm32f3xx_hal_uart.c.obj
                0x08008994                UART_AdvFeatureConfig
 .text.UART_CheckIdleState
                0x08008ad8      0x150 CMakeFiles/flux-finder-v1-code-f300.dir/Drivers/STM32F3xx_HAL_Driver/Src/stm32f3xx_hal_uart.c.obj
                0x08008ad8                UART_CheckIdleState
 .text.UART_WaitOnFlagUntilTimeout
                0x08008c28       0xda CMakeFiles/flux-finder-v1-code-f300.dir/Drivers/STM32F3xx_HAL_Driver/Src/stm32f3xx_hal_uart.c.obj
                0x08008c28                UART_WaitOnFlagUntilTimeout
 .text.UART_EndRxTransfer
                0x08008d02       0xc8 CMakeFiles/flux-finder-v1-code-f300.dir/Drivers/STM32F3xx_HAL_Driver/Src/stm32f3xx_hal_uart.c.obj
 *fill*         0x08008dca        0x2 
 .text.SystemInit
                0x08008dcc       0x24 CMakeFiles/flux-finder-v1-code-f300.dir/Core/Src/system_stm32f3xx.c.obj
                0x08008dcc                SystemInit
 .text.disk_status
                0x08008df0       0x34 CMakeFiles/flux-finder-v1-code-f300.dir/Middlewares/Third_Party/FatFs/src/diskio.c.obj
                0x08008df0                disk_status
 .text.disk_initialize
                0x08008e24       0x4c CMakeFiles/flux-finder-v1-code-f300.dir/Middlewares/Third_Party/FatFs/src/diskio.c.obj
                0x08008e24                disk_initialize
 .text.disk_read
                0x08008e70       0x40 CMakeFiles/flux-finder-v1-code-f300.dir/Middlewares/Third_Party/FatFs/src/diskio.c.obj
                0x08008e70                disk_read
 .text.disk_write
                0x08008eb0       0x40 CMakeFiles/flux-finder-v1-code-f300.dir/Middlewares/Third_Party/FatFs/src/diskio.c.obj
                0x08008eb0                disk_write
 .text.disk_ioctl
                0x08008ef0       0x3c CMakeFiles/flux-finder-v1-code-f300.dir/Middlewares/Third_Party/FatFs/src/diskio.c.obj
                0x08008ef0                disk_ioctl
 .text.mem_cpy  0x08008f2c       0x3e CMakeFiles/flux-finder-v1-code-f300.dir/Middlewares/Third_Party/FatFs/src/ff.c.obj
 .text.mem_set  0x08008f6a       0x36 CMakeFiles/flux-finder-v1-code-f300.dir/Middlewares/Third_Party/FatFs/src/ff.c.obj
 .text.mem_cmp  0x08008fa0       0x4e CMakeFiles/flux-finder-v1-code-f300.dir/Middlewares/Third_Party/FatFs/src/ff.c.obj
 .text.chk_chr  0x08008fee       0x36 CMakeFiles/flux-finder-v1-code-f300.dir/Middlewares/Third_Party/FatFs/src/ff.c.obj
 .text.chk_lock
                0x08009024       0xdc CMakeFiles/flux-finder-v1-code-f300.dir/Middlewares/Third_Party/FatFs/src/ff.c.obj
 .text.enq_lock
                0x08009100       0x48 CMakeFiles/flux-finder-v1-code-f300.dir/Middlewares/Third_Party/FatFs/src/ff.c.obj
 .text.inc_lock
                0x08009148      0x170 CMakeFiles/flux-finder-v1-code-f300.dir/Middlewares/Third_Party/FatFs/src/ff.c.obj
 .text.dec_lock
                0x080092b8       0x88 CMakeFiles/flux-finder-v1-code-f300.dir/Middlewares/Third_Party/FatFs/src/ff.c.obj
 .text.clear_lock
                0x08009340       0x54 CMakeFiles/flux-finder-v1-code-f300.dir/Middlewares/Third_Party/FatFs/src/ff.c.obj
 .text.sync_window
                0x08009394       0x92 CMakeFiles/flux-finder-v1-code-f300.dir/Middlewares/Third_Party/FatFs/src/ff.c.obj
 .text.move_window
                0x08009426       0x5c CMakeFiles/flux-finder-v1-code-f300.dir/Middlewares/Third_Party/FatFs/src/ff.c.obj
 .text.sync_fs  0x08009482      0x15a CMakeFiles/flux-finder-v1-code-f300.dir/Middlewares/Third_Party/FatFs/src/ff.c.obj
 .text.clust2sect
                0x080095dc       0x44 CMakeFiles/flux-finder-v1-code-f300.dir/Middlewares/Third_Party/FatFs/src/ff.c.obj
                0x080095dc                clust2sect
 .text.get_fat  0x08009620      0x172 CMakeFiles/flux-finder-v1-code-f300.dir/Middlewares/Third_Party/FatFs/src/ff.c.obj
                0x08009620                get_fat
 .text.put_fat  0x08009792      0x21c CMakeFiles/flux-finder-v1-code-f300.dir/Middlewares/Third_Party/FatFs/src/ff.c.obj
                0x08009792                put_fat
 .text.remove_chain
                0x080099ae       0xb4 CMakeFiles/flux-finder-v1-code-f300.dir/Middlewares/Third_Party/FatFs/src/ff.c.obj
 .text.create_chain
                0x08009a62      0x13a CMakeFiles/flux-finder-v1-code-f300.dir/Middlewares/Third_Party/FatFs/src/ff.c.obj
 .text.clmt_clust
                0x08009b9c       0x6a CMakeFiles/flux-finder-v1-code-f300.dir/Middlewares/Third_Party/FatFs/src/ff.c.obj
 .text.dir_sdi  0x08009c06      0x128 CMakeFiles/flux-finder-v1-code-f300.dir/Middlewares/Third_Party/FatFs/src/ff.c.obj
 .text.dir_next
                0x08009d2e      0x1ee CMakeFiles/flux-finder-v1-code-f300.dir/Middlewares/Third_Party/FatFs/src/ff.c.obj
 .text.dir_alloc
                0x08009f1c       0x94 CMakeFiles/flux-finder-v1-code-f300.dir/Middlewares/Third_Party/FatFs/src/ff.c.obj
 .text.ld_clust
                0x08009fb0       0x5c CMakeFiles/flux-finder-v1-code-f300.dir/Middlewares/Third_Party/FatFs/src/ff.c.obj
 .text.st_clust
                0x0800a00c       0x4e CMakeFiles/flux-finder-v1-code-f300.dir/Middlewares/Third_Party/FatFs/src/ff.c.obj
 .text.dir_find
                0x0800a05a       0x9e CMakeFiles/flux-finder-v1-code-f300.dir/Middlewares/Third_Party/FatFs/src/ff.c.obj
 .text.dir_read
                0x0800a0f8       0xbe CMakeFiles/flux-finder-v1-code-f300.dir/Middlewares/Third_Party/FatFs/src/ff.c.obj
 .text.dir_register
                0x0800a1b6       0x72 CMakeFiles/flux-finder-v1-code-f300.dir/Middlewares/Third_Party/FatFs/src/ff.c.obj
 .text.get_fileinfo
                0x0800a228       0xe4 CMakeFiles/flux-finder-v1-code-f300.dir/Middlewares/Third_Party/FatFs/src/ff.c.obj
 .text.create_name
                0x0800a30c      0x180 CMakeFiles/flux-finder-v1-code-f300.dir/Middlewares/Third_Party/FatFs/src/ff.c.obj
 .text.follow_path
                0x0800a48c       0xdc CMakeFiles/flux-finder-v1-code-f300.dir/Middlewares/Third_Party/FatFs/src/ff.c.obj
 .text.get_ldnumber
                0x0800a568       0x88 CMakeFiles/flux-finder-v1-code-f300.dir/Middlewares/Third_Party/FatFs/src/ff.c.obj
 .text.check_fs
                0x0800a5f0       0xd4 CMakeFiles/flux-finder-v1-code-f300.dir/Middlewares/Third_Party/FatFs/src/ff.c.obj
 .text.find_volume
                0x0800a6c4      0x590 CMakeFiles/flux-finder-v1-code-f300.dir/Middlewares/Third_Party/FatFs/src/ff.c.obj
 .text.validate
                0x0800ac54       0x66 CMakeFiles/flux-finder-v1-code-f300.dir/Middlewares/Third_Party/FatFs/src/ff.c.obj
 *fill*         0x0800acba        0x2 
 .text.f_mount  0x0800acbc       0x90 CMakeFiles/flux-finder-v1-code-f300.dir/Middlewares/Third_Party/FatFs/src/ff.c.obj
                0x0800acbc                f_mount
 .text.f_open   0x0800ad4c      0x4ea CMakeFiles/flux-finder-v1-code-f300.dir/Middlewares/Third_Party/FatFs/src/ff.c.obj
                0x0800ad4c                f_open
 .text.f_read   0x0800b236      0x2d6 CMakeFiles/flux-finder-v1-code-f300.dir/Middlewares/Third_Party/FatFs/src/ff.c.obj
                0x0800b236                f_read
 .text.f_write  0x0800b50c      0x35a CMakeFiles/flux-finder-v1-code-f300.dir/Middlewares/Third_Party/FatFs/src/ff.c.obj
                0x0800b50c                f_write
 .text.f_sync   0x0800b866      0x174 CMakeFiles/flux-finder-v1-code-f300.dir/Middlewares/Third_Party/FatFs/src/ff.c.obj
                0x0800b866                f_sync
 .text.f_close  0x0800b9da       0x50 CMakeFiles/flux-finder-v1-code-f300.dir/Middlewares/Third_Party/FatFs/src/ff.c.obj
                0x0800b9da                f_close
 .text.f_opendir
                0x0800ba2a      0x104 CMakeFiles/flux-finder-v1-code-f300.dir/Middlewares/Third_Party/FatFs/src/ff.c.obj
                0x0800ba2a                f_opendir
 .text.f_closedir
                0x0800bb2e       0x4a CMakeFiles/flux-finder-v1-code-f300.dir/Middlewares/Third_Party/FatFs/src/ff.c.obj
                0x0800bb2e                f_closedir
 .text.f_readdir
                0x0800bb78       0x8c CMakeFiles/flux-finder-v1-code-f300.dir/Middlewares/Third_Party/FatFs/src/ff.c.obj
                0x0800bb78                f_readdir
 .text.f_getfree
                0x0800bc04      0x19a CMakeFiles/flux-finder-v1-code-f300.dir/Middlewares/Third_Party/FatFs/src/ff.c.obj
                0x0800bc04                f_getfree
 *fill*         0x0800bd9e        0x2 
 .text.FATFS_LinkDriverEx
                0x0800bda0       0x98 CMakeFiles/flux-finder-v1-code-f300.dir/Middlewares/Third_Party/FatFs/src/ff_gen_drv.c.obj
                0x0800bda0                FATFS_LinkDriverEx
 .text.FATFS_LinkDriver
                0x0800be38       0x1e CMakeFiles/flux-finder-v1-code-f300.dir/Middlewares/Third_Party/FatFs/src/ff_gen_drv.c.obj
                0x0800be38                FATFS_LinkDriver
 *fill*         0x0800be56        0x2 
 .text._sbrk    0x0800be58       0x6c CMakeFiles/flux-finder-v1-code-f300.dir/Core/Src/sysmem.c.obj
                0x0800be58                _sbrk
 .text.Reset_Handler
                0x0800bec4       0x50 CMakeFiles/flux-finder-v1-code-f300.dir/startup_stm32f302xc.s.obj
                0x0800bec4                Reset_Handler
 .text.Default_Handler
                0x0800bf14        0x2 CMakeFiles/flux-finder-v1-code-f300.dir/startup_stm32f302xc.s.obj
                0x0800bf14                RTC_Alarm_IRQHandler
                0x0800bf14                USB_HP_IRQHandler
                0x0800bf14                PVD_IRQHandler
                0x0800bf14                TAMP_STAMP_IRQHandler
                0x0800bf14                EXTI3_IRQHandler
                0x0800bf14                USB_HP_CAN_TX_IRQHandler
                0x0800bf14                EXTI0_IRQHandler
                0x0800bf14                I2C2_EV_IRQHandler
                0x0800bf14                FPU_IRQHandler
                0x0800bf14                SPI1_IRQHandler
                0x0800bf14                CAN_SCE_IRQHandler
                0x0800bf14                DMA2_Channel2_IRQHandler
                0x0800bf14                DMA1_Channel4_IRQHandler
                0x0800bf14                USART3_IRQHandler
                0x0800bf14                DMA1_Channel7_IRQHandler
                0x0800bf14                UART5_IRQHandler
                0x0800bf14                TIM4_IRQHandler
                0x0800bf14                CAN_RX1_IRQHandler
                0x0800bf14                DMA2_Channel1_IRQHandler
                0x0800bf14                I2C1_EV_IRQHandler
                0x0800bf14                DMA1_Channel6_IRQHandler
                0x0800bf14                UART4_IRQHandler
                0x0800bf14                DMA2_Channel4_IRQHandler
                0x0800bf14                RCC_IRQHandler
                0x0800bf14                DMA1_Channel1_IRQHandler
                0x0800bf14                Default_Handler
                0x0800bf14                USBWakeUp_RMP_IRQHandler
                0x0800bf14                EXTI9_5_IRQHandler
                0x0800bf14                RTC_WKUP_IRQHandler
                0x0800bf14                SPI2_IRQHandler
                0x0800bf14                USB_LP_CAN_RX0_IRQHandler
                0x0800bf14                DMA2_Channel5_IRQHandler
                0x0800bf14                DMA1_Channel5_IRQHandler
                0x0800bf14                USB_LP_IRQHandler
                0x0800bf14                EXTI4_IRQHandler
                0x0800bf14                COMP1_2_IRQHandler
                0x0800bf14                WWDG_IRQHandler
                0x0800bf14                TIM2_IRQHandler
                0x0800bf14                EXTI1_IRQHandler
                0x0800bf14                COMP4_6_IRQHandler
                0x0800bf14                USART2_IRQHandler
                0x0800bf14                I2C2_ER_IRQHandler
                0x0800bf14                DMA1_Channel2_IRQHandler
                0x0800bf14                FLASH_IRQHandler
                0x0800bf14                USART1_IRQHandler
                0x0800bf14                SPI3_IRQHandler
                0x0800bf14                I2C1_ER_IRQHandler
                0x0800bf14                USBWakeUp_IRQHandler
                0x0800bf14                DMA2_Channel3_IRQHandler
                0x0800bf14                EXTI2_TSC_IRQHandler
 *fill*         0x0800bf16        0x2 
 .text.snprintf
                0x0800bf18       0x68 C:/ST/STM32CubeCLT_1.15.0/GNU-tools-for-STM32/bin/../lib/gcc/arm-none-eabi/12.3.1/../../../../arm-none-eabi/lib/thumb/v7e-m+fp/hard\libg_nano.a(libc_a-snprintf.o)
                0x0800bf18                sniprintf
                0x0800bf18                snprintf
 .text._vsnprintf_r
                0x0800bf80       0x56 C:/ST/STM32CubeCLT_1.15.0/GNU-tools-for-STM32/bin/../lib/gcc/arm-none-eabi/12.3.1/../../../../arm-none-eabi/lib/thumb/v7e-m+fp/hard\libg_nano.a(libc_a-vsnprintf.o)
                0x0800bf80                _vsniprintf_r
                0x0800bf80                _vsnprintf_r
 *fill*         0x0800bfd6        0x2 
 .text.vsnprintf
                0x0800bfd8       0x1c C:/ST/STM32CubeCLT_1.15.0/GNU-tools-for-STM32/bin/../lib/gcc/arm-none-eabi/12.3.1/../../../../arm-none-eabi/lib/thumb/v7e-m+fp/hard\libg_nano.a(libc_a-vsnprintf.o)
                0x0800bfd8                vsniprintf
                0x0800bfd8                vsnprintf
 .text.__errno  0x0800bff4        0xc C:/ST/STM32CubeCLT_1.15.0/GNU-tools-for-STM32/bin/../lib/gcc/arm-none-eabi/12.3.1/../../../../arm-none-eabi/lib/thumb/v7e-m+fp/hard\libg_nano.a(libc_a-errno.o)
                0x0800bff4                __errno
 .text.memcpy   0x0800c000       0x1c C:/ST/STM32CubeCLT_1.15.0/GNU-tools-for-STM32/bin/../lib/gcc/arm-none-eabi/12.3.1/../../../../arm-none-eabi/lib/thumb/v7e-m+fp/hard\libg_nano.a(libc_a-memcpy-stub.o)
                0x0800c000                memcpy
 .text.__ssputs_r
                0x0800c01c       0xb6 C:/ST/STM32CubeCLT_1.15.0/GNU-tools-for-STM32/bin/../lib/gcc/arm-none-eabi/12.3.1/../../../../arm-none-eabi/lib/thumb/v7e-m+fp/hard\libg_nano.a(libc_a-nano-svfprintf.o)
                0x0800c01c                __ssputs_r
 *fill*         0x0800c0d2        0x2 
 .text._svfprintf_r
                0x0800c0d4      0x1f8 C:/ST/STM32CubeCLT_1.15.0/GNU-tools-for-STM32/bin/../lib/gcc/arm-none-eabi/12.3.1/../../../../arm-none-eabi/lib/thumb/v7e-m+fp/hard\libg_nano.a(libc_a-nano-svfprintf.o)
                0x0800c0d4                _svfiprintf_r
                0x0800c0d4                _svfprintf_r
 .text._printf_common
                0x0800c2cc       0xda C:/ST/STM32CubeCLT_1.15.0/GNU-tools-for-STM32/bin/../lib/gcc/arm-none-eabi/12.3.1/../../../../arm-none-eabi/lib/thumb/v7e-m+fp/hard\libg_nano.a(libc_a-nano-vfprintf_i.o)
                0x0800c2cc                _printf_common
 *fill*         0x0800c3a6        0x2 
 .text._printf_i
                0x0800c3a8      0x240 C:/ST/STM32CubeCLT_1.15.0/GNU-tools-for-STM32/bin/../lib/gcc/arm-none-eabi/12.3.1/../../../../arm-none-eabi/lib/thumb/v7e-m+fp/hard\libg_nano.a(libc_a-nano-vfprintf_i.o)
                0x0800c3a8                _printf_i
 .text.memmove  0x0800c5e8       0x34 C:/ST/STM32CubeCLT_1.15.0/GNU-tools-for-STM32/bin/../lib/gcc/arm-none-eabi/12.3.1/../../../../arm-none-eabi/lib/thumb/v7e-m+fp/hard\libg_nano.a(libc_a-memmove.o)
                0x0800c5e8                memmove
 .text._realloc_r
                0x0800c61c       0x5c C:/ST/STM32CubeCLT_1.15.0/GNU-tools-for-STM32/bin/../lib/gcc/arm-none-eabi/12.3.1/../../../../arm-none-eabi/lib/thumb/v7e-m+fp/hard\libg_nano.a(libc_a-reallocr.o)
                0x0800c61c                _realloc_r
 .text._malloc_usable_size_r
                0x0800c678       0x10 C:/ST/STM32CubeCLT_1.15.0/GNU-tools-for-STM32/bin/../lib/gcc/arm-none-eabi/12.3.1/../../../../arm-none-eabi/lib/thumb/v7e-m+fp/hard\libg_nano.a(libc_a-msizer.o)
                0x0800c678                _malloc_usable_size_r
 *(.glue_7)
 .glue_7        0x0800c688        0x0 linker stubs
 *(.glue_7t)
 .glue_7t       0x0800c688        0x0 linker stubs
 *(.eh_frame)
 .eh_frame      0x0800c688        0x0 C:/ST/STM32CubeCLT_1.15.0/GNU-tools-for-STM32/bin/../lib/gcc/arm-none-eabi/12.3.1/thumb/v7e-m+fp/hard/crtbegin.o
 *(.init)
 .init          0x0800c688        0x4 C:/ST/STM32CubeCLT_1.15.0/GNU-tools-for-STM32/bin/../lib/gcc/arm-none-eabi/12.3.1/thumb/v7e-m+fp/hard/crti.o
                0x0800c688                _init
 .init          0x0800c68c        0x8 C:/ST/STM32CubeCLT_1.15.0/GNU-tools-for-STM32/bin/../lib/gcc/arm-none-eabi/12.3.1/thumb/v7e-m+fp/hard/crtn.o
 *(.fini)
 .fini          0x0800c694        0x4 C:/ST/STM32CubeCLT_1.15.0/GNU-tools-for-STM32/bin/../lib/gcc/arm-none-eabi/12.3.1/thumb/v7e-m+fp/hard/crti.o
                0x0800c694                _fini
 .fini          0x0800c698        0x8 C:/ST/STM32CubeCLT_1.15.0/GNU-tools-for-STM32/bin/../lib/gcc/arm-none-eabi/12.3.1/thumb/v7e-m+fp/hard/crtn.o
                0x0800c6a0                        . = ALIGN (0x4)
                0x0800c6a0                        _etext = .

.vfp11_veneer   0x0800c6a0        0x0
 .vfp11_veneer  0x0800c6a0        0x0 linker stubs

.v4_bx          0x0800c6a0        0x0
 .v4_bx         0x0800c6a0        0x0 linker stubs

.iplt           0x0800c6a0        0x0
 .iplt          0x0800c6a0        0x0 C:/ST/STM32CubeCLT_1.15.0/GNU-tools-for-STM32/bin/../lib/gcc/arm-none-eabi/12.3.1/thumb/v7e-m+fp/hard/crtbegin.o

.rodata         0x0800c6a0      0x5c4
                0x0800c6a0                        . = ALIGN (0x4)
 *(.rodata)
 .rodata        0x0800c6a0      0x473 CMakeFiles/flux-finder-v1-code-f300.dir/Core/Src/main.c.obj
 *fill*         0x0800cb13        0x1 
 .rodata        0x0800cb14       0x44 CMakeFiles/flux-finder-v1-code-f300.dir/Middlewares/Third_Party/FatFs/src/ff.c.obj
 *(.rodata*)
 .rodata.pxs    0x0800cb58       0x20 CMakeFiles/flux-finder-v1-code-f300.dir/Core/Src/frame_converter.c.obj
 .rodata.aPLLMULFactorTable
                0x0800cb78       0x10 CMakeFiles/flux-finder-v1-code-f300.dir/Drivers/STM32F3xx_HAL_Driver/Src/stm32f3xx_hal_rcc.c.obj
 .rodata.aPredivFactorTable
                0x0800cb88       0x10 CMakeFiles/flux-finder-v1-code-f300.dir/Drivers/STM32F3xx_HAL_Driver/Src/stm32f3xx_hal_rcc.c.obj
 .rodata.AHBPrescTable
                0x0800cb98       0x10 CMakeFiles/flux-finder-v1-code-f300.dir/Core/Src/system_stm32f3xx.c.obj
                0x0800cb98                AHBPrescTable
 .rodata.APBPrescTable
                0x0800cba8        0x8 CMakeFiles/flux-finder-v1-code-f300.dir/Core/Src/system_stm32f3xx.c.obj
                0x0800cba8                APBPrescTable
 .rodata.ExCvt  0x0800cbb0       0x80 CMakeFiles/flux-finder-v1-code-f300.dir/Middlewares/Third_Party/FatFs/src/ff.c.obj
 .rodata._svfprintf_r.str1.1
                0x0800cc30       0x11 C:/ST/STM32CubeCLT_1.15.0/GNU-tools-for-STM32/bin/../lib/gcc/arm-none-eabi/12.3.1/../../../../arm-none-eabi/lib/thumb/v7e-m+fp/hard\libg_nano.a(libc_a-nano-svfprintf.o)
 .rodata._printf_i.str1.1
                0x0800cc41       0x22 C:/ST/STM32CubeCLT_1.15.0/GNU-tools-for-STM32/bin/../lib/gcc/arm-none-eabi/12.3.1/../../../../arm-none-eabi/lib/thumb/v7e-m+fp/hard\libg_nano.a(libc_a-nano-vfprintf_i.o)
                0x0800cc64                        . = ALIGN (0x4)
 *fill*         0x0800cc63        0x1 

.ARM.extab
 *(.ARM.extab* .gnu.linkonce.armextab.*)

.ARM            0x0800cc64        0x8
                0x0800cc64                        __exidx_start = .
 *(.ARM.exidx*)
 .ARM.exidx     0x0800cc64        0x8 C:/ST/STM32CubeCLT_1.15.0/GNU-tools-for-STM32/bin/../lib/gcc/arm-none-eabi/12.3.1/../../../../arm-none-eabi/lib/thumb/v7e-m+fp/hard\libg_nano.a(libc_a-strlen.o)
 .ARM.exidx     0x0800cc6c        0x0 C:/ST/STM32CubeCLT_1.15.0/GNU-tools-for-STM32/bin/../lib/gcc/arm-none-eabi/12.3.1/../../../../arm-none-eabi/lib/thumb/v7e-m+fp/hard\libg_nano.a(libc_a-memchr.o)
                                  0x8 (size before relaxing)
                0x0800cc6c                        __exidx_end = .

.rel.dyn        0x0800cc6c        0x0
 .rel.iplt      0x0800cc6c        0x0 C:/ST/STM32CubeCLT_1.15.0/GNU-tools-for-STM32/bin/../lib/gcc/arm-none-eabi/12.3.1/thumb/v7e-m+fp/hard/crtbegin.o

.preinit_array  0x0800cc6c        0x0
                0x0800cc6c                        PROVIDE (__preinit_array_start = .)
 *(.preinit_array*)
                0x0800cc6c                        PROVIDE (__preinit_array_end = .)

.init_array     0x0800cc6c        0x4
                0x0800cc6c                        PROVIDE (__init_array_start = .)
 *(SORT_BY_NAME(.init_array.*))
 *(.init_array*)
 .init_array    0x0800cc6c        0x4 C:/ST/STM32CubeCLT_1.15.0/GNU-tools-for-STM32/bin/../lib/gcc/arm-none-eabi/12.3.1/thumb/v7e-m+fp/hard/crtbegin.o
                0x0800cc70                        PROVIDE (__init_array_end = .)

.fini_array     0x0800cc70        0x4
                [!provide]                        PROVIDE (__fini_array_start = .)
 *(SORT_BY_NAME(.fini_array.*))
 *(.fini_array*)
 .fini_array    0x0800cc70        0x4 C:/ST/STM32CubeCLT_1.15.0/GNU-tools-for-STM32/bin/../lib/gcc/arm-none-eabi/12.3.1/thumb/v7e-m+fp/hard/crtbegin.o
                [!provide]                        PROVIDE (__fini_array_end = .)
                0x0800cc74                        _sidata = LOADADDR (.data)

.data           0x20000000       0x74 load address 0x0800cc74
                0x20000000                        . = ALIGN (0x4)
                0x20000000                        _sdata = .
 *(.data)
 *(.data*)
 .data._impure_ptr
                0x20000000        0x4 C:/ST/STM32CubeCLT_1.15.0/GNU-tools-for-STM32/bin/../lib/gcc/arm-none-eabi/12.3.1/../../../../arm-none-eabi/lib/thumb/v7e-m+fp/hard\libc_nano.a(libc_a-impure.o)
                0x20000000                _impure_ptr
 .data._impure_data
                0x20000004       0x4c C:/ST/STM32CubeCLT_1.15.0/GNU-tools-for-STM32/bin/../lib/gcc/arm-none-eabi/12.3.1/../../../../arm-none-eabi/lib/thumb/v7e-m+fp/hard\libc_nano.a(libc_a-impure.o)
                0x20000004                _impure_data
 .data.Stat     0x20000050        0x1 CMakeFiles/flux-finder-v1-code-f300.dir/Core/Src/user_diskio_spi.c.obj
 *fill*         0x20000051        0x3 
 .data.USER_Driver
                0x20000054       0x14 CMakeFiles/flux-finder-v1-code-f300.dir/FATFS/Target/user_diskio.c.obj
                0x20000054                USER_Driver
 .data.uwTickPrio
                0x20000068        0x4 CMakeFiles/flux-finder-v1-code-f300.dir/Drivers/STM32F3xx_HAL_Driver/Src/stm32f3xx_hal.c.obj
                0x20000068                uwTickPrio
 .data.uwTickFreq
                0x2000006c        0x1 CMakeFiles/flux-finder-v1-code-f300.dir/Drivers/STM32F3xx_HAL_Driver/Src/stm32f3xx_hal.c.obj
                0x2000006c                uwTickFreq
 *fill*         0x2000006d        0x3 
 .data.SystemCoreClock
                0x20000070        0x4 CMakeFiles/flux-finder-v1-code-f300.dir/Core/Src/system_stm32f3xx.c.obj
                0x20000070                SystemCoreClock
                0x20000074                        . = ALIGN (0x4)
                0x20000074                        _edata = .

.igot.plt       0x20000074        0x0 load address 0x0800cce8
 .igot.plt      0x20000074        0x0 C:/ST/STM32CubeCLT_1.15.0/GNU-tools-for-STM32/bin/../lib/gcc/arm-none-eabi/12.3.1/thumb/v7e-m+fp/hard/crtbegin.o
                0x20000074                        . = ALIGN (0x4)

.bss            0x20000074     0x32b8 load address 0x0800cce8
                0x20000074                        _sbss = .
                0x20000074                        __bss_start__ = _sbss
 *(.bss)
 .bss           0x20000074       0x1c C:/ST/STM32CubeCLT_1.15.0/GNU-tools-for-STM32/bin/../lib/gcc/arm-none-eabi/12.3.1/thumb/v7e-m+fp/hard/crtbegin.o
 *(.bss*)
 .bss.__sf      0x20000090      0x138 C:/ST/STM32CubeCLT_1.15.0/GNU-tools-for-STM32/bin/../lib/gcc/arm-none-eabi/12.3.1/../../../../arm-none-eabi/lib/thumb/v7e-m+fp/hard\libc_nano.a(libc_a-findfp.o)
                0x20000090                __sf
 .bss.errno     0x200001c8        0x4 C:/ST/STM32CubeCLT_1.15.0/GNU-tools-for-STM32/bin/../lib/gcc/arm-none-eabi/12.3.1/../../../../arm-none-eabi/lib/thumb/v7e-m+fp/hard\libc_nano.a(libc_a-reent.o)
                0x200001c8                errno
 .bss.__lock___malloc_recursive_mutex
                0x200001cc        0x1 C:/ST/STM32CubeCLT_1.15.0/GNU-tools-for-STM32/bin/../lib/gcc/arm-none-eabi/12.3.1/../../../../arm-none-eabi/lib/thumb/v7e-m+fp/hard\libc_nano.a(libc_a-lock.o)
                0x200001cc                __lock___malloc_recursive_mutex
 *fill*         0x200001cd        0x3 
 .bss.__malloc_sbrk_start
                0x200001d0        0x4 C:/ST/STM32CubeCLT_1.15.0/GNU-tools-for-STM32/bin/../lib/gcc/arm-none-eabi/12.3.1/../../../../arm-none-eabi/lib/thumb/v7e-m+fp/hard\libc_nano.a(libc_a-mallocr.o)
                0x200001d0                __malloc_sbrk_start
 .bss.__malloc_free_list
                0x200001d4        0x4 C:/ST/STM32CubeCLT_1.15.0/GNU-tools-for-STM32/bin/../lib/gcc/arm-none-eabi/12.3.1/../../../../arm-none-eabi/lib/thumb/v7e-m+fp/hard\libc_nano.a(libc_a-mallocr.o)
                0x200001d4                __malloc_free_list
 .bss.dma_buf   0x200001d8     0x2a60 CMakeFiles/flux-finder-v1-code-f300.dir/Core/Src/frame_converter.c.obj
                0x200001d8                dma_buf
 .bss.frame_pxs
                0x20002c38      0x1c4 CMakeFiles/flux-finder-v1-code-f300.dir/Core/Src/frame_converter.c.obj
                0x20002c38                frame_pxs
 .bss.CardType  0x20002dfc        0x1 CMakeFiles/flux-finder-v1-code-f300.dir/Core/Src/user_diskio_spi.c.obj
 *fill*         0x20002dfd        0x3 
 .bss.spiTimerTickStart
                0x20002e00        0x4 CMakeFiles/flux-finder-v1-code-f300.dir/Core/Src/user_diskio_spi.c.obj
                0x20002e00                spiTimerTickStart
 .bss.spiTimerTickDelay
                0x20002e04        0x4 CMakeFiles/flux-finder-v1-code-f300.dir/Core/Src/user_diskio_spi.c.obj
                0x20002e04                spiTimerTickDelay
 .bss.g_ms_count
                0x20002e08        0x4 CMakeFiles/flux-finder-v1-code-f300.dir/Core/Src/main.c.obj
                0x20002e08                g_ms_count
 .bss.g_btn0_time
                0x20002e0c        0x4 CMakeFiles/flux-finder-v1-code-f300.dir/Core/Src/main.c.obj
                0x20002e0c                g_btn0_time
 .bss.g_btn1_time
                0x20002e10        0x4 CMakeFiles/flux-finder-v1-code-f300.dir/Core/Src/main.c.obj
                0x20002e10                g_btn1_time
 .bss.g_btn2_time
                0x20002e14        0x4 CMakeFiles/flux-finder-v1-code-f300.dir/Core/Src/main.c.obj
                0x20002e14                g_btn2_time
 .bss.g_btn0_state
                0x20002e18        0x1 CMakeFiles/flux-finder-v1-code-f300.dir/Core/Src/main.c.obj
                0x20002e18                g_btn0_state
 .bss.g_btn1_state
                0x20002e19        0x1 CMakeFiles/flux-finder-v1-code-f300.dir/Core/Src/main.c.obj
                0x20002e19                g_btn1_state
 .bss.g_btn2_state
                0x20002e1a        0x1 CMakeFiles/flux-finder-v1-code-f300.dir/Core/Src/main.c.obj
                0x20002e1a                g_btn2_state
 *fill*         0x20002e1b        0x1 
 .bss.hall_readings
                0x20002e1c       0xe2 CMakeFiles/flux-finder-v1-code-f300.dir/Core/Src/main.c.obj
                0x20002e1c                hall_readings
 *fill*         0x20002efe        0x2 
 .bss.hall_readings_idle
                0x20002f00       0xe2 CMakeFiles/flux-finder-v1-code-f300.dir/Core/Src/main.c.obj
                0x20002f00                hall_readings_idle
 *fill*         0x20002fe2        0x2 
 .bss.hadc1     0x20002fe4       0x50 CMakeFiles/flux-finder-v1-code-f300.dir/Core/Src/main.c.obj
                0x20002fe4                hadc1
 .bss.hadc2     0x20003034       0x50 CMakeFiles/flux-finder-v1-code-f300.dir/Core/Src/main.c.obj
                0x20003034                hadc2
 .bss.hi2c1     0x20003084       0x54 CMakeFiles/flux-finder-v1-code-f300.dir/Core/Src/main.c.obj
                0x20003084                hi2c1
 .bss.hspi2     0x200030d8       0x64 CMakeFiles/flux-finder-v1-code-f300.dir/Core/Src/main.c.obj
                0x200030d8                hspi2
 .bss.htim1     0x2000313c       0x4c CMakeFiles/flux-finder-v1-code-f300.dir/Core/Src/main.c.obj
                0x2000313c                htim1
 .bss.htim3     0x20003188       0x4c CMakeFiles/flux-finder-v1-code-f300.dir/Core/Src/main.c.obj
                0x20003188                htim3
 .bss.htim6     0x200031d4       0x4c CMakeFiles/flux-finder-v1-code-f300.dir/Core/Src/main.c.obj
                0x200031d4                htim6
 .bss.hdma_tim3_ch4_up
                0x20003220       0x44 CMakeFiles/flux-finder-v1-code-f300.dir/Core/Src/main.c.obj
                0x20003220                hdma_tim3_ch4_up
 .bss.huart1    0x20003264       0x88 CMakeFiles/flux-finder-v1-code-f300.dir/Core/Src/main.c.obj
                0x20003264                huart1
 .bss.HAL_RCC_ADC12_CLK_ENABLED
                0x200032ec        0x4 CMakeFiles/flux-finder-v1-code-f300.dir/Core/Src/stm32f3xx_hal_msp.c.obj
 .bss.retUSER   0x200032f0        0x1 CMakeFiles/flux-finder-v1-code-f300.dir/FATFS/App/fatfs.c.obj
                0x200032f0                retUSER
 *fill*         0x200032f1        0x3 
 .bss.USERPath  0x200032f4        0x4 CMakeFiles/flux-finder-v1-code-f300.dir/FATFS/App/fatfs.c.obj
                0x200032f4                USERPath
 .bss.uwTick    0x200032f8        0x4 CMakeFiles/flux-finder-v1-code-f300.dir/Drivers/STM32F3xx_HAL_Driver/Src/stm32f3xx_hal.c.obj
                0x200032f8                uwTick
 .bss.FatFs     0x200032fc        0x4 CMakeFiles/flux-finder-v1-code-f300.dir/Middlewares/Third_Party/FatFs/src/ff.c.obj
 .bss.Fsid      0x20003300        0x2 CMakeFiles/flux-finder-v1-code-f300.dir/Middlewares/Third_Party/FatFs/src/ff.c.obj
 *fill*         0x20003302        0x2 
 .bss.Files     0x20003304       0x18 CMakeFiles/flux-finder-v1-code-f300.dir/Middlewares/Third_Party/FatFs/src/ff.c.obj
 .bss.disk      0x2000331c        0xc CMakeFiles/flux-finder-v1-code-f300.dir/Middlewares/Third_Party/FatFs/src/ff_gen_drv.c.obj
                0x2000331c                disk
 .bss.__sbrk_heap_end
                0x20003328        0x4 CMakeFiles/flux-finder-v1-code-f300.dir/Core/Src/sysmem.c.obj
 *(COMMON)
                0x2000332c                        . = ALIGN (0x4)
                0x2000332c                        _ebss = .
                0x2000332c                        __bss_end__ = _ebss

._user_heap_stack
                0x2000332c      0x604 load address 0x0800cce8
                0x20003330                        . = ALIGN (0x8)
 *fill*         0x2000332c        0x4 
                [!provide]                        PROVIDE (end = .)
                0x20003330                        PROVIDE (_end = .)
                0x20003530                        . = (. + _Min_Heap_Size)
 *fill*         0x20003330      0x200 
                0x20003930                        . = (. + _Min_Stack_Size)
 *fill*         0x20003530      0x400 
                0x20003930                        . = ALIGN (0x8)

/DISCARD/
 libc.a(*)
 libm.a(*)
 libgcc.a(*)

.ARM.attributes
                0x00000000       0x30
 *(.ARM.attributes)
 .ARM.attributes
                0x00000000       0x22 C:/ST/STM32CubeCLT_1.15.0/GNU-tools-for-STM32/bin/../lib/gcc/arm-none-eabi/12.3.1/thumb/v7e-m+fp/hard/crti.o
 .ARM.attributes
                0x00000022       0x34 C:/ST/STM32CubeCLT_1.15.0/GNU-tools-for-STM32/bin/../lib/gcc/arm-none-eabi/12.3.1/thumb/v7e-m+fp/hard/crtbegin.o
 .ARM.attributes
                0x00000056       0x34 C:/ST/STM32CubeCLT_1.15.0/GNU-tools-for-STM32/bin/../lib/gcc/arm-none-eabi/12.3.1/../../../../arm-none-eabi/lib/thumb/v7e-m+fp/hard\libc_nano.a(libc_a-findfp.o)
 .ARM.attributes
                0x0000008a       0x34 C:/ST/STM32CubeCLT_1.15.0/GNU-tools-for-STM32/bin/../lib/gcc/arm-none-eabi/12.3.1/../../../../arm-none-eabi/lib/thumb/v7e-m+fp/hard\libc_nano.a(libc_a-memset.o)
 .ARM.attributes
                0x000000be       0x34 C:/ST/STM32CubeCLT_1.15.0/GNU-tools-for-STM32/bin/../lib/gcc/arm-none-eabi/12.3.1/../../../../arm-none-eabi/lib/thumb/v7e-m+fp/hard\libc_nano.a(libc_a-reent.o)
 .ARM.attributes
                0x000000f2       0x34 C:/ST/STM32CubeCLT_1.15.0/GNU-tools-for-STM32/bin/../lib/gcc/arm-none-eabi/12.3.1/../../../../arm-none-eabi/lib/thumb/v7e-m+fp/hard\libc_nano.a(libc_a-impure.o)
 .ARM.attributes
                0x00000126       0x34 C:/ST/STM32CubeCLT_1.15.0/GNU-tools-for-STM32/bin/../lib/gcc/arm-none-eabi/12.3.1/../../../../arm-none-eabi/lib/thumb/v7e-m+fp/hard\libc_nano.a(libc_a-init.o)
 .ARM.attributes
                0x0000015a       0x34 C:/ST/STM32CubeCLT_1.15.0/GNU-tools-for-STM32/bin/../lib/gcc/arm-none-eabi/12.3.1/../../../../arm-none-eabi/lib/thumb/v7e-m+fp/hard\libc_nano.a(libc_a-lock.o)
 .ARM.attributes
                0x0000018e       0x34 C:/ST/STM32CubeCLT_1.15.0/GNU-tools-for-STM32/bin/../lib/gcc/arm-none-eabi/12.3.1/../../../../arm-none-eabi/lib/thumb/v7e-m+fp/hard\libc_nano.a(libc_a-freer.o)
 .ARM.attributes
                0x000001c2       0x34 C:/ST/STM32CubeCLT_1.15.0/GNU-tools-for-STM32/bin/../lib/gcc/arm-none-eabi/12.3.1/../../../../arm-none-eabi/lib/thumb/v7e-m+fp/hard\libc_nano.a(libc_a-mallocr.o)
 .ARM.attributes
                0x000001f6       0x34 C:/ST/STM32CubeCLT_1.15.0/GNU-tools-for-STM32/bin/../lib/gcc/arm-none-eabi/12.3.1/../../../../arm-none-eabi/lib/thumb/v7e-m+fp/hard\libc_nano.a(libc_a-mlock.o)
 .ARM.attributes
                0x0000022a       0x34 C:/ST/STM32CubeCLT_1.15.0/GNU-tools-for-STM32/bin/../lib/gcc/arm-none-eabi/12.3.1/../../../../arm-none-eabi/lib/thumb/v7e-m+fp/hard\libc_nano.a(libc_a-sbrkr.o)
 .ARM.attributes
                0x0000025e       0x34 CMakeFiles/flux-finder-v1-code-f300.dir/Core/Src/matrix.c.obj
 .ARM.attributes
                0x00000292       0x34 CMakeFiles/flux-finder-v1-code-f300.dir/Core/Src/frame_converter.c.obj
 .ARM.attributes
                0x000002c6       0x34 CMakeFiles/flux-finder-v1-code-f300.dir/Core/Src/color_mapping.c.obj
 .ARM.attributes
                0x000002fa       0x34 CMakeFiles/flux-finder-v1-code-f300.dir/Core/Src/user_diskio_spi.c.obj
 .ARM.attributes
                0x0000032e       0x34 CMakeFiles/flux-finder-v1-code-f300.dir/Core/Src/main.c.obj
 .ARM.attributes
                0x00000362       0x34 CMakeFiles/flux-finder-v1-code-f300.dir/Core/Src/stm32f3xx_it.c.obj
 .ARM.attributes
                0x00000396       0x34 CMakeFiles/flux-finder-v1-code-f300.dir/Core/Src/stm32f3xx_hal_msp.c.obj
 .ARM.attributes
                0x000003ca       0x34 CMakeFiles/flux-finder-v1-code-f300.dir/FATFS/Target/user_diskio.c.obj
 .ARM.attributes
                0x000003fe       0x34 CMakeFiles/flux-finder-v1-code-f300.dir/FATFS/App/fatfs.c.obj
 .ARM.attributes
                0x00000432       0x34 CMakeFiles/flux-finder-v1-code-f300.dir/Drivers/STM32F3xx_HAL_Driver/Src/stm32f3xx_hal_adc.c.obj
 .ARM.attributes
                0x00000466       0x34 CMakeFiles/flux-finder-v1-code-f300.dir/Drivers/STM32F3xx_HAL_Driver/Src/stm32f3xx_hal_adc_ex.c.obj
 .ARM.attributes
                0x0000049a       0x34 CMakeFiles/flux-finder-v1-code-f300.dir/Drivers/STM32F3xx_HAL_Driver/Src/stm32f3xx_hal.c.obj
 .ARM.attributes
                0x000004ce       0x34 CMakeFiles/flux-finder-v1-code-f300.dir/Drivers/STM32F3xx_HAL_Driver/Src/stm32f3xx_hal_rcc.c.obj
 .ARM.attributes
                0x00000502       0x34 CMakeFiles/flux-finder-v1-code-f300.dir/Drivers/STM32F3xx_HAL_Driver/Src/stm32f3xx_hal_rcc_ex.c.obj
 .ARM.attributes
                0x00000536       0x34 CMakeFiles/flux-finder-v1-code-f300.dir/Drivers/STM32F3xx_HAL_Driver/Src/stm32f3xx_hal_gpio.c.obj
 .ARM.attributes
                0x0000056a       0x34 CMakeFiles/flux-finder-v1-code-f300.dir/Drivers/STM32F3xx_HAL_Driver/Src/stm32f3xx_hal_dma.c.obj
 .ARM.attributes
                0x0000059e       0x34 CMakeFiles/flux-finder-v1-code-f300.dir/Drivers/STM32F3xx_HAL_Driver/Src/stm32f3xx_hal_cortex.c.obj
 .ARM.attributes
                0x000005d2       0x34 CMakeFiles/flux-finder-v1-code-f300.dir/Drivers/STM32F3xx_HAL_Driver/Src/stm32f3xx_hal_i2c.c.obj
 .ARM.attributes
                0x00000606       0x34 CMakeFiles/flux-finder-v1-code-f300.dir/Drivers/STM32F3xx_HAL_Driver/Src/stm32f3xx_hal_i2c_ex.c.obj
 .ARM.attributes
                0x0000063a       0x34 CMakeFiles/flux-finder-v1-code-f300.dir/Drivers/STM32F3xx_HAL_Driver/Src/stm32f3xx_hal_spi.c.obj
 .ARM.attributes
                0x0000066e       0x34 CMakeFiles/flux-finder-v1-code-f300.dir/Drivers/STM32F3xx_HAL_Driver/Src/stm32f3xx_hal_tim.c.obj
 .ARM.attributes
                0x000006a2       0x34 CMakeFiles/flux-finder-v1-code-f300.dir/Drivers/STM32F3xx_HAL_Driver/Src/stm32f3xx_hal_tim_ex.c.obj
 .ARM.attributes
                0x000006d6       0x34 CMakeFiles/flux-finder-v1-code-f300.dir/Drivers/STM32F3xx_HAL_Driver/Src/stm32f3xx_hal_uart.c.obj
 .ARM.attributes
                0x0000070a       0x34 CMakeFiles/flux-finder-v1-code-f300.dir/Core/Src/system_stm32f3xx.c.obj
 .ARM.attributes
                0x0000073e       0x34 CMakeFiles/flux-finder-v1-code-f300.dir/Middlewares/Third_Party/FatFs/src/diskio.c.obj
 .ARM.attributes
                0x00000772       0x34 CMakeFiles/flux-finder-v1-code-f300.dir/Middlewares/Third_Party/FatFs/src/ff.c.obj
 .ARM.attributes
                0x000007a6       0x34 CMakeFiles/flux-finder-v1-code-f300.dir/Middlewares/Third_Party/FatFs/src/ff_gen_drv.c.obj
 .ARM.attributes
                0x000007da       0x34 CMakeFiles/flux-finder-v1-code-f300.dir/Core/Src/sysmem.c.obj
 .ARM.attributes
                0x0000080e       0x21 CMakeFiles/flux-finder-v1-code-f300.dir/startup_stm32f302xc.s.obj
 .ARM.attributes
                0x0000082f       0x34 C:/ST/STM32CubeCLT_1.15.0/GNU-tools-for-STM32/bin/../lib/gcc/arm-none-eabi/12.3.1/../../../../arm-none-eabi/lib/thumb/v7e-m+fp/hard\libg_nano.a(libc_a-snprintf.o)
 .ARM.attributes
                0x00000863       0x34 C:/ST/STM32CubeCLT_1.15.0/GNU-tools-for-STM32/bin/../lib/gcc/arm-none-eabi/12.3.1/../../../../arm-none-eabi/lib/thumb/v7e-m+fp/hard\libg_nano.a(libc_a-vsnprintf.o)
 .ARM.attributes
                0x00000897       0x34 C:/ST/STM32CubeCLT_1.15.0/GNU-tools-for-STM32/bin/../lib/gcc/arm-none-eabi/12.3.1/../../../../arm-none-eabi/lib/thumb/v7e-m+fp/hard\libg_nano.a(libc_a-errno.o)
 .ARM.attributes
                0x000008cb       0x34 C:/ST/STM32CubeCLT_1.15.0/GNU-tools-for-STM32/bin/../lib/gcc/arm-none-eabi/12.3.1/../../../../arm-none-eabi/lib/thumb/v7e-m+fp/hard\libg_nano.a(libc_a-memcpy-stub.o)
 .ARM.attributes
                0x000008ff       0x17 C:/ST/STM32CubeCLT_1.15.0/GNU-tools-for-STM32/bin/../lib/gcc/arm-none-eabi/12.3.1/../../../../arm-none-eabi/lib/thumb/v7e-m+fp/hard\libg_nano.a(libc_a-strlen.o)
 .ARM.attributes
                0x00000916       0x34 C:/ST/STM32CubeCLT_1.15.0/GNU-tools-for-STM32/bin/../lib/gcc/arm-none-eabi/12.3.1/../../../../arm-none-eabi/lib/thumb/v7e-m+fp/hard\libg_nano.a(libc_a-nano-svfprintf.o)
 .ARM.attributes
                0x0000094a       0x34 C:/ST/STM32CubeCLT_1.15.0/GNU-tools-for-STM32/bin/../lib/gcc/arm-none-eabi/12.3.1/../../../../arm-none-eabi/lib/thumb/v7e-m+fp/hard\libg_nano.a(libc_a-nano-vfprintf_i.o)
 .ARM.attributes
                0x0000097e       0x34 C:/ST/STM32CubeCLT_1.15.0/GNU-tools-for-STM32/bin/../lib/gcc/arm-none-eabi/12.3.1/../../../../arm-none-eabi/lib/thumb/v7e-m+fp/hard\libg_nano.a(libc_a-memmove.o)
 .ARM.attributes
                0x000009b2       0x1c C:/ST/STM32CubeCLT_1.15.0/GNU-tools-for-STM32/bin/../lib/gcc/arm-none-eabi/12.3.1/../../../../arm-none-eabi/lib/thumb/v7e-m+fp/hard\libg_nano.a(libc_a-memchr.o)
 .ARM.attributes
                0x000009ce       0x34 C:/ST/STM32CubeCLT_1.15.0/GNU-tools-for-STM32/bin/../lib/gcc/arm-none-eabi/12.3.1/../../../../arm-none-eabi/lib/thumb/v7e-m+fp/hard\libg_nano.a(libc_a-reallocr.o)
 .ARM.attributes
                0x00000a02       0x34 C:/ST/STM32CubeCLT_1.15.0/GNU-tools-for-STM32/bin/../lib/gcc/arm-none-eabi/12.3.1/../../../../arm-none-eabi/lib/thumb/v7e-m+fp/hard\libg_nano.a(libc_a-msizer.o)
 .ARM.attributes
                0x00000a36       0x22 C:/ST/STM32CubeCLT_1.15.0/GNU-tools-for-STM32/bin/../lib/gcc/arm-none-eabi/12.3.1/thumb/v7e-m+fp/hard/crtn.o
OUTPUT(flux-finder-v1-code-f300.elf elf32-littlearm)
LOAD linker stubs
LOAD C:/ST/STM32CubeCLT_1.15.0/GNU-tools-for-STM32/bin/../lib/gcc/arm-none-eabi/12.3.1/../../../../arm-none-eabi/lib/thumb/v7e-m+fp/hard\libc.a
LOAD C:/ST/STM32CubeCLT_1.15.0/GNU-tools-for-STM32/bin/../lib/gcc/arm-none-eabi/12.3.1/../../../../arm-none-eabi/lib/thumb/v7e-m+fp/hard\libm.a
LOAD C:/ST/STM32CubeCLT_1.15.0/GNU-tools-for-STM32/bin/../lib/gcc/arm-none-eabi/12.3.1/thumb/v7e-m+fp/hard\libgcc.a

.debug_frame    0x00000000     0x6c54
 .debug_frame   0x00000000      0x144 C:/ST/STM32CubeCLT_1.15.0/GNU-tools-for-STM32/bin/../lib/gcc/arm-none-eabi/12.3.1/../../../../arm-none-eabi/lib/thumb/v7e-m+fp/hard\libc_nano.a(libc_a-findfp.o)
 .debug_frame   0x00000144       0x20 C:/ST/STM32CubeCLT_1.15.0/GNU-tools-for-STM32/bin/../lib/gcc/arm-none-eabi/12.3.1/../../../../arm-none-eabi/lib/thumb/v7e-m+fp/hard\libc_nano.a(libc_a-memset.o)
 .debug_frame   0x00000164       0x38 C:/ST/STM32CubeCLT_1.15.0/GNU-tools-for-STM32/bin/../lib/gcc/arm-none-eabi/12.3.1/../../../../arm-none-eabi/lib/thumb/v7e-m+fp/hard\libc_nano.a(libc_a-reent.o)
 .debug_frame   0x0000019c       0x2c C:/ST/STM32CubeCLT_1.15.0/GNU-tools-for-STM32/bin/../lib/gcc/arm-none-eabi/12.3.1/../../../../arm-none-eabi/lib/thumb/v7e-m+fp/hard\libc_nano.a(libc_a-init.o)
 .debug_frame   0x000001c8       0xb0 C:/ST/STM32CubeCLT_1.15.0/GNU-tools-for-STM32/bin/../lib/gcc/arm-none-eabi/12.3.1/../../../../arm-none-eabi/lib/thumb/v7e-m+fp/hard\libc_nano.a(libc_a-lock.o)
 .debug_frame   0x00000278       0x38 C:/ST/STM32CubeCLT_1.15.0/GNU-tools-for-STM32/bin/../lib/gcc/arm-none-eabi/12.3.1/../../../../arm-none-eabi/lib/thumb/v7e-m+fp/hard\libc_nano.a(libc_a-freer.o)
 .debug_frame   0x000002b0       0x50 C:/ST/STM32CubeCLT_1.15.0/GNU-tools-for-STM32/bin/../lib/gcc/arm-none-eabi/12.3.1/../../../../arm-none-eabi/lib/thumb/v7e-m+fp/hard\libc_nano.a(libc_a-mallocr.o)
 .debug_frame   0x00000300       0x30 C:/ST/STM32CubeCLT_1.15.0/GNU-tools-for-STM32/bin/../lib/gcc/arm-none-eabi/12.3.1/../../../../arm-none-eabi/lib/thumb/v7e-m+fp/hard\libc_nano.a(libc_a-mlock.o)
 .debug_frame   0x00000330       0x2c C:/ST/STM32CubeCLT_1.15.0/GNU-tools-for-STM32/bin/../lib/gcc/arm-none-eabi/12.3.1/../../../../arm-none-eabi/lib/thumb/v7e-m+fp/hard\libc_nano.a(libc_a-sbrkr.o)
 .debug_frame   0x0000035c       0x58 CMakeFiles/flux-finder-v1-code-f300.dir/Core/Src/matrix.c.obj
 .debug_frame   0x000003b4       0xd4 CMakeFiles/flux-finder-v1-code-f300.dir/Core/Src/frame_converter.c.obj
 .debug_frame   0x00000488       0x60 CMakeFiles/flux-finder-v1-code-f300.dir/Core/Src/color_mapping.c.obj
 .debug_frame   0x000004e8      0x248 CMakeFiles/flux-finder-v1-code-f300.dir/Core/Src/user_diskio_spi.c.obj
 .debug_frame   0x00000730      0x294 CMakeFiles/flux-finder-v1-code-f300.dir/Core/Src/main.c.obj
 .debug_frame   0x000009c4      0x200 CMakeFiles/flux-finder-v1-code-f300.dir/Core/Src/stm32f3xx_it.c.obj
 .debug_frame   0x00000bc4      0x1c4 CMakeFiles/flux-finder-v1-code-f300.dir/Core/Src/stm32f3xx_hal_msp.c.obj
 .debug_frame   0x00000d88       0xc4 CMakeFiles/flux-finder-v1-code-f300.dir/FATFS/Target/user_diskio.c.obj
 .debug_frame   0x00000e4c       0x4c CMakeFiles/flux-finder-v1-code-f300.dir/FATFS/App/fatfs.c.obj
 .debug_frame   0x00000e98      0x380 CMakeFiles/flux-finder-v1-code-f300.dir/Drivers/STM32F3xx_HAL_Driver/Src/stm32f3xx_hal_adc.c.obj
 .debug_frame   0x00001218      0x638 CMakeFiles/flux-finder-v1-code-f300.dir/Drivers/STM32F3xx_HAL_Driver/Src/stm32f3xx_hal_adc_ex.c.obj
 .debug_frame   0x00001850      0x334 CMakeFiles/flux-finder-v1-code-f300.dir/Drivers/STM32F3xx_HAL_Driver/Src/stm32f3xx_hal.c.obj
 .debug_frame   0x00001b84      0x214 CMakeFiles/flux-finder-v1-code-f300.dir/Drivers/STM32F3xx_HAL_Driver/Src/stm32f3xx_hal_rcc.c.obj
 .debug_frame   0x00001d98       0xb0 CMakeFiles/flux-finder-v1-code-f300.dir/Drivers/STM32F3xx_HAL_Driver/Src/stm32f3xx_hal_rcc_ex.c.obj
 .debug_frame   0x00001e48      0x14c CMakeFiles/flux-finder-v1-code-f300.dir/Drivers/STM32F3xx_HAL_Driver/Src/stm32f3xx_hal_gpio.c.obj
 .debug_frame   0x00001f94      0x224 CMakeFiles/flux-finder-v1-code-f300.dir/Drivers/STM32F3xx_HAL_Driver/Src/stm32f3xx_hal_dma.c.obj
 .debug_frame   0x000021b8      0x4e8 CMakeFiles/flux-finder-v1-code-f300.dir/Drivers/STM32F3xx_HAL_Driver/Src/stm32f3xx_hal_cortex.c.obj
 .debug_frame   0x000026a0      0xc38 CMakeFiles/flux-finder-v1-code-f300.dir/Drivers/STM32F3xx_HAL_Driver/Src/stm32f3xx_hal_i2c.c.obj
 .debug_frame   0x000032d8      0x100 CMakeFiles/flux-finder-v1-code-f300.dir/Drivers/STM32F3xx_HAL_Driver/Src/stm32f3xx_hal_i2c_ex.c.obj
 .debug_frame   0x000033d8      0x860 CMakeFiles/flux-finder-v1-code-f300.dir/Drivers/STM32F3xx_HAL_Driver/Src/stm32f3xx_hal_spi.c.obj
 .debug_frame   0x00003c38     0x1218 CMakeFiles/flux-finder-v1-code-f300.dir/Drivers/STM32F3xx_HAL_Driver/Src/stm32f3xx_hal_tim.c.obj
 .debug_frame   0x00004e50      0x688 CMakeFiles/flux-finder-v1-code-f300.dir/Drivers/STM32F3xx_HAL_Driver/Src/stm32f3xx_hal_tim_ex.c.obj
 .debug_frame   0x000054d8      0x9e8 CMakeFiles/flux-finder-v1-code-f300.dir/Drivers/STM32F3xx_HAL_Driver/Src/stm32f3xx_hal_uart.c.obj
 .debug_frame   0x00005ec0       0x58 CMakeFiles/flux-finder-v1-code-f300.dir/Core/Src/system_stm32f3xx.c.obj
 .debug_frame   0x00005f18       0xec CMakeFiles/flux-finder-v1-code-f300.dir/Middlewares/Third_Party/FatFs/src/diskio.c.obj
 .debug_frame   0x00006004      0x8d0 CMakeFiles/flux-finder-v1-code-f300.dir/Middlewares/Third_Party/FatFs/src/ff.c.obj
 .debug_frame   0x000068d4       0xc8 CMakeFiles/flux-finder-v1-code-f300.dir/Middlewares/Third_Party/FatFs/src/ff_gen_drv.c.obj
 .debug_frame   0x0000699c       0x34 CMakeFiles/flux-finder-v1-code-f300.dir/Core/Src/sysmem.c.obj
 .debug_frame   0x000069d0       0x7c C:/ST/STM32CubeCLT_1.15.0/GNU-tools-for-STM32/bin/../lib/gcc/arm-none-eabi/12.3.1/../../../../arm-none-eabi/lib/thumb/v7e-m+fp/hard\libg_nano.a(libc_a-snprintf.o)
 .debug_frame   0x00006a4c       0x4c C:/ST/STM32CubeCLT_1.15.0/GNU-tools-for-STM32/bin/../lib/gcc/arm-none-eabi/12.3.1/../../../../arm-none-eabi/lib/thumb/v7e-m+fp/hard\libg_nano.a(libc_a-vsnprintf.o)
 .debug_frame   0x00006a98       0x20 C:/ST/STM32CubeCLT_1.15.0/GNU-tools-for-STM32/bin/../lib/gcc/arm-none-eabi/12.3.1/../../../../arm-none-eabi/lib/thumb/v7e-m+fp/hard\libg_nano.a(libc_a-errno.o)
 .debug_frame   0x00006ab8       0x28 C:/ST/STM32CubeCLT_1.15.0/GNU-tools-for-STM32/bin/../lib/gcc/arm-none-eabi/12.3.1/../../../../arm-none-eabi/lib/thumb/v7e-m+fp/hard\libg_nano.a(libc_a-memcpy-stub.o)
 .debug_frame   0x00006ae0       0x90 C:/ST/STM32CubeCLT_1.15.0/GNU-tools-for-STM32/bin/../lib/gcc/arm-none-eabi/12.3.1/../../../../arm-none-eabi/lib/thumb/v7e-m+fp/hard\libg_nano.a(libc_a-nano-svfprintf.o)
 .debug_frame   0x00006b70       0x60 C:/ST/STM32CubeCLT_1.15.0/GNU-tools-for-STM32/bin/../lib/gcc/arm-none-eabi/12.3.1/../../../../arm-none-eabi/lib/thumb/v7e-m+fp/hard\libg_nano.a(libc_a-nano-vfprintf_i.o)
 .debug_frame   0x00006bd0       0x28 C:/ST/STM32CubeCLT_1.15.0/GNU-tools-for-STM32/bin/../lib/gcc/arm-none-eabi/12.3.1/../../../../arm-none-eabi/lib/thumb/v7e-m+fp/hard\libg_nano.a(libc_a-memmove.o)
 .debug_frame   0x00006bf8       0x3c C:/ST/STM32CubeCLT_1.15.0/GNU-tools-for-STM32/bin/../lib/gcc/arm-none-eabi/12.3.1/../../../../arm-none-eabi/lib/thumb/v7e-m+fp/hard\libg_nano.a(libc_a-reallocr.o)
 .debug_frame   0x00006c34       0x20 C:/ST/STM32CubeCLT_1.15.0/GNU-tools-for-STM32/bin/../lib/gcc/arm-none-eabi/12.3.1/../../../../arm-none-eabi/lib/thumb/v7e-m+fp/hard\libg_nano.a(libc_a-msizer.o)

.debug_info     0x00000000    0x2000a
 .debug_info    0x00000000      0x299 CMakeFiles/flux-finder-v1-code-f300.dir/Core/Src/matrix.c.obj
 .debug_info    0x00000299      0x95c CMakeFiles/flux-finder-v1-code-f300.dir/Core/Src/frame_converter.c.obj
 .debug_info    0x00000bf5      0x1a3 CMakeFiles/flux-finder-v1-code-f300.dir/Core/Src/color_mapping.c.obj
 .debug_info    0x00000d98      0xc04 CMakeFiles/flux-finder-v1-code-f300.dir/Core/Src/user_diskio_spi.c.obj
 .debug_info    0x0000199c     0x2b45 CMakeFiles/flux-finder-v1-code-f300.dir/Core/Src/main.c.obj
 .debug_info    0x000044e1      0xb88 CMakeFiles/flux-finder-v1-code-f300.dir/Core/Src/stm32f3xx_it.c.obj
 .debug_info    0x00005069     0x1acf CMakeFiles/flux-finder-v1-code-f300.dir/Core/Src/stm32f3xx_hal_msp.c.obj
 .debug_info    0x00006b38      0x3aa CMakeFiles/flux-finder-v1-code-f300.dir/FATFS/Target/user_diskio.c.obj
 .debug_info    0x00006ee2      0x4cf CMakeFiles/flux-finder-v1-code-f300.dir/FATFS/App/fatfs.c.obj
 .debug_info    0x000073b1      0xb32 CMakeFiles/flux-finder-v1-code-f300.dir/Drivers/STM32F3xx_HAL_Driver/Src/stm32f3xx_hal_adc.c.obj
 .debug_info    0x00007ee3     0x15b2 CMakeFiles/flux-finder-v1-code-f300.dir/Drivers/STM32F3xx_HAL_Driver/Src/stm32f3xx_hal_adc_ex.c.obj
 .debug_info    0x00009495      0x7a4 CMakeFiles/flux-finder-v1-code-f300.dir/Drivers/STM32F3xx_HAL_Driver/Src/stm32f3xx_hal.c.obj
 .debug_info    0x00009c39     0x148a CMakeFiles/flux-finder-v1-code-f300.dir/Drivers/STM32F3xx_HAL_Driver/Src/stm32f3xx_hal_rcc.c.obj
 .debug_info    0x0000b0c3      0x59d CMakeFiles/flux-finder-v1-code-f300.dir/Drivers/STM32F3xx_HAL_Driver/Src/stm32f3xx_hal_rcc_ex.c.obj
 .debug_info    0x0000b660      0x5fe CMakeFiles/flux-finder-v1-code-f300.dir/Drivers/STM32F3xx_HAL_Driver/Src/stm32f3xx_hal_gpio.c.obj
 .debug_info    0x0000bc5e      0x6e1 CMakeFiles/flux-finder-v1-code-f300.dir/Drivers/STM32F3xx_HAL_Driver/Src/stm32f3xx_hal_dma.c.obj
 .debug_info    0x0000c33f      0xcb4 CMakeFiles/flux-finder-v1-code-f300.dir/Drivers/STM32F3xx_HAL_Driver/Src/stm32f3xx_hal_cortex.c.obj
 .debug_info    0x0000cff3     0x20c3 CMakeFiles/flux-finder-v1-code-f300.dir/Drivers/STM32F3xx_HAL_Driver/Src/stm32f3xx_hal_i2c.c.obj
 .debug_info    0x0000f0b6      0x818 CMakeFiles/flux-finder-v1-code-f300.dir/Drivers/STM32F3xx_HAL_Driver/Src/stm32f3xx_hal_i2c_ex.c.obj
 .debug_info    0x0000f8ce     0x1622 CMakeFiles/flux-finder-v1-code-f300.dir/Drivers/STM32F3xx_HAL_Driver/Src/stm32f3xx_hal_spi.c.obj
 .debug_info    0x00010ef0     0x2a70 CMakeFiles/flux-finder-v1-code-f300.dir/Drivers/STM32F3xx_HAL_Driver/Src/stm32f3xx_hal_tim.c.obj
 .debug_info    0x00013960     0x156d CMakeFiles/flux-finder-v1-code-f300.dir/Drivers/STM32F3xx_HAL_Driver/Src/stm32f3xx_hal_tim_ex.c.obj
 .debug_info    0x00014ecd     0x39a8 CMakeFiles/flux-finder-v1-code-f300.dir/Drivers/STM32F3xx_HAL_Driver/Src/stm32f3xx_hal_uart.c.obj
 .debug_info    0x00018875      0x407 CMakeFiles/flux-finder-v1-code-f300.dir/Core/Src/system_stm32f3xx.c.obj
 .debug_info    0x00018c7c      0x3da CMakeFiles/flux-finder-v1-code-f300.dir/Middlewares/Third_Party/FatFs/src/diskio.c.obj
 .debug_info    0x00019056     0x20da CMakeFiles/flux-finder-v1-code-f300.dir/Middlewares/Third_Party/FatFs/src/ff.c.obj
 .debug_info    0x0001b130      0x37a CMakeFiles/flux-finder-v1-code-f300.dir/Middlewares/Third_Party/FatFs/src/ff_gen_drv.c.obj
 .debug_info    0x0001b4aa      0x168 CMakeFiles/flux-finder-v1-code-f300.dir/Core/Src/sysmem.c.obj
 .debug_info    0x0001b612       0x30 CMakeFiles/flux-finder-v1-code-f300.dir/startup_stm32f302xc.s.obj
 .debug_info    0x0001b642      0x8b9 C:/ST/STM32CubeCLT_1.15.0/GNU-tools-for-STM32/bin/../lib/gcc/arm-none-eabi/12.3.1/../../../../arm-none-eabi/lib/thumb/v7e-m+fp/hard\libg_nano.a(libc_a-snprintf.o)
 .debug_info    0x0001befb      0x88a C:/ST/STM32CubeCLT_1.15.0/GNU-tools-for-STM32/bin/../lib/gcc/arm-none-eabi/12.3.1/../../../../arm-none-eabi/lib/thumb/v7e-m+fp/hard\libg_nano.a(libc_a-vsnprintf.o)
 .debug_info    0x0001c785      0x6fb C:/ST/STM32CubeCLT_1.15.0/GNU-tools-for-STM32/bin/../lib/gcc/arm-none-eabi/12.3.1/../../../../arm-none-eabi/lib/thumb/v7e-m+fp/hard\libg_nano.a(libc_a-errno.o)
 .debug_info    0x0001ce80      0x121 C:/ST/STM32CubeCLT_1.15.0/GNU-tools-for-STM32/bin/../lib/gcc/arm-none-eabi/12.3.1/../../../../arm-none-eabi/lib/thumb/v7e-m+fp/hard\libg_nano.a(libc_a-memcpy-stub.o)
 .debug_info    0x0001cfa1       0x31 C:/ST/STM32CubeCLT_1.15.0/GNU-tools-for-STM32/bin/../lib/gcc/arm-none-eabi/12.3.1/../../../../arm-none-eabi/lib/thumb/v7e-m+fp/hard\libg_nano.a(libc_a-strlen.o)
 .debug_info    0x0001cfd2     0x10c7 C:/ST/STM32CubeCLT_1.15.0/GNU-tools-for-STM32/bin/../lib/gcc/arm-none-eabi/12.3.1/../../../../arm-none-eabi/lib/thumb/v7e-m+fp/hard\libg_nano.a(libc_a-nano-svfprintf.o)
 .debug_info    0x0001e099      0xde2 C:/ST/STM32CubeCLT_1.15.0/GNU-tools-for-STM32/bin/../lib/gcc/arm-none-eabi/12.3.1/../../../../arm-none-eabi/lib/thumb/v7e-m+fp/hard\libg_nano.a(libc_a-nano-vfprintf_i.o)