Archive member included to satisfy reference by file (symbol)

C:/ST/STM32CubeCLT_1.15.0/GNU-tools-for-STM32/bin/../lib/gcc/arm-none-eabi/12.3.1/../../../../arm-none-eabi/lib/thumb/v6-m/nofp\libc_nano.a(libc_a-exit.o)
                              C:/ST/STM32CubeCLT_1.15.0/GNU-tools-for-STM32/bin/../lib/gcc/arm-none-eabi/12.3.1/../../../../arm-none-eabi/lib/thumb/v6-m/nofp/crt0.o (exit)
C:/ST/STM32CubeCLT_1.15.0/GNU-tools-for-STM32/bin/../lib/gcc/arm-none-eabi/12.3.1/../../../../arm-none-eabi/lib/thumb/v6-m/nofp\libc_nano.a(libc_a-findfp.o)
                              C:/ST/STM32CubeCLT_1.15.0/GNU-tools-for-STM32/bin/../lib/gcc/arm-none-eabi/12.3.1/../../../../arm-none-eabi/lib/thumb/v6-m/nofp\libc_nano.a(libc_a-exit.o) (__stdio_exit_handler)
C:/ST/STM32CubeCLT_1.15.0/GNU-tools-for-STM32/bin/../lib/gcc/arm-none-eabi/12.3.1/../../../../arm-none-eabi/lib/thumb/v6-m/nofp\libc_nano.a(libc_a-fwalk.o)
                              C:/ST/STM32CubeCLT_1.15.0/GNU-tools-for-STM32/bin/../lib/gcc/arm-none-eabi/12.3.1/../../../../arm-none-eabi/lib/thumb/v6-m/nofp\libc_nano.a(libc_a-findfp.o) (_fwalk_sglue)
C:/ST/STM32CubeCLT_1.15.0/GNU-tools-for-STM32/bin/../lib/gcc/arm-none-eabi/12.3.1/../../../../arm-none-eabi/lib/thumb/v6-m/nofp\libc_nano.a(libc_a-stdio.o)
                              C:/ST/STM32CubeCLT_1.15.0/GNU-tools-for-STM32/bin/../lib/gcc/arm-none-eabi/12.3.1/../../../../arm-none-eabi/lib/thumb/v6-m/nofp\libc_nano.a(libc_a-findfp.o) (__sread)
C:/ST/STM32CubeCLT_1.15.0/GNU-tools-for-STM32/bin/../lib/gcc/arm-none-eabi/12.3.1/../../../../arm-none-eabi/lib/thumb/v6-m/nofp\libc_nano.a(libc_a-memset.o)
                              C:/ST/STM32CubeCLT_1.15.0/GNU-tools-for-STM32/bin/../lib/gcc/arm-none-eabi/12.3.1/../../../../arm-none-eabi/lib/thumb/v6-m/nofp/crt0.o (memset)
C:/ST/STM32CubeCLT_1.15.0/GNU-tools-for-STM32/bin/../lib/gcc/arm-none-eabi/12.3.1/../../../../arm-none-eabi/lib/thumb/v6-m/nofp\libc_nano.a(libc_a-closer.o)
                              C:/ST/STM32CubeCLT_1.15.0/GNU-tools-for-STM32/bin/../lib/gcc/arm-none-eabi/12.3.1/../../../../arm-none-eabi/lib/thumb/v6-m/nofp\libc_nano.a(libc_a-stdio.o) (_close_r)
C:/ST/STM32CubeCLT_1.15.0/GNU-tools-for-STM32/bin/../lib/gcc/arm-none-eabi/12.3.1/../../../../arm-none-eabi/lib/thumb/v6-m/nofp\libc_nano.a(libc_a-reent.o)
                              C:/ST/STM32CubeCLT_1.15.0/GNU-tools-for-STM32/bin/../lib/gcc/arm-none-eabi/12.3.1/../../../../arm-none-eabi/lib/thumb/v6-m/nofp\libc_nano.a(libc_a-closer.o) (errno)
C:/ST/STM32CubeCLT_1.15.0/GNU-tools-for-STM32/bin/../lib/gcc/arm-none-eabi/12.3.1/../../../../arm-none-eabi/lib/thumb/v6-m/nofp\libc_nano.a(libc_a-impure.o)
                              C:/ST/STM32CubeCLT_1.15.0/GNU-tools-for-STM32/bin/../lib/gcc/arm-none-eabi/12.3.1/../../../../arm-none-eabi/lib/thumb/v6-m/nofp\libc_nano.a(libc_a-reent.o) (_impure_ptr)
C:/ST/STM32CubeCLT_1.15.0/GNU-tools-for-STM32/bin/../lib/gcc/arm-none-eabi/12.3.1/../../../../arm-none-eabi/lib/thumb/v6-m/nofp\libc_nano.a(libc_a-lseekr.o)
                              C:/ST/STM32CubeCLT_1.15.0/GNU-tools-for-STM32/bin/../lib/gcc/arm-none-eabi/12.3.1/../../../../arm-none-eabi/lib/thumb/v6-m/nofp\libc_nano.a(libc_a-stdio.o) (_lseek_r)
C:/ST/STM32CubeCLT_1.15.0/GNU-tools-for-STM32/bin/../lib/gcc/arm-none-eabi/12.3.1/../../../../arm-none-eabi/lib/thumb/v6-m/nofp\libc_nano.a(libc_a-readr.o)
                              C:/ST/STM32CubeCLT_1.15.0/GNU-tools-for-STM32/bin/../lib/gcc/arm-none-eabi/12.3.1/../../../../arm-none-eabi/lib/thumb/v6-m/nofp\libc_nano.a(libc_a-stdio.o) (_read_r)
C:/ST/STM32CubeCLT_1.15.0/GNU-tools-for-STM32/bin/../lib/gcc/arm-none-eabi/12.3.1/../../../../arm-none-eabi/lib/thumb/v6-m/nofp\libc_nano.a(libc_a-writer.o)
                              C:/ST/STM32CubeCLT_1.15.0/GNU-tools-for-STM32/bin/../lib/gcc/arm-none-eabi/12.3.1/../../../../arm-none-eabi/lib/thumb/v6-m/nofp\libc_nano.a(libc_a-stdio.o) (_write_r)
C:/ST/STM32CubeCLT_1.15.0/GNU-tools-for-STM32/bin/../lib/gcc/arm-none-eabi/12.3.1/../../../../arm-none-eabi/lib/thumb/v6-m/nofp\libc_nano.a(libc_a-init.o)
                              C:/ST/STM32CubeCLT_1.15.0/GNU-tools-for-STM32/bin/../lib/gcc/arm-none-eabi/12.3.1/../../../../arm-none-eabi/lib/thumb/v6-m/nofp/crt0.o (__libc_init_array)
C:/ST/STM32CubeCLT_1.15.0/GNU-tools-for-STM32/bin/../lib/gcc/arm-none-eabi/12.3.1/../../../../arm-none-eabi/lib/thumb/v6-m/nofp\libc_nano.a(libc_a-lock.o)
                              C:/ST/STM32CubeCLT_1.15.0/GNU-tools-for-STM32/bin/../lib/gcc/arm-none-eabi/12.3.1/../../../../arm-none-eabi/lib/thumb/v6-m/nofp\libc_nano.a(libc_a-findfp.o) (__retarget_lock_init_recursive)
C:/ST/STM32CubeCLT_1.15.0/GNU-tools-for-STM32/bin/../lib/gcc/arm-none-eabi/12.3.1/../../../../arm-none-eabi/lib/thumb/v6-m/nofp\libc_nano.a(libc_a-freer.o)
                              C:/ST/STM32CubeCLT_1.15.0/GNU-tools-for-STM32/bin/../lib/gcc/arm-none-eabi/12.3.1/../../../../arm-none-eabi/lib/thumb/v6-m/nofp\libc_nano.a(libc_a-reent.o) (_free_r)
[...]
Memory Configuration

Name             Origin             Length             Attributes
RAM              0x20000000         0x00004000         xrw
FLASH            0x08000000         0x00020000         xr
*default*        0x00000000         0xffffffff

Linker script and memory map

LOAD C:/ST/STM32CubeCLT_1.15.0/GNU-tools-for-STM32/bin/../lib/gcc/arm-none-eabi/12.3.1/thumb/v6-m/nofp/crti.o
LOAD C:/ST/STM32CubeCLT_1.15.0/GNU-tools-for-STM32/bin/../lib/gcc/arm-none-eabi/12.3.1/thumb/v6-m/nofp/crtbegin.o
LOAD C:/ST/STM32CubeCLT_1.15.0/GNU-tools-for-STM32/bin/../lib/gcc/arm-none-eabi/12.3.1/../../../../arm-none-eabi/lib/thumb/v6-m/nofp/crt0.o
START GROUP
LOAD C:/ST/STM32CubeCLT_1.15.0/GNU-tools-for-STM32/bin/../lib/gcc/arm-none-eabi/12.3.1/../../../../arm-none-eabi/lib/thumb/v6-m/nofp\libc_nano.a
LOAD C:/ST/STM32CubeCLT_1.15.0/GNU-tools-for-STM32/bin/../lib/gcc/arm-none-eabi/12.3.1/../../../../arm-none-eabi/lib/thumb/v6-m/nofp\libm.a
END GROUP
LOAD CMakeFiles/flux-finder-v1.dir/Core/Src/main.c.obj
LOAD CMakeFiles/flux-finder-v1.dir/Core/Src/stm32f0xx_it.c.obj
LOAD CMakeFiles/flux-finder-v1.dir/Core/Src/stm32f0xx_hal_msp.c.obj
LOAD CMakeFiles/flux-finder-v1.dir/FATFS/Target/user_diskio.c.obj
LOAD CMakeFiles/flux-finder-v1.dir/FATFS/App/fatfs.c.obj
LOAD CMakeFiles/flux-finder-v1.dir/Drivers/STM32F0xx_HAL_Driver/Src/stm32f0xx_hal_adc.c.obj
LOAD CMakeFiles/flux-finder-v1.dir/Drivers/STM32F0xx_HAL_Driver/Src/stm32f0xx_hal_adc_ex.c.obj
LOAD CMakeFiles/flux-finder-v1.dir/Drivers/STM32F0xx_HAL_Driver/Src/stm32f0xx_hal_rcc.c.obj
LOAD CMakeFiles/flux-finder-v1.dir/Drivers/STM32F0xx_HAL_Driver/Src/stm32f0xx_hal_rcc_ex.c.obj
LOAD CMakeFiles/flux-finder-v1.dir/Drivers/STM32F0xx_HAL_Driver/Src/stm32f0xx_hal.c.obj
LOAD CMakeFiles/flux-finder-v1.dir/Drivers/STM32F0xx_HAL_Driver/Src/stm32f0xx_hal_i2c.c.obj
LOAD CMakeFiles/flux-finder-v1.dir/Drivers/STM32F0xx_HAL_Driver/Src/stm32f0xx_hal_i2c_ex.c.obj
LOAD CMakeFiles/flux-finder-v1.dir/Drivers/STM32F0xx_HAL_Driver/Src/stm32f0xx_hal_gpio.c.obj
LOAD CMakeFiles/flux-finder-v1.dir/Drivers/STM32F0xx_HAL_Driver/Src/stm32f0xx_hal_dma.c.obj
LOAD CMakeFiles/flux-finder-v1.dir/Drivers/STM32F0xx_HAL_Driver/Src/stm32f0xx_hal_cortex.c.obj
LOAD CMakeFiles/flux-finder-v1.dir/Drivers/STM32F0xx_HAL_Driver/Src/stm32f0xx_hal_pwr.c.obj
LOAD CMakeFiles/flux-finder-v1.dir/Drivers/STM32F0xx_HAL_Driver/Src/stm32f0xx_hal_pwr_ex.c.obj
LOAD CMakeFiles/flux-finder-v1.dir/Drivers/STM32F0xx_HAL_Driver/Src/stm32f0xx_hal_flash.c.obj
LOAD CMakeFiles/flux-finder-v1.dir/Drivers/STM32F0xx_HAL_Driver/Src/stm32f0xx_hal_flash_ex.c.obj
LOAD CMakeFiles/flux-finder-v1.dir/Drivers/STM32F0xx_HAL_Driver/Src/stm32f0xx_hal_exti.c.obj
LOAD CMakeFiles/flux-finder-v1.dir/Drivers/STM32F0xx_HAL_Driver/Src/stm32f0xx_hal_spi.c.obj
LOAD CMakeFiles/flux-finder-v1.dir/Drivers/STM32F0xx_HAL_Driver/Src/stm32f0xx_hal_spi_ex.c.obj
LOAD CMakeFiles/flux-finder-v1.dir/Drivers/STM32F0xx_HAL_Driver/Src/stm32f0xx_hal_tim.c.obj
LOAD CMakeFiles/flux-finder-v1.dir/Drivers/STM32F0xx_HAL_Driver/Src/stm32f0xx_hal_tim_ex.c.obj
LOAD CMakeFiles/flux-finder-v1.dir/Drivers/STM32F0xx_HAL_Driver/Src/stm32f0xx_hal_uart.c.obj
LOAD CMakeFiles/flux-finder-v1.dir/Drivers/STM32F0xx_HAL_Driver/Src/stm32f0xx_hal_uart_ex.c.obj
LOAD CMakeFiles/flux-finder-v1.dir/Core/Src/system_stm32f0xx.c.obj
LOAD CMakeFiles/flux-finder-v1.dir/Middlewares/Third_Party/FatFs/src/diskio.c.obj
LOAD CMakeFiles/flux-finder-v1.dir/Middlewares/Third_Party/FatFs/src/ff.c.obj
LOAD CMakeFiles/flux-finder-v1.dir/Middlewares/Third_Party/FatFs/src/ff_gen_drv.c.obj
LOAD CMakeFiles/flux-finder-v1.dir/Middlewares/Third_Party/FatFs/src/option/syscall.c.obj
LOAD CMakeFiles/flux-finder-v1.dir/Core/Src/sysmem.c.obj
LOAD CMakeFiles/flux-finder-v1.dir/Core/Src/syscalls.c.obj
LOAD CMakeFiles/flux-finder-v1.dir/startup_stm32f070xb.s.obj
START GROUP
LOAD C:/ST/STM32CubeCLT_1.15.0/GNU-tools-for-STM32/bin/../lib/gcc/arm-none-eabi/12.3.1/thumb/v6-m/nofp\libgcc.a
LOAD C:/ST/STM32CubeCLT_1.15.0/GNU-tools-for-STM32/bin/../lib/gcc/arm-none-eabi/12.3.1/../../../../arm-none-eabi/lib/thumb/v6-m/nofp\libg_nano.a
LOAD C:/ST/STM32CubeCLT_1.15.0/GNU-tools-for-STM32/bin/../lib/gcc/arm-none-eabi/12.3.1/../../../../arm-none-eabi/lib/thumb/v6-m/nofp\libc_nano.a
END GROUP
START GROUP
LOAD C:/ST/STM32CubeCLT_1.15.0/GNU-tools-for-STM32/bin/../lib/gcc/arm-none-eabi/12.3.1/thumb/v6-m/nofp\libgcc.a
LOAD C:/ST/STM32CubeCLT_1.15.0/GNU-tools-for-STM32/bin/../lib/gcc/arm-none-eabi/12.3.1/../../../../arm-none-eabi/lib/thumb/v6-m/nofp\libc_nano.a
END GROUP
LOAD C:/ST/STM32CubeCLT_1.15.0/GNU-tools-for-STM32/bin/../lib/gcc/arm-none-eabi/12.3.1/thumb/v6-m/nofp/crtend.o
LOAD C:/ST/STM32CubeCLT_1.15.0/GNU-tools-for-STM32/bin/../lib/gcc/arm-none-eabi/12.3.1/thumb/v6-m/nofp/crtn.o
                0x20004000                        _estack = (ORIGIN (RAM) + LENGTH (RAM))
                0x00000200                        _Min_Heap_Size = 0x200
                0x00000400                        _Min_Stack_Size = 0x400

.isr_vector     0x08000000       0xc0
                0x08000000                        . = ALIGN (0x4)
 *(.isr_vector)
 .isr_vector    0x08000000       0xc0 CMakeFiles/flux-finder-v1.dir/startup_stm32f070xb.s.obj
                0x08000000                g_pfnVectors
                0x080000c0                        . = ALIGN (0x4)

.text           0x080000c0     0x3b80
                0x080000c0                        . = ALIGN (0x4)
 *(.text)
 .text          0x080000c0       0x48 C:/ST/STM32CubeCLT_1.15.0/GNU-tools-for-STM32/bin/../lib/gcc/arm-none-eabi/12.3.1/thumb/v6-m/nofp/crtbegin.o
 .text          0x08000108      0x114 C:/ST/STM32CubeCLT_1.15.0/GNU-tools-for-STM32/bin/../lib/gcc/arm-none-eabi/12.3.1/thumb/v6-m/nofp\libgcc.a(_udivsi3.o)
                0x08000108                __aeabi_uidiv
                0x08000108                __udivsi3
                0x08000214                __aeabi_uidivmod
 .text          0x0800021c      0x1d4 C:/ST/STM32CubeCLT_1.15.0/GNU-tools-for-STM32/bin/../lib/gcc/arm-none-eabi/12.3.1/thumb/v6-m/nofp\libgcc.a(_divsi3.o)
                0x0800021c                __divsi3
                0x0800021c                __aeabi_idiv
                0x080003e8                __aeabi_idivmod
 .text          0x080003f0        0x4 C:/ST/STM32CubeCLT_1.15.0/GNU-tools-for-STM32/bin/../lib/gcc/arm-none-eabi/12.3.1/thumb/v6-m/nofp\libgcc.a(_dvmd_tls.o)
                0x080003f0                __aeabi_idiv0
                0x080003f0                __aeabi_ldiv0
 .text          0x080003f4       0x14 C:/ST/STM32CubeCLT_1.15.0/GNU-tools-for-STM32/bin/../lib/gcc/arm-none-eabi/12.3.1/thumb/v6-m/nofp\libgcc.a(_thumb1_case_shi.o)
                0x080003f4                __gnu_thumb1_case_shi
 *(.text*)
 .text.memset   0x08000408       0x10 C:/ST/STM32CubeCLT_1.15.0/GNU-tools-for-STM32/bin/../lib/gcc/arm-none-eabi/12.3.1/../../../../arm-none-eabi/lib/thumb/v6-m/nofp\libc_nano.a(libc_a-memset.o)
                0x08000408                memset
 .text.__libc_init_array
                0x08000418       0x48 C:/ST/STM32CubeCLT_1.15.0/GNU-tools-for-STM32/bin/../lib/gcc/arm-none-eabi/12.3.1/../../../../arm-none-eabi/lib/thumb/v6-m/nofp\libc_nano.a(libc_a-init.o)
                0x08000418                __libc_init_array
 .text.__retarget_lock_acquire_recursive
                0x08000460        0x2 C:/ST/STM32CubeCLT_1.15.0/GNU-tools-for-STM32/bin/../lib/gcc/arm-none-eabi/12.3.1/../../../../arm-none-eabi/lib/thumb/v6-m/nofp\libc_nano.a(libc_a-lock.o)
                0x08000460                __retarget_lock_acquire_recursive
 .text.__retarget_lock_release_recursive
                0x08000462        0x2 C:/ST/STM32CubeCLT_1.15.0/GNU-tools-for-STM32/bin/../lib/gcc/arm-none-eabi/12.3.1/../../../../arm-none-eabi/lib/thumb/v6-m/nofp\libc_nano.a(libc_a-lock.o)
                0x08000462                __retarget_lock_release_recursive
 .text._free_r  0x08000464       0x94 C:/ST/STM32CubeCLT_1.15.0/GNU-tools-for-STM32/bin/../lib/gcc/arm-none-eabi/12.3.1/../../../../arm-none-eabi/lib/thumb/v6-m/nofp\libc_nano.a(libc_a-freer.o)
                0x08000464                _free_r
 .text.sbrk_aligned
                0x080004f8       0x44 C:/ST/STM32CubeCLT_1.15.0/GNU-tools-for-STM32/bin/../lib/gcc/arm-none-eabi/12.3.1/../../../../arm-none-eabi/lib/thumb/v6-m/nofp\libc_nano.a(libc_a-mallocr.o)
 .text._malloc_r
                0x0800053c      0x100 C:/ST/STM32CubeCLT_1.15.0/GNU-tools-for-STM32/bin/../lib/gcc/arm-none-eabi/12.3.1/../../../../arm-none-eabi/lib/thumb/v6-m/nofp\libc_nano.a(libc_a-mallocr.o)
                0x0800053c                _malloc_r
 .text.__malloc_lock
                0x0800063c       0x10 C:/ST/STM32CubeCLT_1.15.0/GNU-tools-for-STM32/bin/../lib/gcc/arm-none-eabi/12.3.1/../../../../arm-none-eabi/lib/thumb/v6-m/nofp\libc_nano.a(libc_a-mlock.o)
                0x0800063c                __malloc_lock
 .text.__malloc_unlock
                0x0800064c       0x10 C:/ST/STM32CubeCLT_1.15.0/GNU-tools-for-STM32/bin/../lib/gcc/arm-none-eabi/12.3.1/../../../../arm-none-eabi/lib/thumb/v6-m/nofp\libc_nano.a(libc_a-mlock.o)
                0x0800064c                __malloc_unlock
 .text._sbrk_r  0x0800065c       0x24 C:/ST/STM32CubeCLT_1.15.0/GNU-tools-for-STM32/bin/../lib/gcc/arm-none-eabi/12.3.1/../../../../arm-none-eabi/lib/thumb/v6-m/nofp\libc_nano.a(libc_a-sbrkr.o)
                0x0800065c                _sbrk_r
 .text.main     0x08000680      0x148 CMakeFiles/flux-finder-v1.dir/Core/Src/main.c.obj
                0x08000680                main
 .text.SystemClock_Config
                0x080007c8       0xe4 CMakeFiles/flux-finder-v1.dir/Core/Src/main.c.obj
                0x080007c8                SystemClock_Config
 .text.MX_ADC_Init
                0x080008ac      0x120 CMakeFiles/flux-finder-v1.dir/Core/Src/main.c.obj
 .text.MX_I2C1_Init
                0x080009cc       0x80 CMakeFiles/flux-finder-v1.dir/Core/Src/main.c.obj
 .text.MX_SPI2_Init
                0x08000a4c       0x7c CMakeFiles/flux-finder-v1.dir/Core/Src/main.c.obj
 .text.MX_USART1_UART_Init
                0x08000ac8       0x60 CMakeFiles/flux-finder-v1.dir/Core/Src/main.c.obj
 .text.MX_DMA_Init
                0x08000b28       0x74 CMakeFiles/flux-finder-v1.dir/Core/Src/main.c.obj
 .text.MX_GPIO_Init
                0x08000b9c      0x1cc CMakeFiles/flux-finder-v1.dir/Core/Src/main.c.obj
 .text.Error_Handler
                0x08000d68        0xc CMakeFiles/flux-finder-v1.dir/Core/Src/main.c.obj
                0x08000d68                Error_Handler
 .text.NMI_Handler
                0x08000d74        0x8 CMakeFiles/flux-finder-v1.dir/Core/Src/stm32f0xx_it.c.obj
                0x08000d74                NMI_Handler
 .text.HardFault_Handler
                0x08000d7c        0x8 CMakeFiles/flux-finder-v1.dir/Core/Src/stm32f0xx_it.c.obj
                0x08000d7c                HardFault_Handler
 .text.SVC_Handler
                0x08000d84        0xa CMakeFiles/flux-finder-v1.dir/Core/Src/stm32f0xx_it.c.obj
                0x08000d84                SVC_Handler
 .text.PendSV_Handler
                0x08000d8e        0xa CMakeFiles/flux-finder-v1.dir/Core/Src/stm32f0xx_it.c.obj
                0x08000d8e                PendSV_Handler
 .text.SysTick_Handler
                0x08000d98        0xe CMakeFiles/flux-finder-v1.dir/Core/Src/stm32f0xx_it.c.obj
                0x08000d98                SysTick_Handler
 *fill*         0x08000da6        0x2 
 .text.HAL_MspInit
                0x08000da8       0x48 CMakeFiles/flux-finder-v1.dir/Core/Src/stm32f0xx_hal_msp.c.obj
                0x08000da8                HAL_MspInit
 .text.HAL_ADC_MspInit
                0x08000df0       0x8c CMakeFiles/flux-finder-v1.dir/Core/Src/stm32f0xx_hal_msp.c.obj
                0x08000df0                HAL_ADC_MspInit
 .text.HAL_I2C_MspInit
                0x08000e7c       0x9c CMakeFiles/flux-finder-v1.dir/Core/Src/stm32f0xx_hal_msp.c.obj
                0x08000e7c                HAL_I2C_MspInit
 .text.HAL_SPI_MspInit
                0x08000f18       0x9c CMakeFiles/flux-finder-v1.dir/Core/Src/stm32f0xx_hal_msp.c.obj
                0x08000f18                HAL_SPI_MspInit
 .text.HAL_UART_MspInit
                0x08000fb4       0x9c CMakeFiles/flux-finder-v1.dir/Core/Src/stm32f0xx_hal_msp.c.obj
                0x08000fb4                HAL_UART_MspInit
 .text.USER_initialize
                0x08001050       0x24 CMakeFiles/flux-finder-v1.dir/FATFS/Target/user_diskio.c.obj
                0x08001050                USER_initialize
 .text.USER_status
                0x08001074       0x24 CMakeFiles/flux-finder-v1.dir/FATFS/Target/user_diskio.c.obj
                0x08001074                USER_status
 .text.USER_read
                0x08001098       0x1e CMakeFiles/flux-finder-v1.dir/FATFS/Target/user_diskio.c.obj
                0x08001098                USER_read
 .text.USER_write
                0x080010b6       0x1e CMakeFiles/flux-finder-v1.dir/FATFS/Target/user_diskio.c.obj
                0x080010b6                USER_write
 .text.USER_ioctl
                0x080010d4       0x28 CMakeFiles/flux-finder-v1.dir/FATFS/Target/user_diskio.c.obj
                0x080010d4                USER_ioctl
 .text.MX_FATFS_Init
                0x080010fc       0x2c CMakeFiles/flux-finder-v1.dir/FATFS/App/fatfs.c.obj
                0x080010fc                MX_FATFS_Init
 .text.HAL_ADC_Init
                0x08001128      0x280 CMakeFiles/flux-finder-v1.dir/Drivers/STM32F0xx_HAL_Driver/Src/stm32f0xx_hal_adc.c.obj
                0x08001128                HAL_ADC_Init
 .text.HAL_ADC_ConfigChannel
                0x080013a8      0x1ec CMakeFiles/flux-finder-v1.dir/Drivers/STM32F0xx_HAL_Driver/Src/stm32f0xx_hal_adc.c.obj
                0x080013a8                HAL_ADC_ConfigChannel
 .text.HAL_RCC_OscConfig
                0x08001594      0x63c CMakeFiles/flux-finder-v1.dir/Drivers/STM32F0xx_HAL_Driver/Src/stm32f0xx_hal_rcc.c.obj
                0x08001594                HAL_RCC_OscConfig
 .text.HAL_RCC_ClockConfig
                0x08001bd0      0x19c CMakeFiles/flux-finder-v1.dir/Drivers/STM32F0xx_HAL_Driver/Src/stm32f0xx_hal_rcc.c.obj
                0x08001bd0                HAL_RCC_ClockConfig
 .text.HAL_RCC_MCOConfig
                0x08001d6c       0x80 CMakeFiles/flux-finder-v1.dir/Drivers/STM32F0xx_HAL_Driver/Src/stm32f0xx_hal_rcc.c.obj
                0x08001d6c                HAL_RCC_MCOConfig
 .text.HAL_RCC_GetSysClockFreq
                0x08001dec       0xb0 CMakeFiles/flux-finder-v1.dir/Drivers/STM32F0xx_HAL_Driver/Src/stm32f0xx_hal_rcc.c.obj
                0x08001dec                HAL_RCC_GetSysClockFreq
 .text.HAL_RCC_GetHCLKFreq
                0x08001e9c       0x14 CMakeFiles/flux-finder-v1.dir/Drivers/STM32F0xx_HAL_Driver/Src/stm32f0xx_hal_rcc.c.obj
                0x08001e9c                HAL_RCC_GetHCLKFreq
 .text.HAL_RCC_GetPCLK1Freq
                0x08001eb0       0x2c CMakeFiles/flux-finder-v1.dir/Drivers/STM32F0xx_HAL_Driver/Src/stm32f0xx_hal_rcc.c.obj
                0x08001eb0                HAL_RCC_GetPCLK1Freq
 .text.HAL_RCCEx_PeriphCLKConfig
                0x08001edc      0x1bc CMakeFiles/flux-finder-v1.dir/Drivers/STM32F0xx_HAL_Driver/Src/stm32f0xx_hal_rcc_ex.c.obj
                0x08001edc                HAL_RCCEx_PeriphCLKConfig
 .text.HAL_Init
                0x08002098       0x28 CMakeFiles/flux-finder-v1.dir/Drivers/STM32F0xx_HAL_Driver/Src/stm32f0xx_hal.c.obj
                0x08002098                HAL_Init
 .text.HAL_InitTick
                0x080020c0       0x68 CMakeFiles/flux-finder-v1.dir/Drivers/STM32F0xx_HAL_Driver/Src/stm32f0xx_hal.c.obj
                0x080020c0                HAL_InitTick
 .text.HAL_IncTick
                0x08002128       0x24 CMakeFiles/flux-finder-v1.dir/Drivers/STM32F0xx_HAL_Driver/Src/stm32f0xx_hal.c.obj
                0x08002128                HAL_IncTick
 .text.HAL_GetTick
                0x0800214c       0x14 CMakeFiles/flux-finder-v1.dir/Drivers/STM32F0xx_HAL_Driver/Src/stm32f0xx_hal.c.obj
                0x0800214c                HAL_GetTick
 .text.HAL_Delay
                0x08002160       0x48 CMakeFiles/flux-finder-v1.dir/Drivers/STM32F0xx_HAL_Driver/Src/stm32f0xx_hal.c.obj
                0x08002160                HAL_Delay
 .text.HAL_I2C_Init
                0x080021a8      0x12c CMakeFiles/flux-finder-v1.dir/Drivers/STM32F0xx_HAL_Driver/Src/stm32f0xx_hal_i2c.c.obj
                0x080021a8                HAL_I2C_Init
 .text.HAL_I2CEx_ConfigAnalogFilter
                0x080022d4       0x98 CMakeFiles/flux-finder-v1.dir/Drivers/STM32F0xx_HAL_Driver/Src/stm32f0xx_hal_i2c_ex.c.obj
                0x080022d4                HAL_I2CEx_ConfigAnalogFilter
 .text.HAL_I2CEx_ConfigDigitalFilter
                0x0800236c       0x98 CMakeFiles/flux-finder-v1.dir/Drivers/STM32F0xx_HAL_Driver/Src/stm32f0xx_hal_i2c_ex.c.obj
                0x0800236c                HAL_I2CEx_ConfigDigitalFilter
 .text.HAL_GPIO_Init
                0x08002404      0x2e0 CMakeFiles/flux-finder-v1.dir/Drivers/STM32F0xx_HAL_Driver/Src/stm32f0xx_hal_gpio.c.obj
                0x08002404                HAL_GPIO_Init
 .text.HAL_GPIO_WritePin
                0x080026e4       0x3a CMakeFiles/flux-finder-v1.dir/Drivers/STM32F0xx_HAL_Driver/Src/stm32f0xx_hal_gpio.c.obj
                0x080026e4                HAL_GPIO_WritePin
 *fill*         0x0800271e        0x2 
 .text.HAL_DMA_Init
                0x08002720       0x90 CMakeFiles/flux-finder-v1.dir/Drivers/STM32F0xx_HAL_Driver/Src/stm32f0xx_hal_dma.c.obj
                0x08002720                HAL_DMA_Init
 .text.DMA_CalcBaseAndBitshift
                0x080027b0       0x38 CMakeFiles/flux-finder-v1.dir/Drivers/STM32F0xx_HAL_Driver/Src/stm32f0xx_hal_dma.c.obj
 .text.__NVIC_SetPriority
                0x080027e8       0xdc CMakeFiles/flux-finder-v1.dir/Drivers/STM32F0xx_HAL_Driver/Src/stm32f0xx_hal_cortex.c.obj
 .text.SysTick_Config
                0x080028c4       0x48 CMakeFiles/flux-finder-v1.dir/Drivers/STM32F0xx_HAL_Driver/Src/stm32f0xx_hal_cortex.c.obj
 .text.HAL_NVIC_SetPriority
                0x0800290c       0x2a CMakeFiles/flux-finder-v1.dir/Drivers/STM32F0xx_HAL_Driver/Src/stm32f0xx_hal_cortex.c.obj
                0x0800290c                HAL_NVIC_SetPriority
 .text.HAL_SYSTICK_Config
                0x08002936       0x1a CMakeFiles/flux-finder-v1.dir/Drivers/STM32F0xx_HAL_Driver/Src/stm32f0xx_hal_cortex.c.obj
                0x08002936                HAL_SYSTICK_Config
 .text.HAL_SPI_Init
                0x08002950      0x170 CMakeFiles/flux-finder-v1.dir/Drivers/STM32F0xx_HAL_Driver/Src/stm32f0xx_hal_spi.c.obj
                0x08002950                HAL_SPI_Init
 .text.HAL_UART_Init
                0x08002ac0       0xa8 CMakeFiles/flux-finder-v1.dir/Drivers/STM32F0xx_HAL_Driver/Src/stm32f0xx_hal_uart.c.obj
                0x08002ac0                HAL_UART_Init
 .text.HAL_UART_Transmit
                0x08002b68      0x13e CMakeFiles/flux-finder-v1.dir/Drivers/STM32F0xx_HAL_Driver/Src/stm32f0xx_hal_uart.c.obj
                0x08002b68                HAL_UART_Transmit
 *fill*         0x08002ca6        0x2 
 .text.UART_SetConfig
                0x08002ca8      0x2b0 CMakeFiles/flux-finder-v1.dir/Drivers/STM32F0xx_HAL_Driver/Src/stm32f0xx_hal_uart.c.obj
                0x08002ca8                UART_SetConfig
 .text.UART_AdvFeatureConfig
                0x08002f58      0x168 CMakeFiles/flux-finder-v1.dir/Drivers/STM32F0xx_HAL_Driver/Src/stm32f0xx_hal_uart.c.obj
                0x08002f58                UART_AdvFeatureConfig
 .text.UART_CheckIdleState
                0x080030c0      0x150 CMakeFiles/flux-finder-v1.dir/Drivers/STM32F0xx_HAL_Driver/Src/stm32f0xx_hal_uart.c.obj
                0x080030c0                UART_CheckIdleState
 .text.UART_WaitOnFlagUntilTimeout
                0x08003210       0xd2 CMakeFiles/flux-finder-v1.dir/Drivers/STM32F0xx_HAL_Driver/Src/stm32f0xx_hal_uart.c.obj
                0x08003210                UART_WaitOnFlagUntilTimeout
 *fill*         0x080032e2        0x2 
 .text.UART_EndRxTransfer
                0x080032e4       0xc8 CMakeFiles/flux-finder-v1.dir/Drivers/STM32F0xx_HAL_Driver/Src/stm32f0xx_hal_uart.c.obj
 .text.SystemInit
                0x080033ac        0xa CMakeFiles/flux-finder-v1.dir/Core/Src/system_stm32f0xx.c.obj
                0x080033ac                SystemInit
 *fill*         0x080033b6        0x2 
 .text.FATFS_LinkDriverEx
                0x080033b8       0xa8 CMakeFiles/flux-finder-v1.dir/Middlewares/Third_Party/FatFs/src/ff_gen_drv.c.obj
                0x080033b8                FATFS_LinkDriverEx
 .text.FATFS_LinkDriver
                0x08003460       0x20 CMakeFiles/flux-finder-v1.dir/Middlewares/Third_Party/FatFs/src/ff_gen_drv.c.obj
                0x08003460                FATFS_LinkDriver
 .text._sbrk    0x08003480       0x6c CMakeFiles/flux-finder-v1.dir/Core/Src/sysmem.c.obj
                0x08003480                _sbrk
 .text.Reset_Handler
                0x080034ec       0x50 CMakeFiles/flux-finder-v1.dir/startup_stm32f070xb.s.obj
                0x080034ec                Reset_Handler
 .text.Default_Handler
                0x0800353c        0x2 CMakeFiles/flux-finder-v1.dir/startup_stm32f070xb.s.obj
                0x0800353c                TIM1_CC_IRQHandler
                0x0800353c                TIM6_IRQHandler
                0x0800353c                I2C1_IRQHandler
                0x0800353c                SPI1_IRQHandler
                0x0800353c                USART3_4_IRQHandler
                0x0800353c                EXTI2_3_IRQHandler
                0x0800353c                ADC1_IRQHandler
                0x0800353c                I2C2_IRQHandler
                0x0800353c                TIM17_IRQHandler
                0x0800353c                RTC_IRQHandler
                0x0800353c                TIM16_IRQHandler
                0x0800353c                TIM3_IRQHandler
                0x0800353c                EXTI4_15_IRQHandler
                0x0800353c                RCC_IRQHandler
                0x0800353c                DMA1_Channel1_IRQHandler
                0x0800353c                Default_Handler
                0x0800353c                TIM14_IRQHandler
                0x0800353c                DMA1_Channel4_5_IRQHandler
                0x0800353c                TIM7_IRQHandler
                0x0800353c                TIM15_IRQHandler
                0x0800353c                EXTI0_1_IRQHandler
                0x0800353c                USB_IRQHandler
                0x0800353c                SPI2_IRQHandler
                0x0800353c                WWDG_IRQHandler
                0x0800353c                DMA1_Channel2_3_IRQHandler
                0x0800353c                USART2_IRQHandler
                0x0800353c                FLASH_IRQHandler
                0x0800353c                USART1_IRQHandler
                0x0800353c                TIM1_BRK_UP_TRG_COM_IRQHandler
 *fill*         0x0800353e        0x2 
 .text.snprintf
                0x08003540       0x68 C:/ST/STM32CubeCLT_1.15.0/GNU-tools-for-STM32/bin/../lib/gcc/arm-none-eabi/12.3.1/../../../../arm-none-eabi/lib/thumb/v6-m/nofp\libg_nano.a(libc_a-snprintf.o)
                0x08003540                sniprintf
                0x08003540                snprintf
 .text.__errno  0x080035a8        0xc C:/ST/STM32CubeCLT_1.15.0/GNU-tools-for-STM32/bin/../lib/gcc/arm-none-eabi/12.3.1/../../../../arm-none-eabi/lib/thumb/v6-m/nofp\libg_nano.a(libc_a-errno.o)
                0x080035a8                __errno
 .text.__ssputs_r
                0x080035b4       0xc0 C:/ST/STM32CubeCLT_1.15.0/GNU-tools-for-STM32/bin/../lib/gcc/arm-none-eabi/12.3.1/../../../../arm-none-eabi/lib/thumb/v6-m/nofp\libg_nano.a(libc_a-nano-svfprintf.o)
                0x080035b4                __ssputs_r
 .text._svfprintf_r
                0x08003674      0x1fc C:/ST/STM32CubeCLT_1.15.0/GNU-tools-for-STM32/bin/../lib/gcc/arm-none-eabi/12.3.1/../../../../arm-none-eabi/lib/thumb/v6-m/nofp\libg_nano.a(libc_a-nano-svfprintf.o)
                0x08003674                _svfiprintf_r
                0x08003674                _svfprintf_r
 .text._printf_common
                0x08003870       0xde C:/ST/STM32CubeCLT_1.15.0/GNU-tools-for-STM32/bin/../lib/gcc/arm-none-eabi/12.3.1/../../../../arm-none-eabi/lib/thumb/v6-m/nofp\libg_nano.a(libc_a-nano-vfprintf_i.o)
                0x08003870                _printf_common
 *fill*         0x0800394e        0x2 
 .text._printf_i
                0x08003950      0x21c C:/ST/STM32CubeCLT_1.15.0/GNU-tools-for-STM32/bin/../lib/gcc/arm-none-eabi/12.3.1/../../../../arm-none-eabi/lib/thumb/v6-m/nofp\libg_nano.a(libc_a-nano-vfprintf_i.o)
                0x08003950                _printf_i
 .text.memmove  0x08003b6c       0x26 C:/ST/STM32CubeCLT_1.15.0/GNU-tools-for-STM32/bin/../lib/gcc/arm-none-eabi/12.3.1/../../../../arm-none-eabi/lib/thumb/v6-m/nofp\libg_nano.a(libc_a-memmove.o)
                0x08003b6c                memmove
 .text.memchr   0x08003b92       0x16 C:/ST/STM32CubeCLT_1.15.0/GNU-tools-for-STM32/bin/../lib/gcc/arm-none-eabi/12.3.1/../../../../arm-none-eabi/lib/thumb/v6-m/nofp\libg_nano.a(libc_a-memchr-stub.o)
                0x08003b92                memchr
 .text.memcpy   0x08003ba8       0x12 C:/ST/STM32CubeCLT_1.15.0/GNU-tools-for-STM32/bin/../lib/gcc/arm-none-eabi/12.3.1/../../../../arm-none-eabi/lib/thumb/v6-m/nofp\libg_nano.a(libc_a-memcpy-stub.o)
                0x08003ba8                memcpy
 .text._realloc_r
                0x08003bba       0x5e C:/ST/STM32CubeCLT_1.15.0/GNU-tools-for-STM32/bin/../lib/gcc/arm-none-eabi/12.3.1/../../../../arm-none-eabi/lib/thumb/v6-m/nofp\libg_nano.a(libc_a-reallocr.o)
                0x08003bba                _realloc_r
 .text._malloc_usable_size_r
                0x08003c18       0x10 C:/ST/STM32CubeCLT_1.15.0/GNU-tools-for-STM32/bin/../lib/gcc/arm-none-eabi/12.3.1/../../../../arm-none-eabi/lib/thumb/v6-m/nofp\libg_nano.a(libc_a-msizer.o)
                0x08003c18                _malloc_usable_size_r
 *(.glue_7)
 .glue_7        0x08003c28        0x0 linker stubs
 *(.glue_7t)
 .glue_7t       0x08003c28        0x0 linker stubs
 *(.eh_frame)
 .eh_frame      0x08003c28        0x0 C:/ST/STM32CubeCLT_1.15.0/GNU-tools-for-STM32/bin/../lib/gcc/arm-none-eabi/12.3.1/thumb/v6-m/nofp/crtbegin.o
 *(.init)
 .init          0x08003c28        0x4 C:/ST/STM32CubeCLT_1.15.0/GNU-tools-for-STM32/bin/../lib/gcc/arm-none-eabi/12.3.1/thumb/v6-m/nofp/crti.o
                0x08003c28                _init
 .init          0x08003c2c        0x8 C:/ST/STM32CubeCLT_1.15.0/GNU-tools-for-STM32/bin/../lib/gcc/arm-none-eabi/12.3.1/thumb/v6-m/nofp/crtn.o
 *(.fini)
 .fini          0x08003c34        0x4 C:/ST/STM32CubeCLT_1.15.0/GNU-tools-for-STM32/bin/../lib/gcc/arm-none-eabi/12.3.1/thumb/v6-m/nofp/crti.o
                0x08003c34                _fini
 .fini          0x08003c38        0x8 C:/ST/STM32CubeCLT_1.15.0/GNU-tools-for-STM32/bin/../lib/gcc/arm-none-eabi/12.3.1/thumb/v6-m/nofp/crtn.o
                0x08003c40                        . = ALIGN (0x4)
                0x08003c40                        _etext = .

.vfp11_veneer   0x08003c40        0x0
 .vfp11_veneer  0x08003c40        0x0 linker stubs

.v4_bx          0x08003c40        0x0
 .v4_bx         0x08003c40        0x0 linker stubs

.iplt           0x08003c40        0x0
 .iplt          0x08003c40        0x0 C:/ST/STM32CubeCLT_1.15.0/GNU-tools-for-STM32/bin/../lib/gcc/arm-none-eabi/12.3.1/thumb/v6-m/nofp/crtbegin.o

.rodata         0x08003c40       0x88
                0x08003c40                        . = ALIGN (0x4)
 *(.rodata)
 .rodata        0x08003c40       0x19 CMakeFiles/flux-finder-v1.dir/Core/Src/main.c.obj
 *(.rodata*)
 *fill*         0x08003c59        0x3 
 .rodata.aPLLMULFactorTable.1
                0x08003c5c       0x10 CMakeFiles/flux-finder-v1.dir/Drivers/STM32F0xx_HAL_Driver/Src/stm32f0xx_hal_rcc.c.obj
 .rodata.aPredivFactorTable.0
                0x08003c6c       0x10 CMakeFiles/flux-finder-v1.dir/Drivers/STM32F0xx_HAL_Driver/Src/stm32f0xx_hal_rcc.c.obj
 .rodata.AHBPrescTable
                0x08003c7c       0x10 CMakeFiles/flux-finder-v1.dir/Core/Src/system_stm32f0xx.c.obj
                0x08003c7c                AHBPrescTable
 .rodata.APBPrescTable
                0x08003c8c        0x8 CMakeFiles/flux-finder-v1.dir/Core/Src/system_stm32f0xx.c.obj
                0x08003c8c                APBPrescTable
 .rodata._svfprintf_r.str1.1
                0x08003c94       0x11 C:/ST/STM32CubeCLT_1.15.0/GNU-tools-for-STM32/bin/../lib/gcc/arm-none-eabi/12.3.1/../../../../arm-none-eabi/lib/thumb/v6-m/nofp\libg_nano.a(libc_a-nano-svfprintf.o)
 .rodata._printf_i.str1.1
                0x08003ca5       0x22 C:/ST/STM32CubeCLT_1.15.0/GNU-tools-for-STM32/bin/../lib/gcc/arm-none-eabi/12.3.1/../../../../arm-none-eabi/lib/thumb/v6-m/nofp\libg_nano.a(libc_a-nano-vfprintf_i.o)
                0x08003cc8                        . = ALIGN (0x4)
 *fill*         0x08003cc7        0x1 

.rel.dyn        0x08003cc8        0x0
 .rel.iplt      0x08003cc8        0x0 C:/ST/STM32CubeCLT_1.15.0/GNU-tools-for-STM32/bin/../lib/gcc/arm-none-eabi/12.3.1/thumb/v6-m/nofp/crtbegin.o

.ARM.extab
 *(.ARM.extab* .gnu.linkonce.armextab.*)

.ARM            0x08003cc8        0x0
                0x08003cc8                        __exidx_start = .
 *(.ARM.exidx*)
                0x08003cc8                        __exidx_end = .

.preinit_array  0x08003cc8        0x0
                0x08003cc8                        PROVIDE (__preinit_array_start = .)
 *(.preinit_array*)
                0x08003cc8                        PROVIDE (__preinit_array_end = .)

.init_array     0x08003cc8        0x4
                0x08003cc8                        PROVIDE (__init_array_start = .)
 *(SORT_BY_NAME(.init_array.*))
 *(.init_array*)
 .init_array    0x08003cc8        0x4 C:/ST/STM32CubeCLT_1.15.0/GNU-tools-for-STM32/bin/../lib/gcc/arm-none-eabi/12.3.1/thumb/v6-m/nofp/crtbegin.o
                0x08003ccc                        PROVIDE (__init_array_end = .)

.fini_array     0x08003ccc        0x4
                [!provide]                        PROVIDE (__fini_array_start = .)
 *(SORT_BY_NAME(.fini_array.*))
 *(.fini_array*)
 .fini_array    0x08003ccc        0x4 C:/ST/STM32CubeCLT_1.15.0/GNU-tools-for-STM32/bin/../lib/gcc/arm-none-eabi/12.3.1/thumb/v6-m/nofp/crtbegin.o
                [!provide]                        PROVIDE (__fini_array_end = .)
                0x08003cd0                        _sidata = LOADADDR (.data)

.data           0x20000000       0x74 load address 0x08003cd0
                0x20000000                        . = ALIGN (0x4)
                0x20000000                        _sdata = .
 *(.data)
 *(.data*)
 .data._impure_ptr
                0x20000000        0x4 C:/ST/STM32CubeCLT_1.15.0/GNU-tools-for-STM32/bin/../lib/gcc/arm-none-eabi/12.3.1/../../../../arm-none-eabi/lib/thumb/v6-m/nofp\libc_nano.a(libc_a-impure.o)
                0x20000000                _impure_ptr
 .data._impure_data
                0x20000004       0x4c C:/ST/STM32CubeCLT_1.15.0/GNU-tools-for-STM32/bin/../lib/gcc/arm-none-eabi/12.3.1/../../../../arm-none-eabi/lib/thumb/v6-m/nofp\libc_nano.a(libc_a-impure.o)
                0x20000004                _impure_data
 .data.Stat     0x20000050        0x1 CMakeFiles/flux-finder-v1.dir/FATFS/Target/user_diskio.c.obj
 *fill*         0x20000051        0x3 
 .data.USER_Driver
                0x20000054       0x14 CMakeFiles/flux-finder-v1.dir/FATFS/Target/user_diskio.c.obj
                0x20000054                USER_Driver
 .data.uwTickPrio
                0x20000068        0x4 CMakeFiles/flux-finder-v1.dir/Drivers/STM32F0xx_HAL_Driver/Src/stm32f0xx_hal.c.obj
                0x20000068                uwTickPrio
 .data.uwTickFreq
                0x2000006c        0x1 CMakeFiles/flux-finder-v1.dir/Drivers/STM32F0xx_HAL_Driver/Src/stm32f0xx_hal.c.obj
                0x2000006c                uwTickFreq
 *fill*         0x2000006d        0x3 
 .data.SystemCoreClock
                0x20000070        0x4 CMakeFiles/flux-finder-v1.dir/Core/Src/system_stm32f0xx.c.obj
                0x20000070                SystemCoreClock
                0x20000074                        . = ALIGN (0x4)
                0x20000074                        _edata = .

.igot.plt       0x20000074        0x0 load address 0x08003d44
 .igot.plt      0x20000074        0x0 C:/ST/STM32CubeCLT_1.15.0/GNU-tools-for-STM32/bin/../lib/gcc/arm-none-eabi/12.3.1/thumb/v6-m/nofp/crtbegin.o
                0x20000074                        . = ALIGN (0x4)

.bss            0x20000074      0x344 load address 0x08003d44
                0x20000074                        _sbss = .
                0x20000074                        __bss_start__ = _sbss
 *(.bss)
 .bss           0x20000074       0x1c C:/ST/STM32CubeCLT_1.15.0/GNU-tools-for-STM32/bin/../lib/gcc/arm-none-eabi/12.3.1/thumb/v6-m/nofp/crtbegin.o
 *(.bss*)
 .bss.__sf      0x20000090      0x138 C:/ST/STM32CubeCLT_1.15.0/GNU-tools-for-STM32/bin/../lib/gcc/arm-none-eabi/12.3.1/../../../../arm-none-eabi/lib/thumb/v6-m/nofp\libc_nano.a(libc_a-findfp.o)
                0x20000090                __sf
 .bss.errno     0x200001c8        0x4 C:/ST/STM32CubeCLT_1.15.0/GNU-tools-for-STM32/bin/../lib/gcc/arm-none-eabi/12.3.1/../../../../arm-none-eabi/lib/thumb/v6-m/nofp\libc_nano.a(libc_a-reent.o)
                0x200001c8                errno
 .bss.__lock___malloc_recursive_mutex
                0x200001cc        0x1 C:/ST/STM32CubeCLT_1.15.0/GNU-tools-for-STM32/bin/../lib/gcc/arm-none-eabi/12.3.1/../../../../arm-none-eabi/lib/thumb/v6-m/nofp\libc_nano.a(libc_a-lock.o)
                0x200001cc                __lock___malloc_recursive_mutex
 *fill*         0x200001cd        0x3 
 .bss.__malloc_sbrk_start
                0x200001d0        0x4 C:/ST/STM32CubeCLT_1.15.0/GNU-tools-for-STM32/bin/../lib/gcc/arm-none-eabi/12.3.1/../../../../arm-none-eabi/lib/thumb/v6-m/nofp\libc_nano.a(libc_a-mallocr.o)
                0x200001d0                __malloc_sbrk_start
 .bss.__malloc_free_list
                0x200001d4        0x4 C:/ST/STM32CubeCLT_1.15.0/GNU-tools-for-STM32/bin/../lib/gcc/arm-none-eabi/12.3.1/../../../../arm-none-eabi/lib/thumb/v6-m/nofp\libc_nano.a(libc_a-mallocr.o)
                0x200001d4                __malloc_free_list
 .bss.hadc      0x200001d8       0x40 CMakeFiles/flux-finder-v1.dir/Core/Src/main.c.obj
                0x200001d8                hadc
 .bss.hi2c1     0x20000218       0x54 CMakeFiles/flux-finder-v1.dir/Core/Src/main.c.obj
                0x20000218                hi2c1
 .bss.hspi2     0x2000026c       0x64 CMakeFiles/flux-finder-v1.dir/Core/Src/main.c.obj
                0x2000026c                hspi2
 .bss.huart1    0x200002d0       0x88 CMakeFiles/flux-finder-v1.dir/Core/Src/main.c.obj
                0x200002d0                huart1
 .bss.hdma_memtomem_dma1_channel1
                0x20000358       0x44 CMakeFiles/flux-finder-v1.dir/Core/Src/main.c.obj
                0x20000358                hdma_memtomem_dma1_channel1
 .bss.retUSER   0x2000039c        0x1 CMakeFiles/flux-finder-v1.dir/FATFS/App/fatfs.c.obj
                0x2000039c                retUSER
 *fill*         0x2000039d        0x3 
 .bss.USERPath  0x200003a0        0x4 CMakeFiles/flux-finder-v1.dir/FATFS/App/fatfs.c.obj
                0x200003a0                USERPath
 .bss.uwTick    0x200003a4        0x4 CMakeFiles/flux-finder-v1.dir/Drivers/STM32F0xx_HAL_Driver/Src/stm32f0xx_hal.c.obj
                0x200003a4                uwTick
 .bss.disk      0x200003a8        0xc CMakeFiles/flux-finder-v1.dir/Middlewares/Third_Party/FatFs/src/ff_gen_drv.c.obj
                0x200003a8                disk
 .bss.__sbrk_heap_end
                0x200003b4        0x4 CMakeFiles/flux-finder-v1.dir/Core/Src/sysmem.c.obj
 *(COMMON)
                0x200003b8                        . = ALIGN (0x4)
                0x200003b8                        _ebss = .
                0x200003b8                        __bss_end__ = _ebss

._user_heap_stack
                0x200003b8      0x600 load address 0x08003d44
                0x200003b8                        . = ALIGN (0x8)
                [!provide]                        PROVIDE (end = .)
                0x200003b8                        PROVIDE (_end = .)
                0x200005b8                        . = (. + _Min_Heap_Size)
 *fill*         0x200003b8      0x200 
                0x200009b8                        . = (. + _Min_Stack_Size)
 *fill*         0x200005b8      0x400 
                0x200009b8                        . = ALIGN (0x8)

/DISCARD/
 libc.a(*)
 libm.a(*)
 libgcc.a(*)

.ARM.attributes
                0x00000000       0x28
 *(.ARM.attributes)
 .ARM.attributes
                0x00000000       0x1e C:/ST/STM32CubeCLT_1.15.0/GNU-tools-for-STM32/bin/../lib/gcc/arm-none-eabi/12.3.1/thumb/v6-m/nofp/crti.o
 .ARM.attributes
                0x0000001e       0x2c C:/ST/STM32CubeCLT_1.15.0/GNU-tools-for-STM32/bin/../lib/gcc/arm-none-eabi/12.3.1/thumb/v6-m/nofp/crtbegin.o
 .ARM.attributes
                0x0000004a       0x2c C:/ST/STM32CubeCLT_1.15.0/GNU-tools-for-STM32/bin/../lib/gcc/arm-none-eabi/12.3.1/../../../../arm-none-eabi/lib/thumb/v6-m/nofp\libc_nano.a(libc_a-findfp.o)
 .ARM.attributes
                0x00000076       0x2c C:/ST/STM32CubeCLT_1.15.0/GNU-tools-for-STM32/bin/../lib/gcc/arm-none-eabi/12.3.1/../../../../arm-none-eabi/lib/thumb/v6-m/nofp\libc_nano.a(libc_a-memset.o)
 .ARM.attributes
                0x000000a2       0x2c C:/ST/STM32CubeCLT_1.15.0/GNU-tools-for-STM32/bin/../lib/gcc/arm-none-eabi/12.3.1/../../../../arm-none-eabi/lib/thumb/v6-m/nofp\libc_nano.a(libc_a-reent.o)
 .ARM.attributes
                0x000000ce       0x2c C:/ST/STM32CubeCLT_1.15.0/GNU-tools-for-STM32/bin/../lib/gcc/arm-none-eabi/12.3.1/../../../../arm-none-eabi/lib/thumb/v6-m/nofp\libc_nano.a(libc_a-impure.o)
 .ARM.attributes
                0x000000fa       0x2c C:/ST/STM32CubeCLT_1.15.0/GNU-tools-for-STM32/bin/../lib/gcc/arm-none-eabi/12.3.1/../../../../arm-none-eabi/lib/thumb/v6-m/nofp\libc_nano.a(libc_a-init.o)
 .ARM.attributes
                0x00000126       0x2c C:/ST/STM32CubeCLT_1.15.0/GNU-tools-for-STM32/bin/../lib/gcc/arm-none-eabi/12.3.1/../../../../arm-none-eabi/lib/thumb/v6-m/nofp\libc_nano.a(libc_a-lock.o)
 .ARM.attributes
                0x00000152       0x2c C:/ST/STM32CubeCLT_1.15.0/GNU-tools-for-STM32/bin/../lib/gcc/arm-none-eabi/12.3.1/../../../../arm-none-eabi/lib/thumb/v6-m/nofp\libc_nano.a(libc_a-freer.o)
 .ARM.attributes
                0x0000017e       0x2c C:/ST/STM32CubeCLT_1.15.0/GNU-tools-for-STM32/bin/../lib/gcc/arm-none-eabi/12.3.1/../../../../arm-none-eabi/lib/thumb/v6-m/nofp\libc_nano.a(libc_a-mallocr.o)
 .ARM.attributes
                0x000001aa       0x2c C:/ST/STM32CubeCLT_1.15.0/GNU-tools-for-STM32/bin/../lib/gcc/arm-none-eabi/12.3.1/../../../../arm-none-eabi/lib/thumb/v6-m/nofp\libc_nano.a(libc_a-mlock.o)
 .ARM.attributes
                0x000001d6       0x2c C:/ST/STM32CubeCLT_1.15.0/GNU-tools-for-STM32/bin/../lib/gcc/arm-none-eabi/12.3.1/../../../../arm-none-eabi/lib/thumb/v6-m/nofp\libc_nano.a(libc_a-sbrkr.o)
 .ARM.attributes
                0x00000202       0x2c CMakeFiles/flux-finder-v1.dir/Core/Src/main.c.obj
 .ARM.attributes
                0x0000022e       0x2c CMakeFiles/flux-finder-v1.dir/Core/Src/stm32f0xx_it.c.obj
 .ARM.attributes
                0x0000025a       0x2c CMakeFiles/flux-finder-v1.dir/Core/Src/stm32f0xx_hal_msp.c.obj
 .ARM.attributes
                0x00000286       0x2c CMakeFiles/flux-finder-v1.dir/FATFS/Target/user_diskio.c.obj
 .ARM.attributes
                0x000002b2       0x2c CMakeFiles/flux-finder-v1.dir/FATFS/App/fatfs.c.obj
 .ARM.attributes
                0x000002de       0x2c CMakeFiles/flux-finder-v1.dir/Drivers/STM32F0xx_HAL_Driver/Src/stm32f0xx_hal_adc.c.obj
 .ARM.attributes
                0x0000030a       0x2c CMakeFiles/flux-finder-v1.dir/Drivers/STM32F0xx_HAL_Driver/Src/stm32f0xx_hal_rcc.c.obj
 .ARM.attributes
                0x00000336       0x2c CMakeFiles/flux-finder-v1.dir/Drivers/STM32F0xx_HAL_Driver/Src/stm32f0xx_hal_rcc_ex.c.obj
 .ARM.attributes
                0x00000362       0x2c CMakeFiles/flux-finder-v1.dir/Drivers/STM32F0xx_HAL_Driver/Src/stm32f0xx_hal.c.obj
 .ARM.attributes
                0x0000038e       0x2c CMakeFiles/flux-finder-v1.dir/Drivers/STM32F0xx_HAL_Driver/Src/stm32f0xx_hal_i2c.c.obj
 .ARM.attributes
                0x000003ba       0x2c CMakeFiles/flux-finder-v1.dir/Drivers/STM32F0xx_HAL_Driver/Src/stm32f0xx_hal_i2c_ex.c.obj
 .ARM.attributes
                0x000003e6       0x2c CMakeFiles/flux-finder-v1.dir/Drivers/STM32F0xx_HAL_Driver/Src/stm32f0xx_hal_gpio.c.obj
 .ARM.attributes
                0x00000412       0x2c CMakeFiles/flux-finder-v1.dir/Drivers/STM32F0xx_HAL_Driver/Src/stm32f0xx_hal_dma.c.obj
 .ARM.attributes
                0x0000043e       0x2c CMakeFiles/flux-finder-v1.dir/Drivers/STM32F0xx_HAL_Driver/Src/stm32f0xx_hal_cortex.c.obj
 .ARM.attributes
                0x0000046a       0x2c CMakeFiles/flux-finder-v1.dir/Drivers/STM32F0xx_HAL_Driver/Src/stm32f0xx_hal_spi.c.obj
 .ARM.attributes
                0x00000496       0x2c CMakeFiles/flux-finder-v1.dir/Drivers/STM32F0xx_HAL_Driver/Src/stm32f0xx_hal_uart.c.obj
 .ARM.attributes
                0x000004c2       0x2c CMakeFiles/flux-finder-v1.dir/Core/Src/system_stm32f0xx.c.obj
 .ARM.attributes
                0x000004ee       0x2c CMakeFiles/flux-finder-v1.dir/Middlewares/Third_Party/FatFs/src/ff_gen_drv.c.obj
 .ARM.attributes
                0x0000051a       0x2c CMakeFiles/flux-finder-v1.dir/Core/Src/sysmem.c.obj
 .ARM.attributes
                0x00000546       0x21 CMakeFiles/flux-finder-v1.dir/startup_stm32f070xb.s.obj
 .ARM.attributes
                0x00000567       0x1e C:/ST/STM32CubeCLT_1.15.0/GNU-tools-for-STM32/bin/../lib/gcc/arm-none-eabi/12.3.1/thumb/v6-m/nofp\libgcc.a(_udivsi3.o)
 .ARM.attributes
                0x00000585       0x1e C:/ST/STM32CubeCLT_1.15.0/GNU-tools-for-STM32/bin/../lib/gcc/arm-none-eabi/12.3.1/thumb/v6-m/nofp\libgcc.a(_divsi3.o)
 .ARM.attributes
                0x000005a3       0x1e C:/ST/STM32CubeCLT_1.15.0/GNU-tools-for-STM32/bin/../lib/gcc/arm-none-eabi/12.3.1/thumb/v6-m/nofp\libgcc.a(_dvmd_tls.o)
 .ARM.attributes
                0x000005c1       0x2c C:/ST/STM32CubeCLT_1.15.0/GNU-tools-for-STM32/bin/../lib/gcc/arm-none-eabi/12.3.1/../../../../arm-none-eabi/lib/thumb/v6-m/nofp\libg_nano.a(libc_a-snprintf.o)
 .ARM.attributes
                0x000005ed       0x2c C:/ST/STM32CubeCLT_1.15.0/GNU-tools-for-STM32/bin/../lib/gcc/arm-none-eabi/12.3.1/../../../../arm-none-eabi/lib/thumb/v6-m/nofp\libg_nano.a(libc_a-errno.o)
 .ARM.attributes
                0x00000619       0x2c C:/ST/STM32CubeCLT_1.15.0/GNU-tools-for-STM32/bin/../lib/gcc/arm-none-eabi/12.3.1/../../../../arm-none-eabi/lib/thumb/v6-m/nofp\libg_nano.a(libc_a-nano-svfprintf.o)
 .ARM.attributes
                0x00000645       0x2c C:/ST/STM32CubeCLT_1.15.0/GNU-tools-for-STM32/bin/../lib/gcc/arm-none-eabi/12.3.1/../../../../arm-none-eabi/lib/thumb/v6-m/nofp\libg_nano.a(libc_a-nano-vfprintf_i.o)
 .ARM.attributes
                0x00000671       0x2c C:/ST/STM32CubeCLT_1.15.0/GNU-tools-for-STM32/bin/../lib/gcc/arm-none-eabi/12.3.1/../../../../arm-none-eabi/lib/thumb/v6-m/nofp\libg_nano.a(libc_a-memmove.o)
 .ARM.attributes
                0x0000069d       0x2c C:/ST/STM32CubeCLT_1.15.0/GNU-tools-for-STM32/bin/../lib/gcc/arm-none-eabi/12.3.1/../../../../arm-none-eabi/lib/thumb/v6-m/nofp\libg_nano.a(libc_a-memchr-stub.o)
 .ARM.attributes
                0x000006c9       0x2c C:/ST/STM32CubeCLT_1.15.0/GNU-tools-for-STM32/bin/../lib/gcc/arm-none-eabi/12.3.1/../../../../arm-none-eabi/lib/thumb/v6-m/nofp\libg_nano.a(libc_a-memcpy-stub.o)
 .ARM.attributes
                0x000006f5       0x2c C:/ST/STM32CubeCLT_1.15.0/GNU-tools-for-STM32/bin/../lib/gcc/arm-none-eabi/12.3.1/../../../../arm-none-eabi/lib/thumb/v6-m/nofp\libg_nano.a(libc_a-reallocr.o)
 .ARM.attributes
                0x00000721       0x2c C:/ST/STM32CubeCLT_1.15.0/GNU-tools-for-STM32/bin/../lib/gcc/arm-none-eabi/12.3.1/../../../../arm-none-eabi/lib/thumb/v6-m/nofp\libg_nano.a(libc_a-msizer.o)
 .ARM.attributes
                0x0000074d       0x1e C:/ST/STM32CubeCLT_1.15.0/GNU-tools-for-STM32/bin/../lib/gcc/arm-none-eabi/12.3.1/thumb/v6-m/nofp\libgcc.a(_thumb1_case_shi.o)
 .ARM.attributes
                0x0000076b       0x1e C:/ST/STM32CubeCLT_1.15.0/GNU-tools-for-STM32/bin/../lib/gcc/arm-none-eabi/12.3.1/thumb/v6-m/nofp/crtn.o
OUTPUT(flux-finder-v1.elf elf32-littlearm)
LOAD linker stubs
LOAD C:/ST/STM32CubeCLT_1.15.0/GNU-tools-for-STM32/bin/../lib/gcc/arm-none-eabi/12.3.1/../../../../arm-none-eabi/lib/thumb/v6-m/nofp\libc.a
LOAD C:/ST/STM32CubeCLT_1.15.0/GNU-tools-for-STM32/bin/../lib/gcc/arm-none-eabi/12.3.1/../../../../arm-none-eabi/lib/thumb/v6-m/nofp\libm.a
LOAD C:/ST/STM32CubeCLT_1.15.0/GNU-tools-for-STM32/bin/../lib/gcc/arm-none-eabi/12.3.1/thumb/v6-m/nofp\libgcc.a

.debug_frame    0x00000000     0x3270
 .debug_frame   0x00000000      0x138 C:/ST/STM32CubeCLT_1.15.0/GNU-tools-for-STM32/bin/../lib/gcc/arm-none-eabi/12.3.1/../../../../arm-none-eabi/lib/thumb/v6-m/nofp\libc_nano.a(libc_a-findfp.o)
 .debug_frame   0x00000138       0x20 C:/ST/STM32CubeCLT_1.15.0/GNU-tools-for-STM32/bin/../lib/gcc/arm-none-eabi/12.3.1/../../../../arm-none-eabi/lib/thumb/v6-m/nofp\libc_nano.a(libc_a-memset.o)
 .debug_frame   0x00000158       0x2c C:/ST/STM32CubeCLT_1.15.0/GNU-tools-for-STM32/bin/../lib/gcc/arm-none-eabi/12.3.1/../../../../arm-none-eabi/lib/thumb/v6-m/nofp\libc_nano.a(libc_a-reent.o)
 .debug_frame   0x00000184       0x2c C:/ST/STM32CubeCLT_1.15.0/GNU-tools-for-STM32/bin/../lib/gcc/arm-none-eabi/12.3.1/../../../../arm-none-eabi/lib/thumb/v6-m/nofp\libc_nano.a(libc_a-init.o)
 .debug_frame   0x000001b0       0xb0 C:/ST/STM32CubeCLT_1.15.0/GNU-tools-for-STM32/bin/../lib/gcc/arm-none-eabi/12.3.1/../../../../arm-none-eabi/lib/thumb/v6-m/nofp\libc_nano.a(libc_a-lock.o)
 .debug_frame   0x00000260       0x2c C:/ST/STM32CubeCLT_1.15.0/GNU-tools-for-STM32/bin/../lib/gcc/arm-none-eabi/12.3.1/../../../../arm-none-eabi/lib/thumb/v6-m/nofp\libc_nano.a(libc_a-freer.o)
 .debug_frame   0x0000028c       0x50 C:/ST/STM32CubeCLT_1.15.0/GNU-tools-for-STM32/bin/../lib/gcc/arm-none-eabi/12.3.1/../../../../arm-none-eabi/lib/thumb/v6-m/nofp\libc_nano.a(libc_a-mallocr.o)
 .debug_frame   0x000002dc       0x40 C:/ST/STM32CubeCLT_1.15.0/GNU-tools-for-STM32/bin/../lib/gcc/arm-none-eabi/12.3.1/../../../../arm-none-eabi/lib/thumb/v6-m/nofp\libc_nano.a(libc_a-mlock.o)
 .debug_frame   0x0000031c       0x2c C:/ST/STM32CubeCLT_1.15.0/GNU-tools-for-STM32/bin/../lib/gcc/arm-none-eabi/12.3.1/../../../../arm-none-eabi/lib/thumb/v6-m/nofp\libc_nano.a(libc_a-sbrkr.o)
 .debug_frame   0x00000348      0x120 CMakeFiles/flux-finder-v1.dir/Core/Src/main.c.obj
 .debug_frame   0x00000468       0x9c CMakeFiles/flux-finder-v1.dir/Core/Src/stm32f0xx_it.c.obj
 .debug_frame   0x00000504      0x130 CMakeFiles/flux-finder-v1.dir/Core/Src/stm32f0xx_hal_msp.c.obj
 .debug_frame   0x00000634       0xb0 CMakeFiles/flux-finder-v1.dir/FATFS/Target/user_diskio.c.obj
 .debug_frame   0x000006e4       0x48 CMakeFiles/flux-finder-v1.dir/FATFS/App/fatfs.c.obj
 .debug_frame   0x0000072c      0x3a0 CMakeFiles/flux-finder-v1.dir/Drivers/STM32F0xx_HAL_Driver/Src/stm32f0xx_hal_adc.c.obj
 .debug_frame   0x00000acc      0x198 CMakeFiles/flux-finder-v1.dir/Drivers/STM32F0xx_HAL_Driver/Src/stm32f0xx_hal_rcc.c.obj
 .debug_frame   0x00000c64       0x70 CMakeFiles/flux-finder-v1.dir/Drivers/STM32F0xx_HAL_Driver/Src/stm32f0xx_hal_rcc_ex.c.obj
 .debug_frame   0x00000cd4      0x2a4 CMakeFiles/flux-finder-v1.dir/Drivers/STM32F0xx_HAL_Driver/Src/stm32f0xx_hal.c.obj
 .debug_frame   0x00000f78      0xa64 CMakeFiles/flux-finder-v1.dir/Drivers/STM32F0xx_HAL_Driver/Src/stm32f0xx_hal_i2c.c.obj
 .debug_frame   0x000019dc       0x90 CMakeFiles/flux-finder-v1.dir/Drivers/STM32F0xx_HAL_Driver/Src/stm32f0xx_hal_i2c_ex.c.obj
 .debug_frame   0x00001a6c      0x110 CMakeFiles/flux-finder-v1.dir/Drivers/STM32F0xx_HAL_Driver/Src/stm32f0xx_hal_gpio.c.obj
 .debug_frame   0x00001b7c      0x1d0 CMakeFiles/flux-finder-v1.dir/Drivers/STM32F0xx_HAL_Driver/Src/stm32f0xx_hal_dma.c.obj
 .debug_frame   0x00001d4c      0x2a0 CMakeFiles/flux-finder-v1.dir/Drivers/STM32F0xx_HAL_Driver/Src/stm32f0xx_hal_cortex.c.obj
 .debug_frame   0x00001fec      0x710 CMakeFiles/flux-finder-v1.dir/Drivers/STM32F0xx_HAL_Driver/Src/stm32f0xx_hal_spi.c.obj
 .debug_frame   0x000026fc      0x810 CMakeFiles/flux-finder-v1.dir/Drivers/STM32F0xx_HAL_Driver/Src/stm32f0xx_hal_uart.c.obj
 .debug_frame   0x00002f0c       0x4c CMakeFiles/flux-finder-v1.dir/Core/Src/system_stm32f0xx.c.obj
 .debug_frame   0x00002f58       0xac CMakeFiles/flux-finder-v1.dir/Middlewares/Third_Party/FatFs/src/ff_gen_drv.c.obj
 .debug_frame   0x00003004       0x30 CMakeFiles/flux-finder-v1.dir/Core/Src/sysmem.c.obj
 .debug_frame   0x00003034       0x20 C:/ST/STM32CubeCLT_1.15.0/GNU-tools-for-STM32/bin/../lib/gcc/arm-none-eabi/12.3.1/thumb/v6-m/nofp\libgcc.a(_udivsi3.o)
 .debug_frame   0x00003054       0x20 C:/ST/STM32CubeCLT_1.15.0/GNU-tools-for-STM32/bin/../lib/gcc/arm-none-eabi/12.3.1/thumb/v6-m/nofp\libgcc.a(_divsi3.o)
 .debug_frame   0x00003074       0x50 C:/ST/STM32CubeCLT_1.15.0/GNU-tools-for-STM32/bin/../lib/gcc/arm-none-eabi/12.3.1/../../../../arm-none-eabi/lib/thumb/v6-m/nofp\libg_nano.a(libc_a-snprintf.o)
 .debug_frame   0x000030c4       0x20 C:/ST/STM32CubeCLT_1.15.0/GNU-tools-for-STM32/bin/../lib/gcc/arm-none-eabi/12.3.1/../../../../arm-none-eabi/lib/thumb/v6-m/nofp\libg_nano.a(libc_a-errno.o)
 .debug_frame   0x000030e4       0x74 C:/ST/STM32CubeCLT_1.15.0/GNU-tools-for-STM32/bin/../lib/gcc/arm-none-eabi/12.3.1/../../../../arm-none-eabi/lib/thumb/v6-m/nofp\libg_nano.a(libc_a-nano-svfprintf.o)
 .debug_frame   0x00003158       0x54 C:/ST/STM32CubeCLT_1.15.0/GNU-tools-for-STM32/bin/../lib/gcc/arm-none-eabi/12.3.1/../../../../arm-none-eabi/lib/thumb/v6-m/nofp\libg_nano.a(libc_a-nano-vfprintf_i.o)
 .debug_frame   0x000031ac       0x28 C:/ST/STM32CubeCLT_1.15.0/GNU-tools-for-STM32/bin/../lib/gcc/arm-none-eabi/12.3.1/../../../../arm-none-eabi/lib/thumb/v6-m/nofp\libg_nano.a(libc_a-memmove.o)
 .debug_frame   0x000031d4       0x20 C:/ST/STM32CubeCLT_1.15.0/GNU-tools-for-STM32/bin/../lib/gcc/arm-none-eabi/12.3.1/../../../../arm-none-eabi/lib/thumb/v6-m/nofp\libg_nano.a(libc_a-memchr-stub.o)
 .debug_frame   0x000031f4       0x28 C:/ST/STM32CubeCLT_1.15.0/GNU-tools-for-STM32/bin/../lib/gcc/arm-none-eabi/12.3.1/../../../../arm-none-eabi/lib/thumb/v6-m/nofp\libg_nano.a(libc_a-memcpy-stub.o)
 .debug_frame   0x0000321c       0x34 C:/ST/STM32CubeCLT_1.15.0/GNU-tools-for-STM32/bin/../lib/gcc/arm-none-eabi/12.3.1/../../../../arm-none-eabi/lib/thumb/v6-m/nofp\libg_nano.a(libc_a-reallocr.o)
 .debug_frame   0x00003250       0x20 C:/ST/STM32CubeCLT_1.15.0/GNU-tools-for-STM32/bin/../lib/gcc/arm-none-eabi/12.3.1/../../../../arm-none-eabi/lib/thumb/v6-m/nofp\libg_nano.a(libc_a-msizer.o)

.debug_info     0x00000000    0x12541
 .debug_info    0x00000000     0x15ff CMakeFiles/flux-finder-v1.dir/Core/Src/main.c.obj
 .debug_info    0x000015ff       0xd3 CMakeFiles/flux-finder-v1.dir/Core/Src/stm32f0xx_it.c.obj
 .debug_info    0x000016d2     0x1254 CMakeFiles/flux-finder-v1.dir/Core/Src/stm32f0xx_hal_msp.c.obj
 .debug_info    0x00002926      0x328 CMakeFiles/flux-finder-v1.dir/FATFS/Target/user_diskio.c.obj
 .debug_info    0x00002c4e      0x4cf CMakeFiles/flux-finder-v1.dir/FATFS/App/fatfs.c.obj
 .debug_info    0x0000311d      0xc70 CMakeFiles/flux-finder-v1.dir/Drivers/STM32F0xx_HAL_Driver/Src/stm32f0xx_hal_adc.c.obj
 .debug_info    0x00003d8d      0x844 CMakeFiles/flux-finder-v1.dir/Drivers/STM32F0xx_HAL_Driver/Src/stm32f0xx_hal_rcc.c.obj
 .debug_info    0x000045d1      0x39a CMakeFiles/flux-finder-v1.dir/Drivers/STM32F0xx_HAL_Driver/Src/stm32f0xx_hal_rcc_ex.c.obj
 .debug_info    0x0000496b      0x682 CMakeFiles/flux-finder-v1.dir/Drivers/STM32F0xx_HAL_Driver/Src/stm32f0xx_hal.c.obj
 .debug_info    0x00004fed     0x2052 CMakeFiles/flux-finder-v1.dir/Drivers/STM32F0xx_HAL_Driver/Src/stm32f0xx_hal_i2c.c.obj
 .debug_info    0x0000703f      0x7e8 CMakeFiles/flux-finder-v1.dir/Drivers/STM32F0xx_HAL_Driver/Src/stm32f0xx_hal_i2c_ex.c.obj
 .debug_info    0x00007827      0x5bf CMakeFiles/flux-finder-v1.dir/Drivers/STM32F0xx_HAL_Driver/Src/stm32f0xx_hal_gpio.c.obj
 .debug_info    0x00007de6      0x700 CMakeFiles/flux-finder-v1.dir/Drivers/STM32F0xx_HAL_Driver/Src/stm32f0xx_hal_dma.c.obj
 .debug_info    0x000084e6      0x6ad CMakeFiles/flux-finder-v1.dir/Drivers/STM32F0xx_HAL_Driver/Src/stm32f0xx_hal_cortex.c.obj
 .debug_info    0x00008b93     0x1618 CMakeFiles/flux-finder-v1.dir/Drivers/STM32F0xx_HAL_Driver/Src/stm32f0xx_hal_spi.c.obj
 .debug_info    0x0000a1ab     0x3a2a CMakeFiles/flux-finder-v1.dir/Drivers/STM32F0xx_HAL_Driver/Src/stm32f0xx_hal_uart.c.obj
 .debug_info    0x0000dbd5      0x242 CMakeFiles/flux-finder-v1.dir/Core/Src/system_stm32f0xx.c.obj
 .debug_info    0x0000de17      0x37a CMakeFiles/flux-finder-v1.dir/Middlewares/Third_Party/FatFs/src/ff_gen_drv.c.obj
 .debug_info    0x0000e191      0x168 CMakeFiles/flux-finder-v1.dir/Core/Src/sysmem.c.obj
 .debug_info    0x0000e2f9       0x30 CMakeFiles/flux-finder-v1.dir/startup_stm32f070xb.s.obj
 .debug_info    0x0000e329      0x8bf C:/ST/STM32CubeCLT_1.15.0/GNU-tools-for-STM32/bin/../lib/gcc/arm-none-eabi/12.3.1/../../../../arm-none-eabi/lib/thumb/v6-m/nofp\libg_nano.a(libc_a-snprintf.o)
 .debug_info    0x0000ebe8      0x6fb C:/ST/STM32CubeCLT_1.15.0/GNU-tools-for-STM32/bin/../lib/gcc/arm-none-eabi/12.3.1/../../../../arm-none-eabi/lib/thumb/v6-m/nofp\libg_nano.a(libc_a-errno.o)
 .debug_info    0x0000f2e3     0x10e0 C:/ST/STM32CubeCLT_1.15.0/GNU-tools-for-STM32/bin/../lib/gcc/arm-none-eabi/12.3.1/../../../../arm-none-eabi/lib/thumb/v6-m/nofp\libg_nano.a(libc_a-nano-svfprintf.o)
 .debug_info    0x000103c3      0xe0a C:/ST/STM32CubeCLT_1.15.0/GNU-tools-for-STM32/bin/../lib/gcc/arm-none-eabi/12.3.1/../../../../arm-none-eabi/lib/thumb/v6-m/nofp\libg_nano.a(libc_a-nano-vfprintf_i.o)
 .debug_info    0x000111cd      0x109 C:/ST/STM32CubeCLT_1.15.0/GNU-tools-for-STM32/bin/../lib/gcc/arm-none-eabi/12.3.1/../../../../arm-none-eabi/lib/thumb/v6-m/nofp\libg_nano.a(libc_a-memmove.o)
 .debug_info    0x000112d6      0x110 C:/ST/STM32CubeCLT_1.15.0/GNU-tools-for-STM32/bin/../lib/gcc/arm-none-eabi/12.3.1/../../../../arm-none-eabi/lib/thumb/v6-m/nofp\libg_nano.a(libc_a-memchr-stub.o)
 .debug_info    0x000113e6      0x11b C:/ST/STM32CubeCLT_1.15.0/GNU-tools-for-STM32/bin/../lib/gcc/arm-none-eabi/12.3.1/../../../../arm-none-eabi/lib/thumb/v6-m/nofp\libg_nano.a(libc_a-memcpy-stub.o)
 .debug_info    0x00011501      0x8ac C:/ST/STM32CubeCLT_1.15.0/GNU-tools-for-STM32/bin/../lib/gcc/arm-none-eabi/12.3.1/../../../../arm-none-eabi/lib/thumb/v6-m/nofp\libg_nano.a(libc_a-reallocr.o)
 .debug_info    0x00011dad      0x794 C:/ST/STM32CubeCLT_1.15.0/GNU-tools-for-STM32/bin/../lib/gcc/arm-none-eabi/12.3.1/../../../../arm-none-eabi/lib/thumb/v6-m/nofp\libg_nano.a(libc_a-msizer.o)

.debug_abbrev   0x00000000     0x32be
 .debug_abbrev  0x00000000      0x2bf CMakeFiles/flux-finder-v1.dir/Core/Src/main.c.obj
 .debug_abbrev  0x000002bf       0x73 CMakeFiles/flux-finder-v1.dir/Core/Src/stm32f0xx_it.c.obj
 .debug_abbrev  0x00000332      0x1f6 CMakeFiles/flux-finder-v1.dir/Core/Src/stm32f0xx_hal_msp.c.obj
 .debug_abbrev  0x00000528      0x13c CMakeFiles/flux-finder-v1.dir/FATFS/Target/user_diskio.c.obj
 .debug_abbrev  0x00000664      0x1a8 CMakeFiles/flux-finder-v1.dir/FATFS/App/fatfs.c.obj
 .debug_abbrev  0x0000080c      0x210 CMakeFiles/flux-finder-v1.dir/Drivers/STM32F0xx_HAL_Driver/Src/stm32f0xx_hal_adc.c.obj
 .debug_abbrev  0x00000a1c      0x28b CMakeFiles/flux-finder-v1.dir/Drivers/STM32F0xx_HAL_Driver/Src/stm32f0xx_hal_rcc.c.obj
 .debug_abbrev  0x00000ca7      0x16e CMakeFiles/flux-finder-v1.dir/Drivers/STM32F0xx_HAL_Driver/Src/stm32f0xx_hal_rcc_ex.c.obj
 .debug_abbrev  0x00000e15      0x24b CMakeFiles/flux-finder-v1.dir/Drivers/STM32F0xx_HAL_Driver/Src/stm32f0xx_hal.c.obj
 .debug_abbrev  0x00001060      0x270 CMakeFiles/flux-finder-v1.dir/Drivers/STM32F0xx_HAL_Driver/Src/stm32f0xx_hal_i2c.c.obj
 .debug_abbrev  0x000012d0      0x1d4 CMakeFiles/flux-finder-v1.dir/Drivers/STM32F0xx_HAL_Driver/Src/stm32f0xx_hal_i2c_ex.c.obj
 .debug_abbrev  0x000014a4      0x1ca CMakeFiles/flux-finder-v1.dir/Drivers/STM32F0xx_HAL_Driver/Src/stm32f0xx_hal_gpio.c.obj
 .debug_abbrev  0x0000166e      0x1ef CMakeFiles/flux-finder-v1.dir/Drivers/STM32F0xx_HAL_Driver/Src/stm32f0xx_hal_dma.c.obj
 .debug_abbrev  0x0000185d      0x28c CMakeFiles/flux-finder-v1.dir/Drivers/STM32F0xx_HAL_Driver/Src/stm32f0xx_hal_cortex.c.obj
 .debug_abbrev  0x00001ae9      0x265 CMakeFiles/flux-finder-v1.dir/Drivers/STM32F0xx_HAL_Driver/Src/stm32f0xx_hal_spi.c.obj
 .debug_abbrev  0x00001d4e      0x2cc CMakeFiles/flux-finder-v1.dir/Drivers/STM32F0xx_HAL_Driver/Src/stm32f0xx_hal_uart.c.obj
 .debug_abbrev  0x0000201a      0x11c CMakeFiles/flux-finder-v1.dir/Core/Src/system_stm32f0xx.c.obj
 .debug_abbrev  0x00002136      0x19f CMakeFiles/flux-finder-v1.dir/Middlewares/Third_Party/FatFs/src/ff_gen_drv.c.obj
 .debug_abbrev  0x000022d5       0xbc CMakeFiles/flux-finder-v1.dir/Core/Src/sysmem.c.obj
 .debug_abbrev  0x00002391       0x24 CMakeFiles/flux-finder-v1.dir/startup_stm32f070xb.s.obj
 .debug_abbrev  0x000023b5      0x231 C:/ST/STM32CubeCLT_1.15.0/GNU-tools-for-STM32/bin/../lib/gcc/arm-none-eabi/12.3.1/../../../../arm-none-eabi/lib/thumb/v6-m/nofp\libg_nano.a(libc_a-snprintf.o)
 .debug_abbrev  0x000025e6      0x15e C:/ST/STM32CubeCLT_1.15.0/GNU-tools-for-STM32/bin/../lib/gcc/arm-none-eabi/12.3.1/../../../../arm-none-eabi/lib/thumb/v6-m/nofp\libg_nano.a(libc_a-errno.o)
 .debug_abbrev  0x00002744      0x31e C:/ST/STM32CubeCLT_1.15.0/GNU-tools-for-STM32/bin/../lib/gcc/arm-none-eabi/12.3.1/../../../../arm-none-eabi/lib/thumb/v6-m/nofp\libg_nano.a(libc_a-nano-svfprintf.o)
 .debug_abbrev  0x00002a62      0x29f C:/ST/STM32CubeCLT_1.15.0/GNU-tools-for-STM32/bin/../lib/gcc/arm-none-eabi/12.3.1/../../../../arm-none-eabi/lib/thumb/v6-m/nofp\libg_nano.a(libc_a-nano-vfprintf_i.o)
 .debug_abbrev  0x00002d01       0xac C:/ST/STM32CubeCLT_1.15.0/GNU-tools-for-STM32/bin/../lib/gcc/arm-none-eabi/12.3.1/../../../../arm-none-eabi/lib/thumb/v6-m/nofp\libg_nano.a(libc_a-memmove.o)
 .debug_abbrev  0x00002dad       0xb1 C:/ST/STM32CubeCLT_1.15.0/GNU-tools-for-STM32/bin/../lib/gcc/arm-none-eabi/12.3.1/../../../../arm-none-eabi/lib/thumb/v6-m/nofp\libg_nano.a(libc_a-memchr-stub.o)
 .debug_abbrev  0x00002e5e       0xc1 C:/ST/STM32CubeCLT_1.15.0/GNU-tools-for-STM32/bin/../lib/gcc/arm-none-eabi/12.3.1/../../../../arm-none-eabi/lib/thumb/v6-m/nofp\libg_nano.a(libc_a-memcpy-stub.o)
 .debug_abbrev  0x00002f1f      0x209 C:/ST/STM32CubeCLT_1.15.0/GNU-tools-for-STM32/bin/../lib/gcc/arm-none-eabi/12.3.1/../../../../arm-none-eabi/lib/thumb/v6-m/nofp\libg_nano.a(libc_a-reallocr.o)
 .debug_abbrev  0x00003128      0x196 C:/ST/STM32CubeCLT_1.15.0/GNU-tools-for-STM32/bin/../lib/gcc/arm-none-eabi/12.3.1/../../../../arm-none-eabi/lib/thumb/v6-m/nofp\libg_nano.a(libc_a-msizer.o)

.debug_aranges  0x00000000      0xe38
 .debug_aranges
                0x00000000       0x60 CMakeFiles/flux-finder-v1.dir/Core/Src/main.c.obj
 .debug_aranges
                0x00000060       0x40 CMakeFiles/flux-finder-v1.dir/Core/Src/stm32f0xx_it.c.obj
 .debug_aranges
                0x000000a0       0x60 CMakeFiles/flux-finder-v1.dir/Core/Src/stm32f0xx_hal_msp.c.obj
 .debug_aranges
                0x00000100       0x40 CMakeFiles/flux-finder-v1.dir/FATFS/Target/user_diskio.c.obj
 .debug_aranges
                0x00000140       0x28 CMakeFiles/flux-finder-v1.dir/FATFS/App/fatfs.c.obj
 .debug_aranges
                0x00000168       0xf8 CMakeFiles/flux-finder-v1.dir/Drivers/STM32F0xx_HAL_Driver/Src/stm32f0xx_hal_adc.c.obj
 .debug_aranges
                0x00000260       0x80 CMakeFiles/flux-finder-v1.dir/Drivers/STM32F0xx_HAL_Driver/Src/stm32f0xx_hal_rcc.c.obj
 .debug_aranges
                0x000002e0       0x30 CMakeFiles/flux-finder-v1.dir/Drivers/STM32F0xx_HAL_Driver/Src/stm32f0xx_hal_rcc_ex.c.obj
 .debug_aranges
                0x00000310       0xd0 CMakeFiles/flux-finder-v1.dir/Drivers/STM32F0xx_HAL_Driver/Src/stm32f0xx_hal.c.obj
 .debug_aranges
                0x000003e0      0x2a0 CMakeFiles/flux-finder-v1.dir/Drivers/STM32F0xx_HAL_Driver/Src/stm32f0xx_hal_i2c.c.obj
 .debug_aranges
                0x00000680       0x38 CMakeFiles/flux-finder-v1.dir/Drivers/STM32F0xx_HAL_Driver/Src/stm32f0xx_hal_i2c_ex.c.obj
 .debug_aranges
                0x000006b8       0x58 CMakeFiles/flux-finder-v1.dir/Drivers/STM32F0xx_HAL_Driver/Src/stm32f0xx_hal_gpio.c.obj
 .debug_aranges
                0x00000710       0x88 CMakeFiles/flux-finder-v1.dir/Drivers/STM32F0xx_HAL_Driver/Src/stm32f0xx_hal_dma.c.obj
 .debug_aranges
                0x00000798       0xc0 CMakeFiles/flux-finder-v1.dir/Drivers/STM32F0xx_HAL_Driver/Src/stm32f0xx_hal_cortex.c.obj
 .debug_aranges
                0x00000858      0x1d8 CMakeFiles/flux-finder-v1.dir/Drivers/STM32F0xx_HAL_Driver/Src/stm32f0xx_hal_spi.c.obj
 .debug_aranges
                0x00000a30      0x218 CMakeFiles/flux-finder-v1.dir/Drivers/STM32F0xx_HAL_Driver/Src/stm32f0xx_hal_uart.c.obj
 .debug_aranges
                0x00000c48       0x28 CMakeFiles/flux-finder-v1.dir/Core/Src/system_stm32f0xx.c.obj
 .debug_aranges
                0x00000c70       0x40 CMakeFiles/flux-finder-v1.dir/Middlewares/Third_Party/FatFs/src/ff_gen_drv.c.obj
 .debug_aranges
                0x00000cb0       0x20 CMakeFiles/flux-finder-v1.dir/Core/Src/sysmem.c.obj
 .debug_aranges
                0x00000cd0       0x28 CMakeFiles/flux-finder-v1.dir/startup_stm32f070xb.s.obj
 .debug_aranges
                0x00000cf8       0x28 C:/ST/STM32CubeCLT_1.15.0/GNU-tools-for-STM32/bin/../lib/gcc/arm-none-eabi/12.3.1/../../../../arm-none-eabi/lib/thumb/v6-m/nofp\libg_nano.a(libc_a-snprintf.o)
 .debug_aranges
                0x00000d20       0x20 C:/ST/STM32CubeCLT_1.15.0/GNU-tools-for-STM32/bin/../lib/gcc/arm-none-eabi/12.3.1/../../../../arm-none-eabi/lib/thumb/v6-m/nofp\libg_nano.a(libc_a-errno.o)
 .debug_aranges
                0x00000d40       0x30 C:/ST/STM32CubeCLT_1.15.0/GNU-tools-for-STM32/bin/../lib/gcc/arm-none-eabi/12.3.1/../../../../arm-none-eabi/lib/thumb/v6-m/nofp\libg_nano.a(libc_a-nano-svfprintf.o)
 .debug_aranges
                0x00000d70       0x28 C:/ST/STM32CubeCLT_1.15.0/GNU-tools-for-STM32/bin/../lib/gcc/arm-none-eabi/12.3.1/../../../../arm-none-eabi/lib/thumb/v6-m/nofp\libg_nano.a(libc_a-nano-vfprintf_i.o)
 .debug_aranges
                0x00000d98       0x20 C:/ST/STM32CubeCLT_1.15.0/GNU-tools-for-STM32/bin/../lib/gcc/arm-none-eabi/12.3.1/../../../../arm-none-eabi/lib/thumb/v6-m/nofp\libg_nano.a(libc_a-memmove.o)
 .debug_aranges
                0x00000db8       0x20 C:/ST/STM32CubeCLT_1.15.0/GNU-tools-for-STM32/bin/../lib/gcc/arm-none-eabi/12.3.1/../../../../arm-none-eabi/lib/thumb/v6-m/nofp\libg_nano.a(libc_a-memchr-stub.o)
 .debug_aranges
                0x00000dd8       0x20 C:/ST/STM32CubeCLT_1.15.0/GNU-tools-for-STM32/bin/../lib/gcc/arm-none-eabi/12.3.1/../../../../arm-none-eabi/lib/thumb/v6-m/nofp\libg_nano.a(libc_a-memcpy-stub.o)
 .debug_aranges
                0x00000df8       0x20 C:/ST/STM32CubeCLT_1.15.0/GNU-tools-for-STM32/bin/../lib/gcc/arm-none-eabi/12.3.1/../../../../arm-none-eabi/lib/thumb/v6-m/nofp\libg_nano.a(libc_a-reallocr.o)
 .debug_aranges
                0x00000e18       0x20 C:/ST/STM32CubeCLT_1.15.0/GNU-tools-for-STM32/bin/../lib/gcc/arm-none-eabi/12.3.1/../../../../arm-none-eabi/lib/thumb/v6-m/nofp\libg_nano.a(libc_a-msizer.o)

.debug_rnglists
                0x00000000      0xb44
 .debug_rnglists
                0x00000000       0x48 CMakeFiles/flux-finder-v1.dir/Core/Src/main.c.obj
 .debug_rnglists
                0x00000048       0x2b CMakeFiles/flux-finder-v1.dir/Core/Src/stm32f0xx_it.c.obj
 .debug_rnglists
                0x00000073       0x47 CMakeFiles/flux-finder-v1.dir/Core/Src/stm32f0xx_hal_msp.c.obj
 .debug_rnglists
                0x000000ba       0x2b CMakeFiles/flux-finder-v1.dir/FATFS/Target/user_diskio.c.obj
 .debug_rnglists
                0x000000e5       0x19 CMakeFiles/flux-finder-v1.dir/FATFS/App/fatfs.c.obj
 .debug_rnglists
                0x000000fe       0xc6 CMakeFiles/flux-finder-v1.dir/Drivers/STM32F0xx_HAL_Driver/Src/stm32f0xx_hal_adc.c.obj
 .debug_rnglists
                0x000001c4       0x61 CMakeFiles/flux-finder-v1.dir/Drivers/STM32F0xx_HAL_Driver/Src/stm32f0xx_hal_rcc.c.obj
 .debug_rnglists
                0x00000225       0x21 CMakeFiles/flux-finder-v1.dir/Drivers/STM32F0xx_HAL_Driver/Src/stm32f0xx_hal_rcc_ex.c.obj
 .debug_rnglists
                0x00000246       0x97 CMakeFiles/flux-finder-v1.dir/Drivers/STM32F0xx_HAL_Driver/Src/stm32f0xx_hal.c.obj
 .debug_rnglists
                0x000002dd      0x229 CMakeFiles/flux-finder-v1.dir/Drivers/STM32F0xx_HAL_Driver/Src/stm32f0xx_hal_i2c.c.obj
 .debug_rnglists
                0x00000506       0x27 CMakeFiles/flux-finder-v1.dir/Drivers/STM32F0xx_HAL_Driver/Src/stm32f0xx_hal_i2c_ex.c.obj
 .debug_rnglists
                0x0000052d       0x3f CMakeFiles/flux-finder-v1.dir/Drivers/STM32F0xx_HAL_Driver/Src/stm32f0xx_hal_gpio.c.obj
 .debug_rnglists
                0x0000056c       0x6a CMakeFiles/flux-finder-v1.dir/Drivers/STM32F0xx_HAL_Driver/Src/stm32f0xx_hal_dma.c.obj
 .debug_rnglists
                0x000005d6       0x8c CMakeFiles/flux-finder-v1.dir/Drivers/STM32F0xx_HAL_Driver/Src/stm32f0xx_hal_cortex.c.obj
 .debug_rnglists
                0x00000662      0x17a CMakeFiles/flux-finder-v1.dir/Drivers/STM32F0xx_HAL_Driver/Src/stm32f0xx_hal_spi.c.obj
 .debug_rnglists
                0x000007dc      0x1ce CMakeFiles/flux-finder-v1.dir/Drivers/STM32F0xx_HAL_Driver/Src/stm32f0xx_hal_uart.c.obj
 .debug_rnglists
                0x000009aa       0x1a CMakeFiles/flux-finder-v1.dir/Core/Src/system_stm32f0xx.c.obj
 .debug_rnglists
                0x000009c4       0x2d CMakeFiles/flux-finder-v1.dir/Middlewares/Third_Party/FatFs/src/ff_gen_drv.c.obj
 .debug_rnglists
                0x000009f1       0x13 CMakeFiles/flux-finder-v1.dir/Core/Src/sysmem.c.obj
 .debug_rnglists
                0x00000a04       0x19 CMakeFiles/flux-finder-v1.dir/startup_stm32f070xb.s.obj
 .debug_rnglists
                0x00000a1d       0x19 C:/ST/STM32CubeCLT_1.15.0/GNU-tools-for-STM32/bin/../lib/gcc/arm-none-eabi/12.3.1/../../../../arm-none-eabi/lib/thumb/v6-m/nofp\libg_nano.a(libc_a-snprintf.o)
 .debug_rnglists
                0x00000a36       0x13 C:/ST/STM32CubeCLT_1.15.0/GNU-tools-for-STM32/bin/../lib/gcc/arm-none-eabi/12.3.1/../../../../arm-none-eabi/lib/thumb/v6-m/nofp\libg_nano.a(libc_a-errno.o)
 .debug_rnglists
                0x00000a49       0x53 C:/ST/STM32CubeCLT_1.15.0/GNU-tools-for-STM32/bin/../lib/gcc/arm-none-eabi/12.3.1/../../../../arm-none-eabi/lib/thumb/v6-m/nofp\libg_nano.a(libc_a-nano-svfprintf.o)
 .debug_rnglists
                0x00000a9c       0x49 C:/ST/STM32CubeCLT_1.15.0/GNU-tools-for-STM32/bin/../lib/gcc/arm-none-eabi/12.3.1/../../../../arm-none-eabi/lib/thumb/v6-m/nofp\libg_nano.a(libc_a-nano-vfprintf_i.o)
 .debug_rnglists
                0x00000ae5       0x13 C:/ST/STM32CubeCLT_1.15.0/GNU-tools-for-STM32/bin/../lib/gcc/arm-none-eabi/12.3.1/../../../../arm-none-eabi/lib/thumb/v6-m/nofp\libg_nano.a(libc_a-memmove.o)
 .debug_rnglists
                0x00000af8       0x13 C:/ST/STM32CubeCLT_1.15.0/GNU-tools-for-STM32/bin/../lib/gcc/arm-none-eabi/12.3.1/../../../../arm-none-eabi/lib/thumb/v6-m/nofp\libg_nano.a(libc_a-memchr-stub.o)
 .debug_rnglists
                0x00000b0b       0x13 C:/ST/STM32CubeCLT_1.15.0/GNU-tools-for-STM32/bin/../lib/gcc/arm-none-eabi/12.3.1/../../../../arm-none-eabi/lib/thumb/v6-m/nofp\libg_nano.a(libc_a-memcpy-stub.o)
 .debug_rnglists
                0x00000b1e       0x13 C:/ST/STM32CubeCLT_1.15.0/GNU-tools-for-STM32/bin/../lib/gcc/arm-none-eabi/12.3.1/../../../../arm-none-eabi/lib/thumb/v6-m/nofp\libg_nano.a(libc_a-reallocr.o)
 .debug_rnglists
                0x00000b31       0x13 C:/ST/STM32CubeCLT_1.15.0/GNU-tools-for-STM32/bin/../lib/gcc/arm-none-eabi/12.3.1/../../../../arm-none-eabi/lib/thumb/v6-m/nofp\libg_nano.a(libc_a-msizer.o)

.debug_macro    0x00000000    0x121e9
 .debug_macro   0x00000000      0x2fc CMakeFiles/flux-finder-v1.dir/Core/Src/main.c.obj
 .debug_macro   0x000002fc      0xa8a CMakeFiles/flux-finder-v1.dir/Core/Src/main.c.obj
 .debug_macro   0x00000d86      0x139 CMakeFiles/flux-finder-v1.dir/Core/Src/main.c.obj
 .debug_macro   0x00000ebf       0x2e CMakeFiles/flux-finder-v1.dir/Core/Src/main.c.obj
 .debug_macro   0x00000eed       0x22 CMakeFiles/flux-finder-v1.dir/Core/Src/main.c.obj
 .debug_macro   0x00000f0f       0x22 CMakeFiles/flux-finder-v1.dir/Core/Src/main.c.obj
 .debug_macro   0x00000f31       0x8e CMakeFiles/flux-finder-v1.dir/Core/Src/main.c.obj
 .debug_macro   0x00000fbf       0x51 CMakeFiles/flux-finder-v1.dir/Core/Src/main.c.obj
 .debug_macro   0x00001010      0x103 CMakeFiles/flux-finder-v1.dir/Core/Src/main.c.obj
 .debug_macro   0x00001113       0x6a CMakeFiles/flux-finder-v1.dir/Core/Src/main.c.obj
 .debug_macro   0x0000117d      0x1df CMakeFiles/flux-finder-v1.dir/Core/Src/main.c.obj
 .debug_macro   0x0000135c       0x1c CMakeFiles/flux-finder-v1.dir/Core/Src/main.c.obj
 .debug_macro   0x00001378       0x22 CMakeFiles/flux-finder-v1.dir/Core/Src/main.c.obj
 .debug_macro   0x0000139a       0xaf CMakeFiles/flux-finder-v1.dir/Core/Src/main.c.obj
 .debug_macro   0x00001449      0x391 CMakeFiles/flux-finder-v1.dir/Core/Src/main.c.obj
 .debug_macro   0x000017da     0x765c CMakeFiles/flux-finder-v1.dir/Core/Src/main.c.obj
 .debug_macro   0x00008e36       0x66 CMakeFiles/flux-finder-v1.dir/Core/Src/main.c.obj
 .debug_macro   0x00008e9c     0x34be CMakeFiles/flux-finder-v1.dir/Core/Src/main.c.obj
 .debug_macro   0x0000c35a      0x189 CMakeFiles/flux-finder-v1.dir/Core/Src/main.c.obj
 .debug_macro   0x0000c4e3       0x55 CMakeFiles/flux-finder-v1.dir/Core/Src/main.c.obj
 .debug_macro   0x0000c538      0x924 CMakeFiles/flux-finder-v1.dir/Core/Src/main.c.obj
 .debug_macro   0x0000ce5c      0x289 CMakeFiles/flux-finder-v1.dir/Core/Src/main.c.obj
 .debug_macro   0x0000d0e5      0x1ae CMakeFiles/flux-finder-v1.dir/Core/Src/main.c.obj
 .debug_macro   0x0000d293      0x130 CMakeFiles/flux-finder-v1.dir/Core/Src/main.c.obj
 .debug_macro   0x0000d3c3      0x1a0 CMakeFiles/flux-finder-v1.dir/Core/Src/main.c.obj
 .debug_macro   0x0000d563      0x1f4 CMakeFiles/flux-finder-v1.dir/Core/Src/main.c.obj
 .debug_macro   0x0000d757       0x34 CMakeFiles/flux-finder-v1.dir/Core/Src/main.c.obj
 .debug_macro   0x0000d78b       0x43 CMakeFiles/flux-finder-v1.dir/Core/Src/main.c.obj
 .debug_macro   0x0000d7ce       0x28 CMakeFiles/flux-finder-v1.dir/Core/Src/main.c.obj
 .debug_macro   0x0000d7f6      0x33d CMakeFiles/flux-finder-v1.dir/Core/Src/main.c.obj
 .debug_macro   0x0000db33       0xc2 CMakeFiles/flux-finder-v1.dir/Core/Src/main.c.obj
 .debug_macro   0x0000dbf5       0xb0 CMakeFiles/flux-finder-v1.dir/Core/Src/main.c.obj
 .debug_macro   0x0000dca5      0x217 CMakeFiles/flux-finder-v1.dir/Core/Src/main.c.obj
 .debug_macro   0x0000debc      0x22c CMakeFiles/flux-finder-v1.dir/Core/Src/main.c.obj
 .debug_macro   0x0000e0e8       0x61 CMakeFiles/flux-finder-v1.dir/Core/Src/main.c.obj
 .debug_macro   0x0000e149       0xa5 CMakeFiles/flux-finder-v1.dir/Core/Src/main.c.obj
 .debug_macro   0x0000e1ee       0x4c CMakeFiles/flux-finder-v1.dir/Core/Src/main.c.obj
 .debug_macro   0x0000e23a       0x49 CMakeFiles/flux-finder-v1.dir/Core/Src/main.c.obj
 .debug_macro   0x0000e283      0x2fe CMakeFiles/flux-finder-v1.dir/Core/Src/main.c.obj
 .debug_macro   0x0000e581      0x56d CMakeFiles/flux-finder-v1.dir/Core/Src/main.c.obj
 .debug_macro   0x0000eaee       0x44 CMakeFiles/flux-finder-v1.dir/Core/Src/main.c.obj
 .debug_macro   0x0000eb32      0x11b CMakeFiles/flux-finder-v1.dir/Core/Src/main.c.obj
 .debug_macro   0x0000ec4d      0x10c CMakeFiles/flux-finder-v1.dir/Core/Src/main.c.obj
 .debug_macro   0x0000ed59       0xde CMakeFiles/flux-finder-v1.dir/Core/Src/main.c.obj
 .debug_macro   0x0000ee37       0xf5 CMakeFiles/flux-finder-v1.dir/Core/Src/main.c.obj
 .debug_macro   0x0000ef2c       0x8e CMakeFiles/flux-finder-v1.dir/Core/Src/main.c.obj
 .debug_macro   0x0000efba       0x74 CMakeFiles/flux-finder-v1.dir/Core/Src/main.c.obj
 .debug_macro   0x0000f02e       0x24 CMakeFiles/flux-finder-v1.dir/Core/Src/main.c.obj
 .debug_macro   0x0000f052       0x3c CMakeFiles/flux-finder-v1.dir/Core/Src/main.c.obj
 .debug_macro   0x0000f08e       0x34 CMakeFiles/flux-finder-v1.dir/Core/Src/main.c.obj
 .debug_macro   0x0000f0c2       0x16 CMakeFiles/flux-finder-v1.dir/Core/Src/main.c.obj
 .debug_macro   0x0000f0d8       0x35 CMakeFiles/flux-finder-v1.dir/Core/Src/main.c.obj
 .debug_macro   0x0000f10d      0x369 CMakeFiles/flux-finder-v1.dir/Core/Src/main.c.obj
 .debug_macro   0x0000f476       0x10 CMakeFiles/flux-finder-v1.dir/Core/Src/main.c.obj
 .debug_macro   0x0000f486       0x16 CMakeFiles/flux-finder-v1.dir/Core/Src/main.c.obj
 .debug_macro   0x0000f49c       0x43 CMakeFiles/flux-finder-v1.dir/Core/Src/main.c.obj
 .debug_macro   0x0000f4df       0x34 CMakeFiles/flux-finder-v1.dir/Core/Src/main.c.obj
 .debug_macro   0x0000f513       0x10 CMakeFiles/flux-finder-v1.dir/Core/Src/main.c.obj
 .debug_macro   0x0000f523       0x58 CMakeFiles/flux-finder-v1.dir/Core/Src/main.c.obj
 .debug_macro   0x0000f57b      0x1de CMakeFiles/flux-finder-v1.dir/Core/Src/main.c.obj
 .debug_macro   0x0000f759       0x16 CMakeFiles/flux-finder-v1.dir/Core/Src/main.c.obj
 .debug_macro   0x0000f76f       0x16 CMakeFiles/flux-finder-v1.dir/Core/Src/main.c.obj
 .debug_macro   0x0000f785      0x170 CMakeFiles/flux-finder-v1.dir/Core/Src/main.c.obj
 .debug_macro   0x0000f8f5      0x1f0 CMakeFiles/flux-finder-v1.dir/Core/Src/stm32f0xx_it.c.obj
 .debug_macro   0x0000fae5      0x1e6 CMakeFiles/flux-finder-v1.dir/Core/Src/stm32f0xx_hal_msp.c.obj
 .debug_macro   0x0000fccb      0x2df CMakeFiles/flux-finder-v1.dir/FATFS/Target/user_diskio.c.obj
 .debug_macro   0x0000ffaa       0x6e CMakeFiles/flux-finder-v1.dir/FATFS/Target/user_diskio.c.obj
 .debug_macro   0x00010018       0x94 CMakeFiles/flux-finder-v1.dir/FATFS/Target/user_diskio.c.obj
 .debug_macro   0x000100ac       0x57 CMakeFiles/flux-finder-v1.dir/FATFS/Target/user_diskio.c.obj
 .debug_macro   0x00010103       0x10 CMakeFiles/flux-finder-v1.dir/FATFS/Target/user_diskio.c.obj
 .debug_macro   0x00010113       0x20 CMakeFiles/flux-finder-v1.dir/FATFS/Target/user_diskio.c.obj
 .debug_macro   0x00010133       0x16 CMakeFiles/flux-finder-v1.dir/FATFS/Target/user_diskio.c.obj
 .debug_macro   0x00010149       0x7c CMakeFiles/flux-finder-v1.dir/FATFS/Target/user_diskio.c.obj
 .debug_macro   0x000101c5       0x4f CMakeFiles/flux-finder-v1.dir/FATFS/Target/user_diskio.c.obj
 .debug_macro   0x00010214       0xd8 CMakeFiles/flux-finder-v1.dir/FATFS/Target/user_diskio.c.obj
 .debug_macro   0x000102ec      0x239 CMakeFiles/flux-finder-v1.dir/FATFS/App/fatfs.c.obj
 .debug_macro   0x00010525      0x1fb CMakeFiles/flux-finder-v1.dir/Drivers/STM32F0xx_HAL_Driver/Src/stm32f0xx_hal_adc.c.obj
 .debug_macro   0x00010720      0x1e9 CMakeFiles/flux-finder-v1.dir/Drivers/STM32F0xx_HAL_Driver/Src/stm32f0xx_hal_rcc.c.obj
 .debug_macro   0x00010909      0x1d7 CMakeFiles/flux-finder-v1.dir/Drivers/STM32F0xx_HAL_Driver/Src/stm32f0xx_hal_rcc_ex.c.obj
 .debug_macro   0x00010ae0      0x1fb CMakeFiles/flux-finder-v1.dir/Drivers/STM32F0xx_HAL_Driver/Src/stm32f0xx_hal.c.obj
 .debug_macro   0x00010cdb      0x2a3 CMakeFiles/flux-finder-v1.dir/Drivers/STM32F0xx_HAL_Driver/Src/stm32f0xx_hal_i2c.c.obj
 .debug_macro   0x00010f7e      0x1d7 CMakeFiles/flux-finder-v1.dir/Drivers/STM32F0xx_HAL_Driver/Src/stm32f0xx_hal_i2c_ex.c.obj
 .debug_macro   0x00011155      0x1de CMakeFiles/flux-finder-v1.dir/Drivers/STM32F0xx_HAL_Driver/Src/stm32f0xx_hal_gpio.c.obj
 .debug_macro   0x00011333      0x1d7 CMakeFiles/flux-finder-v1.dir/Drivers/STM32F0xx_HAL_Driver/Src/stm32f0xx_hal_dma.c.obj
 .debug_macro   0x0001150a      0x1d7 CMakeFiles/flux-finder-v1.dir/Drivers/STM32F0xx_HAL_Driver/Src/stm32f0xx_hal_cortex.c.obj
 .debug_macro   0x000116e1      0x1df CMakeFiles/flux-finder-v1.dir/Drivers/STM32F0xx_HAL_Driver/Src/stm32f0xx_hal_spi.c.obj
 .debug_macro   0x000118c0      0x1f4 CMakeFiles/flux-finder-v1.dir/Drivers/STM32F0xx_HAL_Driver/Src/stm32f0xx_hal_uart.c.obj
 .debug_macro   0x00011ab4      0x1d7 CMakeFiles/flux-finder-v1.dir/Core/Src/system_stm32f0xx.c.obj
 .debug_macro   0x00011c8b      0x226 CMakeFiles/flux-finder-v1.dir/Middlewares/Third_Party/FatFs/src/ff_gen_drv.c.obj
 .debug_macro   0x00011eb1       0xec CMakeFiles/flux-finder-v1.dir/Core/Src/sysmem.c.obj
 .debug_macro   0x00011f9d       0x10 CMakeFiles/flux-finder-v1.dir/Core/Src/sysmem.c.obj
 .debug_macro   0x00011fad      0x23c CMakeFiles/flux-finder-v1.dir/Core/Src/sysmem.c.obj

.debug_line     0x00000000    0x14aff
 .debug_line    0x00000000      0xc81 CMakeFiles/flux-finder-v1.dir/Core/Src/main.c.obj
 .debug_line    0x00000c81      0x81a CMakeFiles/flux-finder-v1.dir/Core/Src/stm32f0xx_it.c.obj
 .debug_line    0x0000149b      0x8e6 CMakeFiles/flux-finder-v1.dir/Core/Src/stm32f0xx_hal_msp.c.obj
 .debug_line    0x00001d81      0x9c1 CMakeFiles/flux-finder-v1.dir/FATFS/Target/user_diskio.c.obj
 .debug_line    0x00002742      0x8eb CMakeFiles/flux-finder-v1.dir/FATFS/App/fatfs.c.obj
 .debug_line    0x0000302d     0x1262 CMakeFiles/flux-finder-v1.dir/Drivers/STM32F0xx_HAL_Driver/Src/stm32f0xx_hal_adc.c.obj
 .debug_line    0x0000428f      0xe1a CMakeFiles/flux-finder-v1.dir/Drivers/STM32F0xx_HAL_Driver/Src/stm32f0xx_hal_rcc.c.obj
 .debug_line    0x000050a9      0x9f9 CMakeFiles/flux-finder-v1.dir/Drivers/STM32F0xx_HAL_Driver/Src/stm32f0xx_hal_rcc_ex.c.obj
 .debug_line    0x00005aa2      0xa30 CMakeFiles/flux-finder-v1.dir/Drivers/STM32F0xx_HAL_Driver/Src/stm32f0xx_hal.c.obj
 .debug_line    0x000064d2     0x38e9 CMakeFiles/flux-finder-v1.dir/Drivers/STM32F0xx_HAL_Driver/Src/stm32f0xx_hal_i2c.c.obj
 .debug_line    0x00009dbb      0x8f1 CMakeFiles/flux-finder-v1.dir/Drivers/STM32F0xx_HAL_Driver/Src/stm32f0xx_hal_i2c_ex.c.obj
 .debug_line    0x0000a6ac      0xbc9 CMakeFiles/flux-finder-v1.dir/Drivers/STM32F0xx_HAL_Driver/Src/stm32f0xx_hal_gpio.c.obj
 .debug_line    0x0000b275      0xd54 CMakeFiles/flux-finder-v1.dir/Drivers/STM32F0xx_HAL_Driver/Src/stm32f0xx_hal_dma.c.obj
 .debug_line    0x0000bfc9      0xadc CMakeFiles/flux-finder-v1.dir/Drivers/STM32F0xx_HAL_Driver/Src/stm32f0xx_hal_cortex.c.obj
 .debug_line    0x0000caa5     0x1f70 CMakeFiles/flux-finder-v1.dir/Drivers/STM32F0xx_HAL_Driver/Src/stm32f0xx_hal_spi.c.obj
 .debug_line    0x0000ea15     0x2c4b CMakeFiles/flux-finder-v1.dir/Drivers/STM32F0xx_HAL_Driver/Src/stm32f0xx_hal_uart.c.obj
 .debug_line    0x00011660      0x82a CMakeFiles/flux-finder-v1.dir/Core/Src/system_stm32f0xx.c.obj
 .debug_line    0x00011e8a      0x92b CMakeFiles/flux-finder-v1.dir/Middlewares/Third_Party/FatFs/src/ff_gen_drv.c.obj
 .debug_line    0x000127b5      0x352 CMakeFiles/flux-finder-v1.dir/Core/Src/sysmem.c.obj
 .debug_line    0x00012b07       0x7b CMakeFiles/flux-finder-v1.dir/startup_stm32f070xb.s.obj
 .debug_line    0x00012b82      0x3c1 C:/ST/STM32CubeCLT_1.15.0/GNU-tools-for-STM32/bin/../lib/gcc/arm-none-eabi/12.3.1/../../../../arm-none-eabi/lib/thumb/v6-m/nofp\libg_nano.a(libc_a-snprintf.o)
 .debug_line    0x00012f43      0x18e C:/ST/STM32CubeCLT_1.15.0/GNU-tools-for-STM32/bin/../lib/gcc/arm-none-eabi/12.3.1/../../../../arm-none-eabi/lib/thumb/v6-m/nofp\libg_nano.a(libc_a-errno.o)
 .debug_line    0x000130d1      0x92f C:/ST/STM32CubeCLT_1.15.0/GNU-tools-for-STM32/bin/../lib/gcc/arm-none-eabi/12.3.1/../../../../arm-none-eabi/lib/thumb/v6-m/nofp\libg_nano.a(libc_a-nano-svfprintf.o)
 .debug_line    0x00013a00      0x6d8 C:/ST/STM32CubeCLT_1.15.0/GNU-tools-for-STM32/bin/../lib/gcc/arm-none-eabi/12.3.1/../../../../arm-none-eabi/lib/thumb/v6-m/nofp\libg_nano.a(libc_a-nano-vfprintf_i.o)
 .debug_line    0x000140d8      0x1a7 C:/ST/STM32CubeCLT_1.15.0/GNU-tools-for-STM32/bin/../lib/gcc/arm-none-eabi/12.3.1/../../../../arm-none-eabi/lib/thumb/v6-m/nofp\libg_nano.a(libc_a-memmove.o)
 .debug_line    0x0001427f      0x202 C:/ST/STM32CubeCLT_1.15.0/GNU-tools-for-STM32/bin/../lib/gcc/arm-none-eabi/12.3.1/../../../../arm-none-eabi/lib/thumb/v6-m/nofp\libg_nano.a(libc_a-memchr-stub.o)
 .debug_line    0x00014481      0x201 C:/ST/STM32CubeCLT_1.15.0/GNU-tools-for-STM32/bin/../lib/gcc/arm-none-eabi/12.3.1/../../../../arm-none-eabi/lib/thumb/v6-m/nofp\libg_nano.a(libc_a-memcpy-stub.o)
 .debug_line    0x00014682      0x277 C:/ST/STM32CubeCLT_1.15.0/GNU-tools-for-STM32/bin/../lib/gcc/arm-none-eabi/12.3.1/../../../../arm-none-eabi/lib/thumb/v6-m/nofp\libg_nano.a(libc_a-reallocr.o)
 .debug_line    0x000148f9      0x206 C:/ST/STM32CubeCLT_1.15.0/GNU-tools-for-STM32/bin/../lib/gcc/arm-none-eabi/12.3.1/../../../../arm-none-eabi/lib/thumb/v6-m/nofp\libg_nano.a(libc_a-msizer.o)

.debug_str      0x00000000    0x680fe
 .debug_str     0x00000000    0x63c96 CMakeFiles/flux-finder-v1.dir/Core/Src/main.c.obj
                              0x6407a (size before relaxing)
 .debug_str     0x00063c96       0xb7 CMakeFiles/flux-finder-v1.dir/Core/Src/stm32f0xx_it.c.obj
                              0x5f8d4 (size before relaxing)
 .debug_str     0x00063d4d      0x10b CMakeFiles/flux-finder-v1.dir/Core/Src/stm32f0xx_hal_msp.c.obj
                              0x6042f (size before relaxing)
 .debug_str     0x00063e58      0x1c4 CMakeFiles/flux-finder-v1.dir/FATFS/Target/user_diskio.c.obj
                              0x62c2e (size before relaxing)
 .debug_str     0x0006401c      0x137 CMakeFiles/flux-finder-v1.dir/FATFS/App/fatfs.c.obj
                              0x601bd (size before relaxing)
 .debug_str     0x00064153      0x3d7 CMakeFiles/flux-finder-v1.dir/Drivers/STM32F0xx_HAL_Driver/Src/stm32f0xx_hal_adc.c.obj
                              0x5fc9b (size before relaxing)
 .debug_str     0x0006452a      0x28c CMakeFiles/flux-finder-v1.dir/Drivers/STM32F0xx_HAL_Driver/Src/stm32f0xx_hal_rcc.c.obj
                              0x5f9ca (size before relaxing)
 .debug_str     0x000647b6       0xeb CMakeFiles/flux-finder-v1.dir/Drivers/STM32F0xx_HAL_Driver/Src/stm32f0xx_hal_rcc_ex.c.obj
                              0x5f708 (size before relaxing)
 .debug_str     0x000648a1      0x4b6 CMakeFiles/flux-finder-v1.dir/Drivers/STM32F0xx_HAL_Driver/Src/stm32f0xx_hal.c.obj
                              0x5fb43 (size before relaxing)
 .debug_str     0x00064d57      0xe6e CMakeFiles/flux-finder-v1.dir/Drivers/STM32F0xx_HAL_Driver/Src/stm32f0xx_hal_i2c.c.obj
                              0x608ef (size before relaxing)
 .debug_str     0x00065bc5       0xd4 CMakeFiles/flux-finder-v1.dir/Drivers/STM32F0xx_HAL_Driver/Src/stm32f0xx_hal_i2c_ex.c.obj
                              0x5fae7 (size before relaxing)
 .debug_str     0x00065c99      0x12c CMakeFiles/flux-finder-v1.dir/Drivers/STM32F0xx_HAL_Driver/Src/stm32f0xx_hal_gpio.c.obj
                              0x5f72f (size before relaxing)
 .debug_str     0x00065dc5      0x22f CMakeFiles/flux-finder-v1.dir/Drivers/STM32F0xx_HAL_Driver/Src/stm32f0xx_hal_dma.c.obj
                              0x5f934 (size before relaxing)
 .debug_str     0x00065ff4      0x1df CMakeFiles/flux-finder-v1.dir/Drivers/STM32F0xx_HAL_Driver/Src/stm32f0xx_hal_cortex.c.obj
                              0x5f934 (size before relaxing)
 .debug_str     0x000661d3      0x587 CMakeFiles/flux-finder-v1.dir/Drivers/STM32F0xx_HAL_Driver/Src/stm32f0xx_hal_spi.c.obj
                              0x5fef8 (size before relaxing)
 .debug_str     0x0006675a      0x842 CMakeFiles/flux-finder-v1.dir/Drivers/STM32F0xx_HAL_Driver/Src/stm32f0xx_hal_uart.c.obj
                              0x602a7 (size before relaxing)
 .debug_str     0x00066f9c       0x75 CMakeFiles/flux-finder-v1.dir/Core/Src/system_stm32f0xx.c.obj
                              0x5f58e (size before relaxing)
 .debug_str     0x00067011       0xef CMakeFiles/flux-finder-v1.dir/Middlewares/Third_Party/FatFs/src/ff_gen_drv.c.obj
                              0x6013a (size before relaxing)
 .debug_str     0x00067100      0x511 CMakeFiles/flux-finder-v1.dir/Core/Src/sysmem.c.obj
                               0x59f5 (size before relaxing)
 .debug_str     0x00067611       0x6a CMakeFiles/flux-finder-v1.dir/startup_stm32f070xb.s.obj
                                 0xae (size before relaxing)
 .debug_str     0x0006767b      0x446 C:/ST/STM32CubeCLT_1.15.0/GNU-tools-for-STM32/bin/../lib/gcc/arm-none-eabi/12.3.1/../../../../arm-none-eabi/lib/thumb/v6-m/nofp\libg_nano.a(libc_a-snprintf.o)
                                0x578 (size before relaxing)
 .debug_str     0x00067ac1       0x58 C:/ST/STM32CubeCLT_1.15.0/GNU-tools-for-STM32/bin/../lib/gcc/arm-none-eabi/12.3.1/../../../../arm-none-eabi/lib/thumb/v6-m/nofp\libg_nano.a(libc_a-errno.o)
                                0x524 (size before relaxing)
 .debug_str     0x00067b19      0x2b4 C:/ST/STM32CubeCLT_1.15.0/GNU-tools-for-STM32/bin/../lib/gcc/arm-none-eabi/12.3.1/../../../../arm-none-eabi/lib/thumb/v6-m/nofp\libg_nano.a(libc_a-nano-svfprintf.o)
                                0x873 (size before relaxing)
 .debug_str     0x00067dcd       0xcb C:/ST/STM32CubeCLT_1.15.0/GNU-tools-for-STM32/bin/../lib/gcc/arm-none-eabi/12.3.1/../../../../arm-none-eabi/lib/thumb/v6-m/nofp\libg_nano.a(libc_a-nano-vfprintf_i.o)
                                0x81a (size before relaxing)
 .debug_str     0x00067e98       0x74 C:/ST/STM32CubeCLT_1.15.0/GNU-tools-for-STM32/bin/../lib/gcc/arm-none-eabi/12.3.1/../../../../arm-none-eabi/lib/thumb/v6-m/nofp\libg_nano.a(libc_a-memmove.o)
                                0x225 (size before relaxing)
 .debug_str     0x00067f0c       0x64 C:/ST/STM32CubeCLT_1.15.0/GNU-tools-for-STM32/bin/../lib/gcc/arm-none-eabi/12.3.1/../../../../arm-none-eabi/lib/thumb/v6-m/nofp\libg_nano.a(libc_a-memchr-stub.o)
                                0x224 (size before relaxing)
 .debug_str     0x00067f70       0x78 C:/ST/STM32CubeCLT_1.15.0/GNU-tools-for-STM32/bin/../lib/gcc/arm-none-eabi/12.3.1/../../../../arm-none-eabi/lib/thumb/v6-m/nofp\libg_nano.a(libc_a-memcpy-stub.o)
                                0x228 (size before relaxing)
 .debug_str     0x00067fe8       0xad C:/ST/STM32CubeCLT_1.15.0/GNU-tools-for-STM32/bin/../lib/gcc/arm-none-eabi/12.3.1/../../../../arm-none-eabi/lib/thumb/v6-m/nofp\libg_nano.a(libc_a-reallocr.o)
                                0x5a0 (size before relaxing)
 .debug_str     0x00068095       0x69 C:/ST/STM32CubeCLT_1.15.0/GNU-tools-for-STM32/bin/../lib/gcc/arm-none-eabi/12.3.1/../../../../arm-none-eabi/lib/thumb/v6-m/nofp\libg_nano.a(libc_a-msizer.o)
                                0x573 (size before relaxing)

.comment        0x00000000       0x43
 .comment       0x00000000       0x43 CMakeFiles/flux-finder-v1.dir/Core/Src/main.c.obj
                                 0x44 (size before relaxing)
 .comment       0x00000043       0x44 CMakeFiles/flux-finder-v1.dir/Core/Src/stm32f0xx_it.c.obj
 .comment       0x00000043       0x44 CMakeFiles/flux-finder-v1.dir/Core/Src/stm32f0xx_hal_msp.c.obj
 .comment       0x00000043       0x44 CMakeFiles/flux-finder-v1.dir/FATFS/Target/user_diskio.c.obj
 .comment       0x00000043       0x44 CMakeFiles/flux-finder-v1.dir/FATFS/App/fatfs.c.obj
 .comment       0x00000043       0x44 CMakeFiles/flux-finder-v1.dir/Drivers/STM32F0xx_HAL_Driver/Src/stm32f0xx_hal_adc.c.obj
 .comment       0x00000043       0x44 CMakeFiles/flux-finder-v1.dir/Drivers/STM32F0xx_HAL_Driver/Src/stm32f0xx_hal_rcc.c.obj
 .comment       0x00000043       0x44 CMakeFiles/flux-finder-v1.dir/Drivers/STM32F0xx_HAL_Driver/Src/stm32f0xx_hal_rcc_ex.c.obj
 .comment       0x00000043       0x44 CMakeFiles/flux-finder-v1.dir/Drivers/STM32F0xx_HAL_Driver/Src/stm32f0xx_hal.c.obj
 .comment       0x00000043       0x44 CMakeFiles/flux-finder-v1.dir/Drivers/STM32F0xx_HAL_Driver/Src/stm32f0xx_hal_i2c.c.obj
 .comment       0x00000043       0x44 CMakeFiles/flux-finder-v1.dir/Drivers/STM32F0xx_HAL_Driver/Src/stm32f0xx_hal_i2c_ex.c.obj
 .comment       0x00000043       0x44 CMakeFiles/flux-finder-v1.dir/Drivers/STM32F0xx_HAL_Driver/Src/stm32f0xx_hal_gpio.c.obj
 .comment       0x00000043       0x44 CMakeFiles/flux-finder-v1.dir/Drivers/STM32F0xx_HAL_Driver/Src/stm32f0xx_hal_dma.c.obj
 .comment       0x00000043       0x44 CMakeFiles/flux-finder-v1.dir/Drivers/STM32F0xx_HAL_Driver/Src/stm32f0xx_hal_cortex.c.obj
 .comment       0x00000043       0x44 CMakeFiles/flux-finder-v1.dir/Drivers/STM32F0xx_HAL_Driver/Src/stm32f0xx_hal_spi.c.obj
 .comment       0x00000043       0x44 CMakeFiles/flux-finder-v1.dir/Drivers/STM32F0xx_HAL_Driver/Src/stm32f0xx_hal_uart.c.obj
 .comment       0x00000043       0x44 CMakeFiles/flux-finder-v1.dir/Core/Src/system_stm32f0xx.c.obj
 .comment       0x00000043       0x44 CMakeFiles/flux-finder-v1.dir/Middlewares/Third_Party/FatFs/src/ff_gen_drv.c.obj
 .comment       0x00000043       0x44 CMakeFiles/flux-finder-v1.dir/Core/Src/sysmem.c.obj
 .comment       0x00000043       0x44 C:/ST/STM32CubeCLT_1.15.0/GNU-tools-for-STM32/bin/../lib/gcc/arm-none-eabi/12.3.1/../../../../arm-none-eabi/lib/thumb/v6-m/nofp\libg_nano.a(libc_a-snprintf.o)
 .comment       0x00000043       0x44 C:/ST/STM32CubeCLT_1.15.0/GNU-tools-for-STM32/bin/../lib/gcc/arm-none-eabi/12.3.1/../../../../arm-none-eabi/lib/thumb/v6-m/nofp\libg_nano.a(libc_a-errno.o)
 .comment       0x00000043       0x44 C:/ST/STM32CubeCLT_1.15.0/GNU-tools-for-STM32/bin/../lib/gcc/arm-none-eabi/12.3.1/../../../../arm-none-eabi/lib/thumb/v6-m/nofp\libg_nano.a(libc_a-nano-svfprintf.o)
 .comment       0x00000043       0x44 C:/ST/STM32CubeCLT_1.15.0/GNU-tools-for-STM32/bin/../lib/gcc/arm-none-eabi/12.3.1/../../../../arm-none-eabi/lib/thumb/v6-m/nofp\libg_nano.a(libc_a-nano-vfprintf_i.o)
 .comment       0x00000043       0x44 C:/ST/STM32CubeCLT_1.15.0/GNU-tools-for-STM32/bin/../lib/gcc/arm-none-eabi/12.3.1/../../../../arm-none-eabi/lib/thumb/v6-m/nofp\libg_nano.a(libc_a-memmove.o)
 .comment       0x00000043       0x44 C:/ST/STM32CubeCLT_1.15.0/GNU-tools-for-STM32/bin/../lib/gcc/arm-none-eabi/12.3.1/../../../../arm-none-eabi/lib/thumb/v6-m/nofp\libg_nano.a(libc_a-memchr-stub.o)
 .comment       0x00000043       0x44 C:/ST/STM32CubeCLT_1.15.0/GNU-tools-for-STM32/bin/../lib/gcc/arm-none-eabi/12.3.1/../../../../arm-none-eabi/lib/thumb/v6-m/nofp\libg_nano.a(libc_a-memcpy-stub.o)
 .comment       0x00000043       0x44 C:/ST/STM32CubeCLT_1.15.0/GNU-tools-for-STM32/bin/../lib/gcc/arm-none-eabi/12.3.1/../../../../arm-none-eabi/lib/thumb/v6-m/nofp\libg_nano.a(libc_a-reallocr.o)
 .comment       0x00000043       0x44 C:/ST/STM32CubeCLT_1.15.0/GNU-tools-for-STM32/bin/../lib/gcc/arm-none-eabi/12.3.1/../../../../arm-none-eabi/lib/thumb/v6-m/nofp\libg_nano.a(libc_a-msizer.o)

.debug_line_str
                0x00000000       0x92
 .debug_line_str
                0x00000000       0x92 CMakeFiles/flux-finder-v1.dir/startup_stm32f070xb.s.obj

.debug_loclists
                0x00000000      0xe83
 .debug_loclists
                0x00000000      0x123 C:/ST/STM32CubeCLT_1.15.0/GNU-tools-for-STM32/bin/../lib/gcc/arm-none-eabi/12.3.1/../../../../arm-none-eabi/lib/thumb/v6-m/nofp\libg_nano.a(libc_a-snprintf.o)
 .debug_loclists
                0x00000123      0x552 C:/ST/STM32CubeCLT_1.15.0/GNU-tools-for-STM32/bin/../lib/gcc/arm-none-eabi/12.3.1/../../../../arm-none-eabi/lib/thumb/v6-m/nofp\libg_nano.a(libc_a-nano-svfprintf.o)
 .debug_loclists
                0x00000675      0x444 C:/ST/STM32CubeCLT_1.15.0/GNU-tools-for-STM32/bin/../lib/gcc/arm-none-eabi/12.3.1/../../../../arm-none-eabi/lib/thumb/v6-m/nofp\libg_nano.a(libc_a-nano-vfprintf_i.o)
 .debug_loclists
                0x00000ab9       0xe3 C:/ST/STM32CubeCLT_1.15.0/GNU-tools-for-STM32/bin/../lib/gcc/arm-none-eabi/12.3.1/../../../../arm-none-eabi/lib/thumb/v6-m/nofp\libg_nano.a(libc_a-memmove.o)
 .debug_loclists
                0x00000b9c       0x7c C:/ST/STM32CubeCLT_1.15.0/GNU-tools-for-STM32/bin/../lib/gcc/arm-none-eabi/12.3.1/../../../../arm-none-eabi/lib/thumb/v6-m/nofp\libg_nano.a(libc_a-memchr-stub.o)
 .debug_loclists
                0x00000c18       0xaf C:/ST/STM32CubeCLT_1.15.0/GNU-tools-for-STM32/bin/../lib/gcc/arm-none-eabi/12.3.1/../../../../arm-none-eabi/lib/thumb/v6-m/nofp\libg_nano.a(libc_a-memcpy-stub.o)
 .debug_loclists
                0x00000cc7      0x159 C:/ST/STM32CubeCLT_1.15.0/GNU-tools-for-STM32/bin/../lib/gcc/arm-none-eabi/12.3.1/../../../../arm-none-eabi/lib/thumb/v6-m/nofp\libg_nano.a(libc_a-reallocr.o)
 .debug_loclists
                0x00000e20       0x63 C:/ST/STM32CubeCLT_1.15.0/GNU-tools-for-STM32/bin/../lib/gcc/arm-none-eabi/12.3.1/../../../../arm-none-eabi/lib/thumb/v6-m/nofp\libg_nano.a(libc_a-msizer.o)