Archive member included to satisfy reference by file (symbol)

C:/ST/STM32CubeCLT_1.15.0/GNU-tools-for-STM32/bin/../lib/gcc/arm-none-eabi/12.3.1/../../../../arm-none-eabi/lib/thumb/v6-m/nofp\libc_nano.a(libc_a-exit.o)
                              C:/ST/STM32CubeCLT_1.15.0/GNU-tools-for-STM32/bin/../lib/gcc/arm-none-eabi/12.3.1/../../../../arm-none-eabi/lib/thumb/v6-m/nofp/crt0.o (exit)
C:/ST/STM32CubeCLT_1.15.0/GNU-tools-for-STM32/bin/../lib/gcc/arm-none-eabi/12.3.1/../../../../arm-none-eabi/lib/thumb/v6-m/nofp\libc_nano.a(libc_a-findfp.o)
                              C:/ST/STM32CubeCLT_1.15.0/GNU-tools-for-STM32/bin/../lib/gcc/arm-none-eabi/12.3.1/../../../../arm-none-eabi/lib/thumb/v6-m/nofp\libc_nano.a(libc_a-exit.o) (__stdio_exit_handler)
C:/ST/STM32CubeCLT_1.15.0/GNU-tools-for-STM32/bin/../lib/gcc/arm-none-eabi/12.3.1/../../../../arm-none-eabi/lib/thumb/v6-m/nofp\libc_nano.a(libc_a-fwalk.o)
                              C:/ST/STM32CubeCLT_1.15.0/GNU-tools-for-STM32/bin/../lib/gcc/arm-none-eabi/12.3.1/../../../../arm-none-eabi/lib/thumb/v6-m/nofp\libc_nano.a(libc_a-findfp.o) (_fwalk_sglue)
C:/ST/STM32CubeCLT_1.15.0/GNU-tools-for-STM32/bin/../lib/gcc/arm-none-eabi/12.3.1/../../../../arm-none-eabi/lib/thumb/v6-m/nofp\libc_nano.a(libc_a-stdio.o)
                              C:/ST/STM32CubeCLT_1.15.0/GNU-tools-for-STM32/bin/../lib/gcc/arm-none-eabi/12.3.1/../../../../arm-none-eabi/lib/thumb/v6-m/nofp\libc_nano.a(libc_a-findfp.o) (__sread)
C:/ST/STM32CubeCLT_1.15.0/GNU-tools-for-STM32/bin/../lib/gcc/arm-none-eabi/12.3.1/../../../../arm-none-eabi/lib/thumb/v6-m/nofp\libc_nano.a(libc_a-memset.o)
                              C:/ST/STM32CubeCLT_1.15.0/GNU-tools-for-STM32/bin/../lib/gcc/arm-none-eabi/12.3.1/../../../../arm-none-eabi/lib/thumb/v6-m/nofp/crt0.o (memset)
C:/ST/STM32CubeCLT_1.15.0/GNU-tools-for-STM32/bin/../lib/gcc/arm-none-eabi/12.3.1/../../../../arm-none-eabi/lib/thumb/v6-m/nofp\libc_nano.a(libc_a-closer.o)
                              C:/ST/STM32CubeCLT_1.15.0/GNU-tools-for-STM32/bin/../lib/gcc/arm-none-eabi/12.3.1/../../../../arm-none-eabi/lib/thumb/v6-m/nofp\libc_nano.a(libc_a-stdio.o) (_close_r)
C:/ST/STM32CubeCLT_1.15.0/GNU-tools-for-STM32/bin/../lib/gcc/arm-none-eabi/12.3.1/../../../../arm-none-eabi/lib/thumb/v6-m/nofp\libc_nano.a(libc_a-reent.o)
                              C:/ST/STM32CubeCLT_1.15.0/GNU-tools-for-STM32/bin/../lib/gcc/arm-none-eabi/12.3.1/../../../../arm-none-eabi/lib/thumb/v6-m/nofp\libc_nano.a(libc_a-closer.o) (errno)
C:/ST/STM32CubeCLT_1.15.0/GNU-tools-for-STM32/bin/../lib/gcc/arm-none-eabi/12.3.1/../../../../arm-none-eabi/lib/thumb/v6-m/nofp\libc_nano.a(libc_a-impure.o)
                              C:/ST/STM32CubeCLT_1.15.0/GNU-tools-for-STM32/bin/../lib/gcc/arm-none-eabi/12.3.1/../../../../arm-none-eabi/lib/thumb/v6-m/nofp\libc_nano.a(libc_a-reent.o) (_impure_ptr)
C:/ST/STM32CubeCLT_1.15.0/GNU-tools-for-STM32/bin/../lib/gcc/arm-none-eabi/12.3.1/../../../../arm-none-eabi/lib/thumb/v6-m/nofp\libc_nano.a(libc_a-lseekr.o)
                              C:/ST/STM32CubeCLT_1.15.0/GNU-tools-for-STM32/bin/../lib/gcc/arm-none-eabi/12.3.1/../../../../arm-none-eabi/lib/thumb/v6-m/nofp\libc_nano.a(libc_a-stdio.o) (_lseek_r)
C:/ST/STM32CubeCLT_1.15.0/GNU-tools-for-STM32/bin/../lib/gcc/arm-none-eabi/12.3.1/../../../../arm-none-eabi/lib/thumb/v6-m/nofp\libc_nano.a(libc_a-readr.o)
                              C:/ST/STM32CubeCLT_1.15.0/GNU-tools-for-STM32/bin/../lib/gcc/arm-none-eabi/12.3.1/../../../../arm-none-eabi/lib/thumb/v6-m/nofp\libc_nano.a(libc_a-stdio.o) (_read_r)
C:/ST/STM32CubeCLT_1.15.0/GNU-tools-for-STM32/bin/../lib/gcc/arm-none-eabi/12.3.1/../../../../arm-none-eabi/lib/thumb/v6-m/nofp\libc_nano.a(libc_a-writer.o)
                              C:/ST/STM32CubeCLT_1.15.0/GNU-tools-for-STM32/bin/../lib/gcc/arm-none-eabi/12.3.1/../../../../arm-none-eabi/lib/thumb/v6-m/nofp\libc_nano.a(libc_a-stdio.o) (_write_r)
C:/ST/STM32CubeCLT_1.15.0/GNU-tools-for-STM32/bin/../lib/gcc/arm-none-eabi/12.3.1/../../../../arm-none-eabi/lib/thumb/v6-m/nofp\libc_nano.a(libc_a-init.o)
                              C:/ST/STM32CubeCLT_1.15.0/GNU-tools-for-STM32/bin/../lib/gcc/arm-none-eabi/12.3.1/../../../../arm-none-eabi/lib/thumb/v6-m/nofp/crt0.o (__libc_init_array)
C:/ST/STM32CubeCLT_1.15.0/GNU-tools-for-STM32/bin/../lib/gcc/arm-none-eabi/12.3.1/../../../../arm-none-eabi/lib/thumb/v6-m/nofp\libc_nano.a(libc_a-lock.o)
                              C:/ST/STM32CubeCLT_1.15.0/GNU-tools-for-STM32/bin/../lib/gcc/arm-none-eabi/12.3.1/../../../../arm-none-eabi/lib/thumb/v6-m/nofp\libc_nano.a(libc_a-findfp.o) (__retarget_lock_init_recursive)
C:/ST/STM32CubeCLT_1.15.0/GNU-tools-for-STM32/bin/../lib/gcc/arm-none-eabi/12.3.1/../../../../arm-none-eabi/lib/thumb/v6-m/nofp\libc_nano.a(libc_a-freer.o)
                              C:/ST/STM32CubeCLT_1.15.0/GNU-tools-for-STM32/bin/../lib/gcc/arm-none-eabi/12.3.1/../../../../arm-none-eabi/lib/thumb/v6-m/nofp\libc_nano.a(libc_a-reent.o) (_free_r)
[...]
Memory Configuration

Name             Origin             Length             Attributes
RAM              0x20000000         0x00004000         xrw
FLASH            0x08000000         0x00020000         xr
*default*        0x00000000         0xffffffff

Linker script and memory map

LOAD C:/ST/STM32CubeCLT_1.15.0/GNU-tools-for-STM32/bin/../lib/gcc/arm-none-eabi/12.3.1/thumb/v6-m/nofp/crti.o
LOAD C:/ST/STM32CubeCLT_1.15.0/GNU-tools-for-STM32/bin/../lib/gcc/arm-none-eabi/12.3.1/thumb/v6-m/nofp/crtbegin.o
LOAD C:/ST/STM32CubeCLT_1.15.0/GNU-tools-for-STM32/bin/../lib/gcc/arm-none-eabi/12.3.1/../../../../arm-none-eabi/lib/thumb/v6-m/nofp/crt0.o
START GROUP
LOAD C:/ST/STM32CubeCLT_1.15.0/GNU-tools-for-STM32/bin/../lib/gcc/arm-none-eabi/12.3.1/../../../../arm-none-eabi/lib/thumb/v6-m/nofp\libc_nano.a
LOAD C:/ST/STM32CubeCLT_1.15.0/GNU-tools-for-STM32/bin/../lib/gcc/arm-none-eabi/12.3.1/../../../../arm-none-eabi/lib/thumb/v6-m/nofp\libm.a
END GROUP
LOAD CMakeFiles/flux-finder-v1.dir/Core/Src/main.c.obj
LOAD CMakeFiles/flux-finder-v1.dir/Core/Src/stm32f0xx_it.c.obj
LOAD CMakeFiles/flux-finder-v1.dir/Core/Src/stm32f0xx_hal_msp.c.obj
LOAD CMakeFiles/flux-finder-v1.dir/FATFS/Target/user_diskio.c.obj
LOAD CMakeFiles/flux-finder-v1.dir/FATFS/App/fatfs.c.obj
LOAD CMakeFiles/flux-finder-v1.dir/Drivers/STM32F0xx_HAL_Driver/Src/stm32f0xx_hal_adc.c.obj
LOAD CMakeFiles/flux-finder-v1.dir/Drivers/STM32F0xx_HAL_Driver/Src/stm32f0xx_hal_adc_ex.c.obj
LOAD CMakeFiles/flux-finder-v1.dir/Drivers/STM32F0xx_HAL_Driver/Src/stm32f0xx_hal_rcc.c.obj
LOAD CMakeFiles/flux-finder-v1.dir/Drivers/STM32F0xx_HAL_Driver/Src/stm32f0xx_hal_rcc_ex.c.obj
LOAD CMakeFiles/flux-finder-v1.dir/Drivers/STM32F0xx_HAL_Driver/Src/stm32f0xx_hal.c.obj
LOAD CMakeFiles/flux-finder-v1.dir/Drivers/STM32F0xx_HAL_Driver/Src/stm32f0xx_hal_i2c.c.obj
LOAD CMakeFiles/flux-finder-v1.dir/Drivers/STM32F0xx_HAL_Driver/Src/stm32f0xx_hal_i2c_ex.c.obj
LOAD CMakeFiles/flux-finder-v1.dir/Drivers/STM32F0xx_HAL_Driver/Src/stm32f0xx_hal_gpio.c.obj
LOAD CMakeFiles/flux-finder-v1.dir/Drivers/STM32F0xx_HAL_Driver/Src/stm32f0xx_hal_dma.c.obj
LOAD CMakeFiles/flux-finder-v1.dir/Drivers/STM32F0xx_HAL_Driver/Src/stm32f0xx_hal_cortex.c.obj
LOAD CMakeFiles/flux-finder-v1.dir/Drivers/STM32F0xx_HAL_Driver/Src/stm32f0xx_hal_pwr.c.obj
LOAD CMakeFiles/flux-finder-v1.dir/Drivers/STM32F0xx_HAL_Driver/Src/stm32f0xx_hal_pwr_ex.c.obj
LOAD CMakeFiles/flux-finder-v1.dir/Drivers/STM32F0xx_HAL_Driver/Src/stm32f0xx_hal_flash.c.obj
LOAD CMakeFiles/flux-finder-v1.dir/Drivers/STM32F0xx_HAL_Driver/Src/stm32f0xx_hal_flash_ex.c.obj
LOAD CMakeFiles/flux-finder-v1.dir/Drivers/STM32F0xx_HAL_Driver/Src/stm32f0xx_hal_exti.c.obj
LOAD CMakeFiles/flux-finder-v1.dir/Drivers/STM32F0xx_HAL_Driver/Src/stm32f0xx_hal_spi.c.obj
LOAD CMakeFiles/flux-finder-v1.dir/Drivers/STM32F0xx_HAL_Driver/Src/stm32f0xx_hal_spi_ex.c.obj
LOAD CMakeFiles/flux-finder-v1.dir/Drivers/STM32F0xx_HAL_Driver/Src/stm32f0xx_hal_tim.c.obj
LOAD CMakeFiles/flux-finder-v1.dir/Drivers/STM32F0xx_HAL_Driver/Src/stm32f0xx_hal_tim_ex.c.obj
LOAD CMakeFiles/flux-finder-v1.dir/Drivers/STM32F0xx_HAL_Driver/Src/stm32f0xx_hal_uart.c.obj
LOAD CMakeFiles/flux-finder-v1.dir/Drivers/STM32F0xx_HAL_Driver/Src/stm32f0xx_hal_uart_ex.c.obj
LOAD CMakeFiles/flux-finder-v1.dir/Core/Src/system_stm32f0xx.c.obj
LOAD CMakeFiles/flux-finder-v1.dir/Middlewares/Third_Party/FatFs/src/diskio.c.obj
LOAD CMakeFiles/flux-finder-v1.dir/Middlewares/Third_Party/FatFs/src/ff.c.obj
LOAD CMakeFiles/flux-finder-v1.dir/Middlewares/Third_Party/FatFs/src/ff_gen_drv.c.obj
LOAD CMakeFiles/flux-finder-v1.dir/Middlewares/Third_Party/FatFs/src/option/syscall.c.obj
LOAD CMakeFiles/flux-finder-v1.dir/Core/Src/sysmem.c.obj
LOAD CMakeFiles/flux-finder-v1.dir/Core/Src/syscalls.c.obj
LOAD CMakeFiles/flux-finder-v1.dir/startup_stm32f070xb.s.obj
START GROUP
LOAD C:/ST/STM32CubeCLT_1.15.0/GNU-tools-for-STM32/bin/../lib/gcc/arm-none-eabi/12.3.1/thumb/v6-m/nofp\libgcc.a
LOAD C:/ST/STM32CubeCLT_1.15.0/GNU-tools-for-STM32/bin/../lib/gcc/arm-none-eabi/12.3.1/../../../../arm-none-eabi/lib/thumb/v6-m/nofp\libg_nano.a
LOAD C:/ST/STM32CubeCLT_1.15.0/GNU-tools-for-STM32/bin/../lib/gcc/arm-none-eabi/12.3.1/../../../../arm-none-eabi/lib/thumb/v6-m/nofp\libc_nano.a
END GROUP
START GROUP
LOAD C:/ST/STM32CubeCLT_1.15.0/GNU-tools-for-STM32/bin/../lib/gcc/arm-none-eabi/12.3.1/thumb/v6-m/nofp\libgcc.a
LOAD C:/ST/STM32CubeCLT_1.15.0/GNU-tools-for-STM32/bin/../lib/gcc/arm-none-eabi/12.3.1/../../../../arm-none-eabi/lib/thumb/v6-m/nofp\libc_nano.a
END GROUP
LOAD C:/ST/STM32CubeCLT_1.15.0/GNU-tools-for-STM32/bin/../lib/gcc/arm-none-eabi/12.3.1/thumb/v6-m/nofp/crtend.o
LOAD C:/ST/STM32CubeCLT_1.15.0/GNU-tools-for-STM32/bin/../lib/gcc/arm-none-eabi/12.3.1/thumb/v6-m/nofp/crtn.o
                0x20004000                        _estack = (ORIGIN (RAM) + LENGTH (RAM))
                0x00000200                        _Min_Heap_Size = 0x200
                0x00000400                        _Min_Stack_Size = 0x400

.isr_vector     0x08000000       0xc0
                0x08000000                        . = ALIGN (0x4)
 *(.isr_vector)
 .isr_vector    0x08000000       0xc0 CMakeFiles/flux-finder-v1.dir/startup_stm32f070xb.s.obj
                0x08000000                g_pfnVectors
                0x080000c0                        . = ALIGN (0x4)

.text           0x080000c0     0x3ba0
                0x080000c0                        . = ALIGN (0x4)
 *(.text)
 .text          0x080000c0       0x48 C:/ST/STM32CubeCLT_1.15.0/GNU-tools-for-STM32/bin/../lib/gcc/arm-none-eabi/12.3.1/thumb/v6-m/nofp/crtbegin.o
 .text          0x08000108      0x114 C:/ST/STM32CubeCLT_1.15.0/GNU-tools-for-STM32/bin/../lib/gcc/arm-none-eabi/12.3.1/thumb/v6-m/nofp\libgcc.a(_udivsi3.o)
                0x08000108                __aeabi_uidiv
                0x08000108                __udivsi3
                0x08000214                __aeabi_uidivmod
 .text          0x0800021c      0x1d4 C:/ST/STM32CubeCLT_1.15.0/GNU-tools-for-STM32/bin/../lib/gcc/arm-none-eabi/12.3.1/thumb/v6-m/nofp\libgcc.a(_divsi3.o)
                0x0800021c                __divsi3
                0x0800021c                __aeabi_idiv
                0x080003e8                __aeabi_idivmod
 .text          0x080003f0        0x4 C:/ST/STM32CubeCLT_1.15.0/GNU-tools-for-STM32/bin/../lib/gcc/arm-none-eabi/12.3.1/thumb/v6-m/nofp\libgcc.a(_dvmd_tls.o)
                0x080003f0                __aeabi_idiv0
                0x080003f0                __aeabi_ldiv0
 .text          0x080003f4       0x14 C:/ST/STM32CubeCLT_1.15.0/GNU-tools-for-STM32/bin/../lib/gcc/arm-none-eabi/12.3.1/thumb/v6-m/nofp\libgcc.a(_thumb1_case_shi.o)
                0x080003f4                __gnu_thumb1_case_shi
 *(.text*)
 .text.memset   0x08000408       0x10 C:/ST/STM32CubeCLT_1.15.0/GNU-tools-for-STM32/bin/../lib/gcc/arm-none-eabi/12.3.1/../../../../arm-none-eabi/lib/thumb/v6-m/nofp\libc_nano.a(libc_a-memset.o)
                0x08000408                memset
 .text.__libc_init_array
                0x08000418       0x48 C:/ST/STM32CubeCLT_1.15.0/GNU-tools-for-STM32/bin/../lib/gcc/arm-none-eabi/12.3.1/../../../../arm-none-eabi/lib/thumb/v6-m/nofp\libc_nano.a(libc_a-init.o)
                0x08000418                __libc_init_array
 .text.__retarget_lock_acquire_recursive
                0x08000460        0x2 C:/ST/STM32CubeCLT_1.15.0/GNU-tools-for-STM32/bin/../lib/gcc/arm-none-eabi/12.3.1/../../../../arm-none-eabi/lib/thumb/v6-m/nofp\libc_nano.a(libc_a-lock.o)
                0x08000460                __retarget_lock_acquire_recursive
 .text.__retarget_lock_release_recursive
                0x08000462        0x2 C:/ST/STM32CubeCLT_1.15.0/GNU-tools-for-STM32/bin/../lib/gcc/arm-none-eabi/12.3.1/../../../../arm-none-eabi/lib/thumb/v6-m/nofp\libc_nano.a(libc_a-lock.o)
                0x08000462                __retarget_lock_release_recursive
 .text._free_r  0x08000464       0x94 C:/ST/STM32CubeCLT_1.15.0/GNU-tools-for-STM32/bin/../lib/gcc/arm-none-eabi/12.3.1/../../../../arm-none-eabi/lib/thumb/v6-m/nofp\libc_nano.a(libc_a-freer.o)
                0x08000464                _free_r
 .text.sbrk_aligned
                0x080004f8       0x44 C:/ST/STM32CubeCLT_1.15.0/GNU-tools-for-STM32/bin/../lib/gcc/arm-none-eabi/12.3.1/../../../../arm-none-eabi/lib/thumb/v6-m/nofp\libc_nano.a(libc_a-mallocr.o)
 .text._malloc_r
                0x0800053c      0x100 C:/ST/STM32CubeCLT_1.15.0/GNU-tools-for-STM32/bin/../lib/gcc/arm-none-eabi/12.3.1/../../../../arm-none-eabi/lib/thumb/v6-m/nofp\libc_nano.a(libc_a-mallocr.o)
                0x0800053c                _malloc_r
 .text.__malloc_lock
                0x0800063c       0x10 C:/ST/STM32CubeCLT_1.15.0/GNU-tools-for-STM32/bin/../lib/gcc/arm-none-eabi/12.3.1/../../../../arm-none-eabi/lib/thumb/v6-m/nofp\libc_nano.a(libc_a-mlock.o)
                0x0800063c                __malloc_lock
 .text.__malloc_unlock
                0x0800064c       0x10 C:/ST/STM32CubeCLT_1.15.0/GNU-tools-for-STM32/bin/../lib/gcc/arm-none-eabi/12.3.1/../../../../arm-none-eabi/lib/thumb/v6-m/nofp\libc_nano.a(libc_a-mlock.o)
                0x0800064c                __malloc_unlock
 .text._sbrk_r  0x0800065c       0x24 C:/ST/STM32CubeCLT_1.15.0/GNU-tools-for-STM32/bin/../lib/gcc/arm-none-eabi/12.3.1/../../../../arm-none-eabi/lib/thumb/v6-m/nofp\libc_nano.a(libc_a-sbrkr.o)
                0x0800065c                _sbrk_r
 .text.main     0x08000680      0x168 CMakeFiles/flux-finder-v1.dir/Core/Src/main.c.obj
                0x08000680                main
 .text.SystemClock_Config
                0x080007e8       0xe4 CMakeFiles/flux-finder-v1.dir/Core/Src/main.c.obj
                0x080007e8                SystemClock_Config
 .text.MX_ADC_Init
                0x080008cc      0x120 CMakeFiles/flux-finder-v1.dir/Core/Src/main.c.obj
 .text.MX_I2C1_Init
                0x080009ec       0x80 CMakeFiles/flux-finder-v1.dir/Core/Src/main.c.obj
 .text.MX_SPI2_Init
                0x08000a6c       0x7c CMakeFiles/flux-finder-v1.dir/Core/Src/main.c.obj
 .text.MX_USART1_UART_Init
                0x08000ae8       0x60 CMakeFiles/flux-finder-v1.dir/Core/Src/main.c.obj
 .text.MX_DMA_Init
                0x08000b48       0x74 CMakeFiles/flux-finder-v1.dir/Core/Src/main.c.obj
 .text.MX_GPIO_Init
                0x08000bbc      0x1cc CMakeFiles/flux-finder-v1.dir/Core/Src/main.c.obj
 .text.Error_Handler
                0x08000d88        0xc CMakeFiles/flux-finder-v1.dir/Core/Src/main.c.obj
                0x08000d88                Error_Handler
 .text.NMI_Handler
                0x08000d94        0x8 CMakeFiles/flux-finder-v1.dir/Core/Src/stm32f0xx_it.c.obj
                0x08000d94                NMI_Handler
 .text.HardFault_Handler
                0x08000d9c        0x8 CMakeFiles/flux-finder-v1.dir/Core/Src/stm32f0xx_it.c.obj
                0x08000d9c                HardFault_Handler
 .text.SVC_Handler
                0x08000da4        0xa CMakeFiles/flux-finder-v1.dir/Core/Src/stm32f0xx_it.c.obj
                0x08000da4                SVC_Handler
 .text.PendSV_Handler
                0x08000dae        0xa CMakeFiles/flux-finder-v1.dir/Core/Src/stm32f0xx_it.c.obj
                0x08000dae                PendSV_Handler
 .text.SysTick_Handler
                0x08000db8        0xe CMakeFiles/flux-finder-v1.dir/Core/Src/stm32f0xx_it.c.obj
                0x08000db8                SysTick_Handler
 *fill*         0x08000dc6        0x2 
 .text.HAL_MspInit
                0x08000dc8       0x48 CMakeFiles/flux-finder-v1.dir/Core/Src/stm32f0xx_hal_msp.c.obj
                0x08000dc8                HAL_MspInit
 .text.HAL_ADC_MspInit
                0x08000e10       0x8c CMakeFiles/flux-finder-v1.dir/Core/Src/stm32f0xx_hal_msp.c.obj
                0x08000e10                HAL_ADC_MspInit
 .text.HAL_I2C_MspInit
                0x08000e9c       0x9c CMakeFiles/flux-finder-v1.dir/Core/Src/stm32f0xx_hal_msp.c.obj
                0x08000e9c                HAL_I2C_MspInit
 .text.HAL_SPI_MspInit
                0x08000f38       0x9c CMakeFiles/flux-finder-v1.dir/Core/Src/stm32f0xx_hal_msp.c.obj
                0x08000f38                HAL_SPI_MspInit
 .text.HAL_UART_MspInit
                0x08000fd4       0x9c CMakeFiles/flux-finder-v1.dir/Core/Src/stm32f0xx_hal_msp.c.obj
                0x08000fd4                HAL_UART_MspInit
 .text.USER_initialize
                0x08001070       0x24 CMakeFiles/flux-finder-v1.dir/FATFS/Target/user_diskio.c.obj
                0x08001070                USER_initialize
 .text.USER_status
                0x08001094       0x24 CMakeFiles/flux-finder-v1.dir/FATFS/Target/user_diskio.c.obj
                0x08001094                USER_status
 .text.USER_read
                0x080010b8       0x1e CMakeFiles/flux-finder-v1.dir/FATFS/Target/user_diskio.c.obj
                0x080010b8                USER_read
 .text.USER_write
                0x080010d6       0x1e CMakeFiles/flux-finder-v1.dir/FATFS/Target/user_diskio.c.obj
                0x080010d6                USER_write
 .text.USER_ioctl
                0x080010f4       0x28 CMakeFiles/flux-finder-v1.dir/FATFS/Target/user_diskio.c.obj
                0x080010f4                USER_ioctl
 .text.MX_FATFS_Init
                0x0800111c       0x2c CMakeFiles/flux-finder-v1.dir/FATFS/App/fatfs.c.obj
                0x0800111c                MX_FATFS_Init
 .text.HAL_ADC_Init
                0x08001148      0x280 CMakeFiles/flux-finder-v1.dir/Drivers/STM32F0xx_HAL_Driver/Src/stm32f0xx_hal_adc.c.obj
                0x08001148                HAL_ADC_Init
 .text.HAL_ADC_ConfigChannel
                0x080013c8      0x1ec CMakeFiles/flux-finder-v1.dir/Drivers/STM32F0xx_HAL_Driver/Src/stm32f0xx_hal_adc.c.obj
                0x080013c8                HAL_ADC_ConfigChannel
 .text.HAL_RCC_OscConfig
                0x080015b4      0x63c CMakeFiles/flux-finder-v1.dir/Drivers/STM32F0xx_HAL_Driver/Src/stm32f0xx_hal_rcc.c.obj
                0x080015b4                HAL_RCC_OscConfig
 .text.HAL_RCC_ClockConfig
                0x08001bf0      0x19c CMakeFiles/flux-finder-v1.dir/Drivers/STM32F0xx_HAL_Driver/Src/stm32f0xx_hal_rcc.c.obj
                0x08001bf0                HAL_RCC_ClockConfig
 .text.HAL_RCC_MCOConfig
                0x08001d8c       0x80 CMakeFiles/flux-finder-v1.dir/Drivers/STM32F0xx_HAL_Driver/Src/stm32f0xx_hal_rcc.c.obj
                0x08001d8c                HAL_RCC_MCOConfig
 .text.HAL_RCC_GetSysClockFreq
                0x08001e0c       0xb0 CMakeFiles/flux-finder-v1.dir/Drivers/STM32F0xx_HAL_Driver/Src/stm32f0xx_hal_rcc.c.obj
                0x08001e0c                HAL_RCC_GetSysClockFreq
 .text.HAL_RCC_GetHCLKFreq
                0x08001ebc       0x14 CMakeFiles/flux-finder-v1.dir/Drivers/STM32F0xx_HAL_Driver/Src/stm32f0xx_hal_rcc.c.obj
                0x08001ebc                HAL_RCC_GetHCLKFreq
 .text.HAL_RCC_GetPCLK1Freq
                0x08001ed0       0x2c CMakeFiles/flux-finder-v1.dir/Drivers/STM32F0xx_HAL_Driver/Src/stm32f0xx_hal_rcc.c.obj
                0x08001ed0                HAL_RCC_GetPCLK1Freq
 .text.HAL_RCCEx_PeriphCLKConfig
                0x08001efc      0x1bc CMakeFiles/flux-finder-v1.dir/Drivers/STM32F0xx_HAL_Driver/Src/stm32f0xx_hal_rcc_ex.c.obj
                0x08001efc                HAL_RCCEx_PeriphCLKConfig
 .text.HAL_Init
                0x080020b8       0x28 CMakeFiles/flux-finder-v1.dir/Drivers/STM32F0xx_HAL_Driver/Src/stm32f0xx_hal.c.obj
                0x080020b8                HAL_Init
 .text.HAL_InitTick
                0x080020e0       0x68 CMakeFiles/flux-finder-v1.dir/Drivers/STM32F0xx_HAL_Driver/Src/stm32f0xx_hal.c.obj
                0x080020e0                HAL_InitTick
 .text.HAL_IncTick
                0x08002148       0x24 CMakeFiles/flux-finder-v1.dir/Drivers/STM32F0xx_HAL_Driver/Src/stm32f0xx_hal.c.obj
                0x08002148                HAL_IncTick
 .text.HAL_GetTick
                0x0800216c       0x14 CMakeFiles/flux-finder-v1.dir/Drivers/STM32F0xx_HAL_Driver/Src/stm32f0xx_hal.c.obj
                0x0800216c                HAL_GetTick
 .text.HAL_Delay
                0x08002180       0x48 CMakeFiles/flux-finder-v1.dir/Drivers/STM32F0xx_HAL_Driver/Src/stm32f0xx_hal.c.obj
                0x08002180                HAL_Delay
 .text.HAL_I2C_Init
                0x080021c8      0x12c CMakeFiles/flux-finder-v1.dir/Drivers/STM32F0xx_HAL_Driver/Src/stm32f0xx_hal_i2c.c.obj
                0x080021c8                HAL_I2C_Init
 .text.HAL_I2CEx_ConfigAnalogFilter
                0x080022f4       0x98 CMakeFiles/flux-finder-v1.dir/Drivers/STM32F0xx_HAL_Driver/Src/stm32f0xx_hal_i2c_ex.c.obj
                0x080022f4                HAL_I2CEx_ConfigAnalogFilter
 .text.HAL_I2CEx_ConfigDigitalFilter
                0x0800238c       0x98 CMakeFiles/flux-finder-v1.dir/Drivers/STM32F0xx_HAL_Driver/Src/stm32f0xx_hal_i2c_ex.c.obj
                0x0800238c                HAL_I2CEx_ConfigDigitalFilter
 .text.HAL_GPIO_Init
                0x08002424      0x2e0 CMakeFiles/flux-finder-v1.dir/Drivers/STM32F0xx_HAL_Driver/Src/stm32f0xx_hal_gpio.c.obj
                0x08002424                HAL_GPIO_Init
 .text.HAL_GPIO_WritePin
                0x08002704       0x3a CMakeFiles/flux-finder-v1.dir/Drivers/STM32F0xx_HAL_Driver/Src/stm32f0xx_hal_gpio.c.obj
                0x08002704                HAL_GPIO_WritePin
 *fill*         0x0800273e        0x2 
 .text.HAL_DMA_Init
                0x08002740       0x90 CMakeFiles/flux-finder-v1.dir/Drivers/STM32F0xx_HAL_Driver/Src/stm32f0xx_hal_dma.c.obj
                0x08002740                HAL_DMA_Init
 .text.DMA_CalcBaseAndBitshift
                0x080027d0       0x38 CMakeFiles/flux-finder-v1.dir/Drivers/STM32F0xx_HAL_Driver/Src/stm32f0xx_hal_dma.c.obj
 .text.__NVIC_SetPriority
                0x08002808       0xdc CMakeFiles/flux-finder-v1.dir/Drivers/STM32F0xx_HAL_Driver/Src/stm32f0xx_hal_cortex.c.obj
 .text.SysTick_Config
                0x080028e4       0x48 CMakeFiles/flux-finder-v1.dir/Drivers/STM32F0xx_HAL_Driver/Src/stm32f0xx_hal_cortex.c.obj
 .text.HAL_NVIC_SetPriority
                0x0800292c       0x2a CMakeFiles/flux-finder-v1.dir/Drivers/STM32F0xx_HAL_Driver/Src/stm32f0xx_hal_cortex.c.obj
                0x0800292c                HAL_NVIC_SetPriority
 .text.HAL_SYSTICK_Config
                0x08002956       0x1a CMakeFiles/flux-finder-v1.dir/Drivers/STM32F0xx_HAL_Driver/Src/stm32f0xx_hal_cortex.c.obj
                0x08002956                HAL_SYSTICK_Config
 .text.HAL_SPI_Init
                0x08002970      0x170 CMakeFiles/flux-finder-v1.dir/Drivers/STM32F0xx_HAL_Driver/Src/stm32f0xx_hal_spi.c.obj
                0x08002970                HAL_SPI_Init
 .text.HAL_UART_Init
                0x08002ae0       0xa8 CMakeFiles/flux-finder-v1.dir/Drivers/STM32F0xx_HAL_Driver/Src/stm32f0xx_hal_uart.c.obj
                0x08002ae0                HAL_UART_Init
 .text.HAL_UART_Transmit
                0x08002b88      0x13e CMakeFiles/flux-finder-v1.dir/Drivers/STM32F0xx_HAL_Driver/Src/stm32f0xx_hal_uart.c.obj
                0x08002b88                HAL_UART_Transmit
 *fill*         0x08002cc6        0x2 
 .text.UART_SetConfig
                0x08002cc8      0x2b0 CMakeFiles/flux-finder-v1.dir/Drivers/STM32F0xx_HAL_Driver/Src/stm32f0xx_hal_uart.c.obj
                0x08002cc8                UART_SetConfig
 .text.UART_AdvFeatureConfig
                0x08002f78      0x168 CMakeFiles/flux-finder-v1.dir/Drivers/STM32F0xx_HAL_Driver/Src/stm32f0xx_hal_uart.c.obj
                0x08002f78                UART_AdvFeatureConfig
 .text.UART_CheckIdleState
                0x080030e0      0x150 CMakeFiles/flux-finder-v1.dir/Drivers/STM32F0xx_HAL_Driver/Src/stm32f0xx_hal_uart.c.obj
                0x080030e0                UART_CheckIdleState
 .text.UART_WaitOnFlagUntilTimeout
                0x08003230       0xd2 CMakeFiles/flux-finder-v1.dir/Drivers/STM32F0xx_HAL_Driver/Src/stm32f0xx_hal_uart.c.obj
                0x08003230                UART_WaitOnFlagUntilTimeout
 *fill*         0x08003302        0x2 
 .text.UART_EndRxTransfer
                0x08003304       0xc8 CMakeFiles/flux-finder-v1.dir/Drivers/STM32F0xx_HAL_Driver/Src/stm32f0xx_hal_uart.c.obj
 .text.SystemInit
                0x080033cc        0xa CMakeFiles/flux-finder-v1.dir/Core/Src/system_stm32f0xx.c.obj
                0x080033cc                SystemInit
 *fill*         0x080033d6        0x2 
 .text.FATFS_LinkDriverEx
                0x080033d8       0xa8 CMakeFiles/flux-finder-v1.dir/Middlewares/Third_Party/FatFs/src/ff_gen_drv.c.obj
                0x080033d8                FATFS_LinkDriverEx
 .text.FATFS_LinkDriver
                0x08003480       0x20 CMakeFiles/flux-finder-v1.dir/Middlewares/Third_Party/FatFs/src/ff_gen_drv.c.obj
                0x08003480                FATFS_LinkDriver
 .text._sbrk    0x080034a0       0x6c CMakeFiles/flux-finder-v1.dir/Core/Src/sysmem.c.obj
                0x080034a0                _sbrk
 .text.Reset_Handler
                0x0800350c       0x50 CMakeFiles/flux-finder-v1.dir/startup_stm32f070xb.s.obj
                0x0800350c                Reset_Handler
 .text.Default_Handler
                0x0800355c        0x2 CMakeFiles/flux-finder-v1.dir/startup_stm32f070xb.s.obj
                0x0800355c                TIM1_CC_IRQHandler
                0x0800355c                TIM6_IRQHandler
                0x0800355c                I2C1_IRQHandler
                0x0800355c                SPI1_IRQHandler
                0x0800355c                USART3_4_IRQHandler
                0x0800355c                EXTI2_3_IRQHandler
                0x0800355c                ADC1_IRQHandler
                0x0800355c                I2C2_IRQHandler
                0x0800355c                TIM17_IRQHandler
                0x0800355c                RTC_IRQHandler
                0x0800355c                TIM16_IRQHandler
                0x0800355c                TIM3_IRQHandler
                0x0800355c                EXTI4_15_IRQHandler
                0x0800355c                RCC_IRQHandler
                0x0800355c                DMA1_Channel1_IRQHandler
                0x0800355c                Default_Handler
                0x0800355c                TIM14_IRQHandler
                0x0800355c                DMA1_Channel4_5_IRQHandler
                0x0800355c                TIM7_IRQHandler
                0x0800355c                TIM15_IRQHandler
                0x0800355c                EXTI0_1_IRQHandler
                0x0800355c                USB_IRQHandler
                0x0800355c                SPI2_IRQHandler
                0x0800355c                WWDG_IRQHandler
                0x0800355c                DMA1_Channel2_3_IRQHandler
                0x0800355c                USART2_IRQHandler
                0x0800355c                FLASH_IRQHandler
                0x0800355c                USART1_IRQHandler
                0x0800355c                TIM1_BRK_UP_TRG_COM_IRQHandler
 *fill*         0x0800355e        0x2 
 .text.snprintf
                0x08003560       0x68 C:/ST/STM32CubeCLT_1.15.0/GNU-tools-for-STM32/bin/../lib/gcc/arm-none-eabi/12.3.1/../../../../arm-none-eabi/lib/thumb/v6-m/nofp\libg_nano.a(libc_a-snprintf.o)
                0x08003560                sniprintf
                0x08003560                snprintf
 .text.__errno  0x080035c8        0xc C:/ST/STM32CubeCLT_1.15.0/GNU-tools-for-STM32/bin/../lib/gcc/arm-none-eabi/12.3.1/../../../../arm-none-eabi/lib/thumb/v6-m/nofp\libg_nano.a(libc_a-errno.o)
                0x080035c8                __errno
 .text.__ssputs_r
                0x080035d4       0xc0 C:/ST/STM32CubeCLT_1.15.0/GNU-tools-for-STM32/bin/../lib/gcc/arm-none-eabi/12.3.1/../../../../arm-none-eabi/lib/thumb/v6-m/nofp\libg_nano.a(libc_a-nano-svfprintf.o)
                0x080035d4                __ssputs_r
 .text._svfprintf_r
                0x08003694      0x1fc C:/ST/STM32CubeCLT_1.15.0/GNU-tools-for-STM32/bin/../lib/gcc/arm-none-eabi/12.3.1/../../../../arm-none-eabi/lib/thumb/v6-m/nofp\libg_nano.a(libc_a-nano-svfprintf.o)
                0x08003694                _svfiprintf_r
                0x08003694                _svfprintf_r
 .text._printf_common
                0x08003890       0xde C:/ST/STM32CubeCLT_1.15.0/GNU-tools-for-STM32/bin/../lib/gcc/arm-none-eabi/12.3.1/../../../../arm-none-eabi/lib/thumb/v6-m/nofp\libg_nano.a(libc_a-nano-vfprintf_i.o)
                0x08003890                _printf_common
 *fill*         0x0800396e        0x2 
 .text._printf_i
                0x08003970      0x21c C:/ST/STM32CubeCLT_1.15.0/GNU-tools-for-STM32/bin/../lib/gcc/arm-none-eabi/12.3.1/../../../../arm-none-eabi/lib/thumb/v6-m/nofp\libg_nano.a(libc_a-nano-vfprintf_i.o)
                0x08003970                _printf_i
 .text.memmove  0x08003b8c       0x26 C:/ST/STM32CubeCLT_1.15.0/GNU-tools-for-STM32/bin/../lib/gcc/arm-none-eabi/12.3.1/../../../../arm-none-eabi/lib/thumb/v6-m/nofp\libg_nano.a(libc_a-memmove.o)
                0x08003b8c                memmove
 .text.memchr   0x08003bb2       0x16 C:/ST/STM32CubeCLT_1.15.0/GNU-tools-for-STM32/bin/../lib/gcc/arm-none-eabi/12.3.1/../../../../arm-none-eabi/lib/thumb/v6-m/nofp\libg_nano.a(libc_a-memchr-stub.o)
                0x08003bb2                memchr
 .text.memcpy   0x08003bc8       0x12 C:/ST/STM32CubeCLT_1.15.0/GNU-tools-for-STM32/bin/../lib/gcc/arm-none-eabi/12.3.1/../../../../arm-none-eabi/lib/thumb/v6-m/nofp\libg_nano.a(libc_a-memcpy-stub.o)
                0x08003bc8                memcpy
 .text._realloc_r
                0x08003bda       0x5e C:/ST/STM32CubeCLT_1.15.0/GNU-tools-for-STM32/bin/../lib/gcc/arm-none-eabi/12.3.1/../../../../arm-none-eabi/lib/thumb/v6-m/nofp\libg_nano.a(libc_a-reallocr.o)
                0x08003bda                _realloc_r
 .text._malloc_usable_size_r
                0x08003c38       0x10 C:/ST/STM32CubeCLT_1.15.0/GNU-tools-for-STM32/bin/../lib/gcc/arm-none-eabi/12.3.1/../../../../arm-none-eabi/lib/thumb/v6-m/nofp\libg_nano.a(libc_a-msizer.o)
                0x08003c38                _malloc_usable_size_r
 *(.glue_7)
 .glue_7        0x08003c48        0x0 linker stubs
 *(.glue_7t)
 .glue_7t       0x08003c48        0x0 linker stubs
 *(.eh_frame)
 .eh_frame      0x08003c48        0x0 C:/ST/STM32CubeCLT_1.15.0/GNU-tools-for-STM32/bin/../lib/gcc/arm-none-eabi/12.3.1/thumb/v6-m/nofp/crtbegin.o
 *(.init)
 .init          0x08003c48        0x4 C:/ST/STM32CubeCLT_1.15.0/GNU-tools-for-STM32/bin/../lib/gcc/arm-none-eabi/12.3.1/thumb/v6-m/nofp/crti.o
                0x08003c48                _init
 .init          0x08003c4c        0x8 C:/ST/STM32CubeCLT_1.15.0/GNU-tools-for-STM32/bin/../lib/gcc/arm-none-eabi/12.3.1/thumb/v6-m/nofp/crtn.o
 *(.fini)
 .fini          0x08003c54        0x4 C:/ST/STM32CubeCLT_1.15.0/GNU-tools-for-STM32/bin/../lib/gcc/arm-none-eabi/12.3.1/thumb/v6-m/nofp/crti.o
                0x08003c54                _fini
 .fini          0x08003c58        0x8 C:/ST/STM32CubeCLT_1.15.0/GNU-tools-for-STM32/bin/../lib/gcc/arm-none-eabi/12.3.1/thumb/v6-m/nofp/crtn.o
                0x08003c60                        . = ALIGN (0x4)
                0x08003c60                        _etext = .

.vfp11_veneer   0x08003c60        0x0
 .vfp11_veneer  0x08003c60        0x0 linker stubs

.v4_bx          0x08003c60        0x0
 .v4_bx         0x08003c60        0x0 linker stubs

.iplt           0x08003c60        0x0
 .iplt          0x08003c60        0x0 C:/ST/STM32CubeCLT_1.15.0/GNU-tools-for-STM32/bin/../lib/gcc/arm-none-eabi/12.3.1/thumb/v6-m/nofp/crtbegin.o

.rodata         0x08003c60       0x88
                0x08003c60                        . = ALIGN (0x4)
 *(.rodata)
 .rodata        0x08003c60       0x1a CMakeFiles/flux-finder-v1.dir/Core/Src/main.c.obj
 *(.rodata*)
 *fill*         0x08003c7a        0x2 
 .rodata.aPLLMULFactorTable.1
                0x08003c7c       0x10 CMakeFiles/flux-finder-v1.dir/Drivers/STM32F0xx_HAL_Driver/Src/stm32f0xx_hal_rcc.c.obj
 .rodata.aPredivFactorTable.0
                0x08003c8c       0x10 CMakeFiles/flux-finder-v1.dir/Drivers/STM32F0xx_HAL_Driver/Src/stm32f0xx_hal_rcc.c.obj
 .rodata.AHBPrescTable
                0x08003c9c       0x10 CMakeFiles/flux-finder-v1.dir/Core/Src/system_stm32f0xx.c.obj
                0x08003c9c                AHBPrescTable
 .rodata.APBPrescTable
                0x08003cac        0x8 CMakeFiles/flux-finder-v1.dir/Core/Src/system_stm32f0xx.c.obj
                0x08003cac                APBPrescTable
 .rodata._svfprintf_r.str1.1
                0x08003cb4       0x11 C:/ST/STM32CubeCLT_1.15.0/GNU-tools-for-STM32/bin/../lib/gcc/arm-none-eabi/12.3.1/../../../../arm-none-eabi/lib/thumb/v6-m/nofp\libg_nano.a(libc_a-nano-svfprintf.o)
 .rodata._printf_i.str1.1
                0x08003cc5       0x22 C:/ST/STM32CubeCLT_1.15.0/GNU-tools-for-STM32/bin/../lib/gcc/arm-none-eabi/12.3.1/../../../../arm-none-eabi/lib/thumb/v6-m/nofp\libg_nano.a(libc_a-nano-vfprintf_i.o)
                0x08003ce8                        . = ALIGN (0x4)
 *fill*         0x08003ce7        0x1 

.rel.dyn        0x08003ce8        0x0
 .rel.iplt      0x08003ce8        0x0 C:/ST/STM32CubeCLT_1.15.0/GNU-tools-for-STM32/bin/../lib/gcc/arm-none-eabi/12.3.1/thumb/v6-m/nofp/crtbegin.o

.ARM.extab
 *(.ARM.extab* .gnu.linkonce.armextab.*)

.ARM            0x08003ce8        0x0
                0x08003ce8                        __exidx_start = .
 *(.ARM.exidx*)
                0x08003ce8                        __exidx_end = .

.preinit_array  0x08003ce8        0x0
                0x08003ce8                        PROVIDE (__preinit_array_start = .)
 *(.preinit_array*)
                0x08003ce8                        PROVIDE (__preinit_array_end = .)

.init_array     0x08003ce8        0x4
                0x08003ce8                        PROVIDE (__init_array_start = .)
 *(SORT_BY_NAME(.init_array.*))
 *(.init_array*)
 .init_array    0x08003ce8        0x4 C:/ST/STM32CubeCLT_1.15.0/GNU-tools-for-STM32/bin/../lib/gcc/arm-none-eabi/12.3.1/thumb/v6-m/nofp/crtbegin.o
                0x08003cec                        PROVIDE (__init_array_end = .)

.fini_array     0x08003cec        0x4
                [!provide]                        PROVIDE (__fini_array_start = .)
 *(SORT_BY_NAME(.fini_array.*))
 *(.fini_array*)
 .fini_array    0x08003cec        0x4 C:/ST/STM32CubeCLT_1.15.0/GNU-tools-for-STM32/bin/../lib/gcc/arm-none-eabi/12.3.1/thumb/v6-m/nofp/crtbegin.o
                [!provide]                        PROVIDE (__fini_array_end = .)
                0x08003cf0                        _sidata = LOADADDR (.data)

.data           0x20000000       0x74 load address 0x08003cf0
                0x20000000                        . = ALIGN (0x4)
                0x20000000                        _sdata = .
 *(.data)
 *(.data*)
 .data._impure_ptr
                0x20000000        0x4 C:/ST/STM32CubeCLT_1.15.0/GNU-tools-for-STM32/bin/../lib/gcc/arm-none-eabi/12.3.1/../../../../arm-none-eabi/lib/thumb/v6-m/nofp\libc_nano.a(libc_a-impure.o)
                0x20000000                _impure_ptr
 .data._impure_data
                0x20000004       0x4c C:/ST/STM32CubeCLT_1.15.0/GNU-tools-for-STM32/bin/../lib/gcc/arm-none-eabi/12.3.1/../../../../arm-none-eabi/lib/thumb/v6-m/nofp\libc_nano.a(libc_a-impure.o)
                0x20000004                _impure_data
 .data.Stat     0x20000050        0x1 CMakeFiles/flux-finder-v1.dir/FATFS/Target/user_diskio.c.obj
 *fill*         0x20000051        0x3 
 .data.USER_Driver
                0x20000054       0x14 CMakeFiles/flux-finder-v1.dir/FATFS/Target/user_diskio.c.obj
                0x20000054                USER_Driver
 .data.uwTickPrio
                0x20000068        0x4 CMakeFiles/flux-finder-v1.dir/Drivers/STM32F0xx_HAL_Driver/Src/stm32f0xx_hal.c.obj
                0x20000068                uwTickPrio
 .data.uwTickFreq
                0x2000006c        0x1 CMakeFiles/flux-finder-v1.dir/Drivers/STM32F0xx_HAL_Driver/Src/stm32f0xx_hal.c.obj
                0x2000006c                uwTickFreq
 *fill*         0x2000006d        0x3 
 .data.SystemCoreClock
                0x20000070        0x4 CMakeFiles/flux-finder-v1.dir/Core/Src/system_stm32f0xx.c.obj
                0x20000070                SystemCoreClock
                0x20000074                        . = ALIGN (0x4)
                0x20000074                        _edata = .

.igot.plt       0x20000074        0x0 load address 0x08003d64
 .igot.plt      0x20000074        0x0 C:/ST/STM32CubeCLT_1.15.0/GNU-tools-for-STM32/bin/../lib/gcc/arm-none-eabi/12.3.1/thumb/v6-m/nofp/crtbegin.o
                0x20000074                        . = ALIGN (0x4)

.bss            0x20000074      0x344 load address 0x08003d64
                0x20000074                        _sbss = .
                0x20000074                        __bss_start__ = _sbss
 *(.bss)
 .bss           0x20000074       0x1c C:/ST/STM32CubeCLT_1.15.0/GNU-tools-for-STM32/bin/../lib/gcc/arm-none-eabi/12.3.1/thumb/v6-m/nofp/crtbegin.o
 *(.bss*)
 .bss.__sf      0x20000090      0x138 C:/ST/STM32CubeCLT_1.15.0/GNU-tools-for-STM32/bin/../lib/gcc/arm-none-eabi/12.3.1/../../../../arm-none-eabi/lib/thumb/v6-m/nofp\libc_nano.a(libc_a-findfp.o)
                0x20000090                __sf
 .bss.errno     0x200001c8        0x4 C:/ST/STM32CubeCLT_1.15.0/GNU-tools-for-STM32/bin/../lib/gcc/arm-none-eabi/12.3.1/../../../../arm-none-eabi/lib/thumb/v6-m/nofp\libc_nano.a(libc_a-reent.o)
                0x200001c8                errno
 .bss.__lock___malloc_recursive_mutex
                0x200001cc        0x1 C:/ST/STM32CubeCLT_1.15.0/GNU-tools-for-STM32/bin/../lib/gcc/arm-none-eabi/12.3.1/../../../../arm-none-eabi/lib/thumb/v6-m/nofp\libc_nano.a(libc_a-lock.o)
                0x200001cc                __lock___malloc_recursive_mutex
 *fill*         0x200001cd        0x3 
 .bss.__malloc_sbrk_start
                0x200001d0        0x4 C:/ST/STM32CubeCLT_1.15.0/GNU-tools-for-STM32/bin/../lib/gcc/arm-none-eabi/12.3.1/../../../../arm-none-eabi/lib/thumb/v6-m/nofp\libc_nano.a(libc_a-mallocr.o)
                0x200001d0                __malloc_sbrk_start
 .bss.__malloc_free_list
                0x200001d4        0x4 C:/ST/STM32CubeCLT_1.15.0/GNU-tools-for-STM32/bin/../lib/gcc/arm-none-eabi/12.3.1/../../../../arm-none-eabi/lib/thumb/v6-m/nofp\libc_nano.a(libc_a-mallocr.o)
                0x200001d4                __malloc_free_list
 .bss.hadc      0x200001d8       0x40 CMakeFiles/flux-finder-v1.dir/Core/Src/main.c.obj
                0x200001d8                hadc
 .bss.hi2c1     0x20000218       0x54 CMakeFiles/flux-finder-v1.dir/Core/Src/main.c.obj
                0x20000218                hi2c1
 .bss.hspi2     0x2000026c       0x64 CMakeFiles/flux-finder-v1.dir/Core/Src/main.c.obj
                0x2000026c                hspi2
 .bss.huart1    0x200002d0       0x88 CMakeFiles/flux-finder-v1.dir/Core/Src/main.c.obj
                0x200002d0                huart1
 .bss.hdma_memtomem_dma1_channel1
                0x20000358       0x44 CMakeFiles/flux-finder-v1.dir/Core/Src/main.c.obj
                0x20000358                hdma_memtomem_dma1_channel1
 .bss.retUSER   0x2000039c        0x1 CMakeFiles/flux-finder-v1.dir/FATFS/App/fatfs.c.obj
                0x2000039c                retUSER
 *fill*         0x2000039d        0x3 
 .bss.USERPath  0x200003a0        0x4 CMakeFiles/flux-finder-v1.dir/FATFS/App/fatfs.c.obj
                0x200003a0                USERPath
 .bss.uwTick    0x200003a4        0x4 CMakeFiles/flux-finder-v1.dir/Drivers/STM32F0xx_HAL_Driver/Src/stm32f0xx_hal.c.obj
                0x200003a4                uwTick
 .bss.disk      0x200003a8        0xc CMakeFiles/flux-finder-v1.dir/Middlewares/Third_Party/FatFs/src/ff_gen_drv.c.obj
                0x200003a8                disk
 .bss.__sbrk_heap_end
                0x200003b4        0x4 CMakeFiles/flux-finder-v1.dir/Core/Src/sysmem.c.obj
 *(COMMON)
                0x200003b8                        . = ALIGN (0x4)
                0x200003b8                        _ebss = .
                0x200003b8                        __bss_end__ = _ebss

._user_heap_stack
                0x200003b8      0x600 load address 0x08003d64
                0x200003b8                        . = ALIGN (0x8)
                [!provide]                        PROVIDE (end = .)
                0x200003b8                        PROVIDE (_end = .)
                0x200005b8                        . = (. + _Min_Heap_Size)
 *fill*         0x200003b8      0x200 
                0x200009b8                        . = (. + _Min_Stack_Size)
 *fill*         0x200005b8      0x400 
                0x200009b8                        . = ALIGN (0x8)

/DISCARD/
 libc.a(*)
 libm.a(*)
 libgcc.a(*)

.ARM.attributes
                0x00000000       0x28
 *(.ARM.attributes)
 .ARM.attributes
                0x00000000       0x1e C:/ST/STM32CubeCLT_1.15.0/GNU-tools-for-STM32/bin/../lib/gcc/arm-none-eabi/12.3.1/thumb/v6-m/nofp/crti.o
 .ARM.attributes
                0x0000001e       0x2c C:/ST/STM32CubeCLT_1.15.0/GNU-tools-for-STM32/bin/../lib/gcc/arm-none-eabi/12.3.1/thumb/v6-m/nofp/crtbegin.o
 .ARM.attributes
                0x0000004a       0x2c C:/ST/STM32CubeCLT_1.15.0/GNU-tools-for-STM32/bin/../lib/gcc/arm-none-eabi/12.3.1/../../../../arm-none-eabi/lib/thumb/v6-m/nofp\libc_nano.a(libc_a-findfp.o)
 .ARM.attributes
                0x00000076       0x2c C:/ST/STM32CubeCLT_1.15.0/GNU-tools-for-STM32/bin/../lib/gcc/arm-none-eabi/12.3.1/../../../../arm-none-eabi/lib/thumb/v6-m/nofp\libc_nano.a(libc_a-memset.o)
 .ARM.attributes
                0x000000a2       0x2c C:/ST/STM32CubeCLT_1.15.0/GNU-tools-for-STM32/bin/../lib/gcc/arm-none-eabi/12.3.1/../../../../arm-none-eabi/lib/thumb/v6-m/nofp\libc_nano.a(libc_a-reent.o)
 .ARM.attributes
                0x000000ce       0x2c C:/ST/STM32CubeCLT_1.15.0/GNU-tools-for-STM32/bin/../lib/gcc/arm-none-eabi/12.3.1/../../../../arm-none-eabi/lib/thumb/v6-m/nofp\libc_nano.a(libc_a-impure.o)
 .ARM.attributes
                0x000000fa       0x2c C:/ST/STM32CubeCLT_1.15.0/GNU-tools-for-STM32/bin/../lib/gcc/arm-none-eabi/12.3.1/../../../../arm-none-eabi/lib/thumb/v6-m/nofp\libc_nano.a(libc_a-init.o)
 .ARM.attributes
                0x00000126       0x2c C:/ST/STM32CubeCLT_1.15.0/GNU-tools-for-STM32/bin/../lib/gcc/arm-none-eabi/12.3.1/../../../../arm-none-eabi/lib/thumb/v6-m/nofp\libc_nano.a(libc_a-lock.o)
 .ARM.attributes
                0x00000152       0x2c C:/ST/STM32CubeCLT_1.15.0/GNU-tools-for-STM32/bin/../lib/gcc/arm-none-eabi/12.3.1/../../../../arm-none-eabi/lib/thumb/v6-m/nofp\libc_nano.a(libc_a-freer.o)
 .ARM.attributes
                0x0000017e       0x2c C:/ST/STM32CubeCLT_1.15.0/GNU-tools-for-STM32/bin/../lib/gcc/arm-none-eabi/12.3.1/../../../../arm-none-eabi/lib/thumb/v6-m/nofp\libc_nano.a(libc_a-mallocr.o)
 .ARM.attributes
                0x000001aa       0x2c C:/ST/STM32CubeCLT_1.15.0/GNU-tools-for-STM32/bin/../lib/gcc/arm-none-eabi/12.3.1/../../../../arm-none-eabi/lib/thumb/v6-m/nofp\libc_nano.a(libc_a-mlock.o)
 .ARM.attributes
                0x000001d6       0x2c C:/ST/STM32CubeCLT_1.15.0/GNU-tools-for-STM32/bin/../lib/gcc/arm-none-eabi/12.3.1/../../../../arm-none-eabi/lib/thumb/v6-m/nofp\libc_nano.a(libc_a-sbrkr.o)
 .ARM.attributes
                0x00000202       0x2c CMakeFiles/flux-finder-v1.dir/Core/Src/main.c.obj
 .ARM.attributes
                0x0000022e       0x2c CMakeFiles/flux-finder-v1.dir/Core/Src/stm32f0xx_it.c.obj
 .ARM.attributes
                0x0000025a       0x2c CMakeFiles/flux-finder-v1.dir/Core/Src/stm32f0xx_hal_msp.c.obj
 .ARM.attributes
                0x00000286       0x2c CMakeFiles/flux-finder-v1.dir/FATFS/Target/user_diskio.c.obj
 .ARM.attributes
                0x000002b2       0x2c CMakeFiles/flux-finder-v1.dir/FATFS/App/fatfs.c.obj
 .ARM.attributes
                0x000002de       0x2c CMakeFiles/flux-finder-v1.dir/Drivers/STM32F0xx_HAL_Driver/Src/stm32f0xx_hal_adc.c.obj
 .ARM.attributes
                0x0000030a       0x2c CMakeFiles/flux-finder-v1.dir/Drivers/STM32F0xx_HAL_Driver/Src/stm32f0xx_hal_rcc.c.obj
 .ARM.attributes
                0x00000336       0x2c CMakeFiles/flux-finder-v1.dir/Drivers/STM32F0xx_HAL_Driver/Src/stm32f0xx_hal_rcc_ex.c.obj
 .ARM.attributes
                0x00000362       0x2c CMakeFiles/flux-finder-v1.dir/Drivers/STM32F0xx_HAL_Driver/Src/stm32f0xx_hal.c.obj
 .ARM.attributes
                0x0000038e       0x2c CMakeFiles/flux-finder-v1.dir/Drivers/STM32F0xx_HAL_Driver/Src/stm32f0xx_hal_i2c.c.obj
 .ARM.attributes
                0x000003ba       0x2c CMakeFiles/flux-finder-v1.dir/Drivers/STM32F0xx_HAL_Driver/Src/stm32f0xx_hal_i2c_ex.c.obj
 .ARM.attributes
                0x000003e6       0x2c CMakeFiles/flux-finder-v1.dir/Drivers/STM32F0xx_HAL_Driver/Src/stm32f0xx_hal_gpio.c.obj
 .ARM.attributes
                0x00000412       0x2c CMakeFiles/flux-finder-v1.dir/Drivers/STM32F0xx_HAL_Driver/Src/stm32f0xx_hal_dma.c.obj
 .ARM.attributes
                0x0000043e       0x2c CMakeFiles/flux-finder-v1.dir/Drivers/STM32F0xx_HAL_Driver/Src/stm32f0xx_hal_cortex.c.obj
 .ARM.attributes
                0x0000046a       0x2c CMakeFiles/flux-finder-v1.dir/Drivers/STM32F0xx_HAL_Driver/Src/stm32f0xx_hal_spi.c.obj
 .ARM.attributes
                0x00000496       0x2c CMakeFiles/flux-finder-v1.dir/Drivers/STM32F0xx_HAL_Driver/Src/stm32f0xx_hal_uart.c.obj
 .ARM.attributes
                0x000004c2       0x2c CMakeFiles/flux-finder-v1.dir/Core/Src/system_stm32f0xx.c.obj
 .ARM.attributes
                0x000004ee       0x2c CMakeFiles/flux-finder-v1.dir/Middlewares/Third_Party/FatFs/src/ff_gen_drv.c.obj
 .ARM.attributes
                0x0000051a       0x2c CMakeFiles/flux-finder-v1.dir/Core/Src/sysmem.c.obj
 .ARM.attributes
                0x00000546       0x21 CMakeFiles/flux-finder-v1.dir/startup_stm32f070xb.s.obj
 .ARM.attributes
                0x00000567       0x1e C:/ST/STM32CubeCLT_1.15.0/GNU-tools-for-STM32/bin/../lib/gcc/arm-none-eabi/12.3.1/thumb/v6-m/nofp\libgcc.a(_udivsi3.o)
 .ARM.attributes
                0x00000585       0x1e C:/ST/STM32CubeCLT_1.15.0/GNU-tools-for-STM32/bin/../lib/gcc/arm-none-eabi/12.3.1/thumb/v6-m/nofp\libgcc.a(_divsi3.o)
 .ARM.attributes
                0x000005a3       0x1e C:/ST/STM32CubeCLT_1.15.0/GNU-tools-for-STM32/bin/../lib/gcc/arm-none-eabi/12.3.1/thumb/v6-m/nofp\libgcc.a(_dvmd_tls.o)
 .ARM.attributes
                0x000005c1       0x2c C:/ST/STM32CubeCLT_1.15.0/GNU-tools-for-STM32/bin/../lib/gcc/arm-none-eabi/12.3.1/../../../../arm-none-eabi/lib/thumb/v6-m/nofp\libg_nano.a(libc_a-snprintf.o)
 .ARM.attributes
                0x000005ed       0x2c C:/ST/STM32CubeCLT_1.15.0/GNU-tools-for-STM32/bin/../lib/gcc/arm-none-eabi/12.3.1/../../../../arm-none-eabi/lib/thumb/v6-m/nofp\libg_nano.a(libc_a-errno.o)
 .ARM.attributes
                0x00000619       0x2c C:/ST/STM32CubeCLT_1.15.0/GNU-tools-for-STM32/bin/../lib/gcc/arm-none-eabi/12.3.1/../../../../arm-none-eabi/lib/thumb/v6-m/nofp\libg_nano.a(libc_a-nano-svfprintf.o)
 .ARM.attributes
                0x00000645       0x2c C:/ST/STM32CubeCLT_1.15.0/GNU-tools-for-STM32/bin/../lib/gcc/arm-none-eabi/12.3.1/../../../../arm-none-eabi/lib/thumb/v6-m/nofp\libg_nano.a(libc_a-nano-vfprintf_i.o)
 .ARM.attributes
                0x00000671       0x2c C:/ST/STM32CubeCLT_1.15.0/GNU-tools-for-STM32/bin/../lib/gcc/arm-none-eabi/12.3.1/../../../../arm-none-eabi/lib/thumb/v6-m/nofp\libg_nano.a(libc_a-memmove.o)
 .ARM.attributes
                0x0000069d       0x2c C:/ST/STM32CubeCLT_1.15.0/GNU-tools-for-STM32/bin/../lib/gcc/arm-none-eabi/12.3.1/../../../../arm-none-eabi/lib/thumb/v6-m/nofp\libg_nano.a(libc_a-memchr-stub.o)
 .ARM.attributes
                0x000006c9       0x2c C:/ST/STM32CubeCLT_1.15.0/GNU-tools-for-STM32/bin/../lib/gcc/arm-none-eabi/12.3.1/../../../../arm-none-eabi/lib/thumb/v6-m/nofp\libg_nano.a(libc_a-memcpy-stub.o)
 .ARM.attributes
                0x000006f5       0x2c C:/ST/STM32CubeCLT_1.15.0/GNU-tools-for-STM32/bin/../lib/gcc/arm-none-eabi/12.3.1/../../../../arm-none-eabi/lib/thumb/v6-m/nofp\libg_nano.a(libc_a-reallocr.o)
 .ARM.attributes
                0x00000721       0x2c C:/ST/STM32CubeCLT_1.15.0/GNU-tools-for-STM32/bin/../lib/gcc/arm-none-eabi/12.3.1/../../../../arm-none-eabi/lib/thumb/v6-m/nofp\libg_nano.a(libc_a-msizer.o)
 .ARM.attributes
                0x0000074d       0x1e C:/ST/STM32CubeCLT_1.15.0/GNU-tools-for-STM32/bin/../lib/gcc/arm-none-eabi/12.3.1/thumb/v6-m/nofp\libgcc.a(_thumb1_case_shi.o)
 .ARM.attributes
                0x0000076b       0x1e C:/ST/STM32CubeCLT_1.15.0/GNU-tools-for-STM32/bin/../lib/gcc/arm-none-eabi/12.3.1/thumb/v6-m/nofp/crtn.o
OUTPUT(flux-finder-v1.elf elf32-littlearm)
LOAD linker stubs
LOAD C:/ST/STM32CubeCLT_1.15.0/GNU-tools-for-STM32/bin/../lib/gcc/arm-none-eabi/12.3.1/../../../../arm-none-eabi/lib/thumb/v6-m/nofp\libc.a
LOAD C:/ST/STM32CubeCLT_1.15.0/GNU-tools-for-STM32/bin/../lib/gcc/arm-none-eabi/12.3.1/../../../../arm-none-eabi/lib/thumb/v6-m/nofp\libm.a
LOAD C:/ST/STM32CubeCLT_1.15.0/GNU-tools-for-STM32/bin/../lib/gcc/arm-none-eabi/12.3.1/thumb/v6-m/nofp\libgcc.a

.debug_frame    0x00000000     0x3270
 .debug_frame   0x00000000      0x138 C:/ST/STM32CubeCLT_1.15.0/GNU-tools-for-STM32/bin/../lib/gcc/arm-none-eabi/12.3.1/../../../../arm-none-eabi/lib/thumb/v6-m/nofp\libc_nano.a(libc_a-findfp.o)
 .debug_frame   0x00000138       0x20 C:/ST/STM32CubeCLT_1.15.0/GNU-tools-for-STM32/bin/../lib/gcc/arm-none-eabi/12.3.1/../../../../arm-none-eabi/lib/thumb/v6-m/nofp\libc_nano.a(libc_a-memset.o)
 .debug_frame   0x00000158       0x2c C:/ST/STM32CubeCLT_1.15.0/GNU-tools-for-STM32/bin/../lib/gcc/arm-none-eabi/12.3.1/../../../../arm-none-eabi/lib/thumb/v6-m/nofp\libc_nano.a(libc_a-reent.o)
 .debug_frame   0x00000184       0x2c C:/ST/STM32CubeCLT_1.15.0/GNU-tools-for-STM32/bin/../lib/gcc/arm-none-eabi/12.3.1/../../../../arm-none-eabi/lib/thumb/v6-m/nofp\libc_nano.a(libc_a-init.o)
 .debug_frame   0x000001b0       0xb0 C:/ST/STM32CubeCLT_1.15.0/GNU-tools-for-STM32/bin/../lib/gcc/arm-none-eabi/12.3.1/../../../../arm-none-eabi/lib/thumb/v6-m/nofp\libc_nano.a(libc_a-lock.o)
 .debug_frame   0x00000260       0x2c C:/ST/STM32CubeCLT_1.15.0/GNU-tools-for-STM32/bin/../lib/gcc/arm-none-eabi/12.3.1/../../../../arm-none-eabi/lib/thumb/v6-m/nofp\libc_nano.a(libc_a-freer.o)
 .debug_frame   0x0000028c       0x50 C:/ST/STM32CubeCLT_1.15.0/GNU-tools-for-STM32/bin/../lib/gcc/arm-none-eabi/12.3.1/../../../../arm-none-eabi/lib/thumb/v6-m/nofp\libc_nano.a(libc_a-mallocr.o)
 .debug_frame   0x000002dc       0x40 C:/ST/STM32CubeCLT_1.15.0/GNU-tools-for-STM32/bin/../lib/gcc/arm-none-eabi/12.3.1/../../../../arm-none-eabi/lib/thumb/v6-m/nofp\libc_nano.a(libc_a-mlock.o)
 .debug_frame   0x0000031c       0x2c C:/ST/STM32CubeCLT_1.15.0/GNU-tools-for-STM32/bin/../lib/gcc/arm-none-eabi/12.3.1/../../../../arm-none-eabi/lib/thumb/v6-m/nofp\libc_nano.a(libc_a-sbrkr.o)
 .debug_frame   0x00000348      0x120 CMakeFiles/flux-finder-v1.dir/Core/Src/main.c.obj
 .debug_frame   0x00000468       0x9c CMakeFiles/flux-finder-v1.dir/Core/Src/stm32f0xx_it.c.obj
 .debug_frame   0x00000504      0x130 CMakeFiles/flux-finder-v1.dir/Core/Src/stm32f0xx_hal_msp.c.obj
 .debug_frame   0x00000634       0xb0 CMakeFiles/flux-finder-v1.dir/FATFS/Target/user_diskio.c.obj
 .debug_frame   0x000006e4       0x48 CMakeFiles/flux-finder-v1.dir/FATFS/App/fatfs.c.obj
 .debug_frame   0x0000072c      0x3a0 CMakeFiles/flux-finder-v1.dir/Drivers/STM32F0xx_HAL_Driver/Src/stm32f0xx_hal_adc.c.obj
 .debug_frame   0x00000acc      0x198 CMakeFiles/flux-finder-v1.dir/Drivers/STM32F0xx_HAL_Driver/Src/stm32f0xx_hal_rcc.c.obj
 .debug_frame   0x00000c64       0x70 CMakeFiles/flux-finder-v1.dir/Drivers/STM32F0xx_HAL_Driver/Src/stm32f0xx_hal_rcc_ex.c.obj
 .debug_frame   0x00000cd4      0x2a4 CMakeFiles/flux-finder-v1.dir/Drivers/STM32F0xx_HAL_Driver/Src/stm32f0xx_hal.c.obj
 .debug_frame   0x00000f78      0xa64 CMakeFiles/flux-finder-v1.dir/Drivers/STM32F0xx_HAL_Driver/Src/stm32f0xx_hal_i2c.c.obj
 .debug_frame   0x000019dc       0x90 CMakeFiles/flux-finder-v1.dir/Drivers/STM32F0xx_HAL_Driver/Src/stm32f0xx_hal_i2c_ex.c.obj
 .debug_frame   0x00001a6c      0x110 CMakeFiles/flux-finder-v1.dir/Drivers/STM32F0xx_HAL_Driver/Src/stm32f0xx_hal_gpio.c.obj
 .debug_frame   0x00001b7c      0x1d0 CMakeFiles/flux-finder-v1.dir/Drivers/STM32F0xx_HAL_Driver/Src/stm32f0xx_hal_dma.c.obj
 .debug_frame   0x00001d4c      0x2a0 CMakeFiles/flux-finder-v1.dir/Drivers/STM32F0xx_HAL_Driver/Src/stm32f0xx_hal_cortex.c.obj
 .debug_frame   0x00001fec      0x710 CMakeFiles/flux-finder-v1.dir/Drivers/STM32F0xx_HAL_Driver/Src/stm32f0xx_hal_spi.c.obj
 .debug_frame   0x000026fc      0x810 CMakeFiles/flux-finder-v1.dir/Drivers/STM32F0xx_HAL_Driver/Src/stm32f0xx_hal_uart.c.obj
 .debug_frame   0x00002f0c       0x4c CMakeFiles/flux-finder-v1.dir/Core/Src/system_stm32f0xx.c.obj
 .debug_frame   0x00002f58       0xac CMakeFiles/flux-finder-v1.dir/Middlewares/Third_Party/FatFs/src/ff_gen_drv.c.obj
 .debug_frame   0x00003004       0x30 CMakeFiles/flux-finder-v1.dir/Core/Src/sysmem.c.obj
 .debug_frame   0x00003034       0x20 C:/ST/STM32CubeCLT_1.15.0/GNU-tools-for-STM32/bin/../lib/gcc/arm-none-eabi/12.3.1/thumb/v6-m/nofp\libgcc.a(_udivsi3.o)
 .debug_frame   0x00003054       0x20 C:/ST/STM32CubeCLT_1.15.0/GNU-tools-for-STM32/bin/../lib/gcc/arm-none-eabi/12.3.1/thumb/v6-m/nofp\libgcc.a(_divsi3.o)
 .debug_frame   0x00003074       0x50 C:/ST/STM32CubeCLT_1.15.0/GNU-tools-for-STM32/bin/../lib/gcc/arm-none-eabi/12.3.1/../../../../arm-none-eabi/lib/thumb/v6-m/nofp\libg_nano.a(libc_a-snprintf.o)
 .debug_frame   0x000030c4       0x20 C:/ST/STM32CubeCLT_1.15.0/GNU-tools-for-STM32/bin/../lib/gcc/arm-none-eabi/12.3.1/../../../../arm-none-eabi/lib/thumb/v6-m/nofp\libg_nano.a(libc_a-errno.o)
 .debug_frame   0x000030e4       0x74 C:/ST/STM32CubeCLT_1.15.0/GNU-tools-for-STM32/bin/../lib/gcc/arm-none-eabi/12.3.1/../../../../arm-none-eabi/lib/thumb/v6-m/nofp\libg_nano.a(libc_a-nano-svfprintf.o)
 .debug_frame   0x00003158       0x54 C:/ST/STM32CubeCLT_1.15.0/GNU-tools-for-STM32/bin/../lib/gcc/arm-none-eabi/12.3.1/../../../../arm-none-eabi/lib/thumb/v6-m/nofp\libg_nano.a(libc_a-nano-vfprintf_i.o)
 .debug_frame   0x000031ac       0x28 C:/ST/STM32CubeCLT_1.15.0/GNU-tools-for-STM32/bin/../lib/gcc/arm-none-eabi/12.3.1/../../../../arm-none-eabi/lib/thumb/v6-m/nofp\libg_nano.a(libc_a-memmove.o)
 .debug_frame   0x000031d4       0x20 C:/ST/STM32CubeCLT_1.15.0/GNU-tools-for-STM32/bin/../lib/gcc/arm-none-eabi/12.3.1/../../../../arm-none-eabi/lib/thumb/v6-m/nofp\libg_nano.a(libc_a-memchr-stub.o)
 .debug_frame   0x000031f4       0x28 C:/ST/STM32CubeCLT_1.15.0/GNU-tools-for-STM32/bin/../lib/gcc/arm-none-eabi/12.3.1/../../../../arm-none-eabi/lib/thumb/v6-m/nofp\libg_nano.a(libc_a-memcpy-stub.o)
 .debug_frame   0x0000321c       0x34 C:/ST/STM32CubeCLT_1.15.0/GNU-tools-for-STM32/bin/../lib/gcc/arm-none-eabi/12.3.1/../../../../arm-none-eabi/lib/thumb/v6-m/nofp\libg_nano.a(libc_a-reallocr.o)
 .debug_frame   0x00003250       0x20 C:/ST/STM32CubeCLT_1.15.0/GNU-tools-for-STM32/bin/../lib/gcc/arm-none-eabi/12.3.1/../../../../arm-none-eabi/lib/thumb/v6-m/nofp\libg_nano.a(libc_a-msizer.o)

.debug_info     0x00000000    0x12515
 .debug_info    0x00000000     0x15d3 CMakeFiles/flux-finder-v1.dir/Core/Src/main.c.obj
 .debug_info    0x000015d3       0xd3 CMakeFiles/flux-finder-v1.dir/Core/Src/stm32f0xx_it.c.obj
 .debug_info    0x000016a6     0x1254 CMakeFiles/flux-finder-v1.dir/Core/Src/stm32f0xx_hal_msp.c.obj
 .debug_info    0x000028fa      0x328 CMakeFiles/flux-finder-v1.dir/FATFS/Target/user_diskio.c.obj
 .debug_info    0x00002c22      0x4cf CMakeFiles/flux-finder-v1.dir/FATFS/App/fatfs.c.obj
 .debug_info    0x000030f1      0xc70 CMakeFiles/flux-finder-v1.dir/Drivers/STM32F0xx_HAL_Driver/Src/stm32f0xx_hal_adc.c.obj
 .debug_info    0x00003d61      0x844 CMakeFiles/flux-finder-v1.dir/Drivers/STM32F0xx_HAL_Driver/Src/stm32f0xx_hal_rcc.c.obj
 .debug_info    0x000045a5      0x39a CMakeFiles/flux-finder-v1.dir/Drivers/STM32F0xx_HAL_Driver/Src/stm32f0xx_hal_rcc_ex.c.obj
 .debug_info    0x0000493f      0x682 CMakeFiles/flux-finder-v1.dir/Drivers/STM32F0xx_HAL_Driver/Src/stm32f0xx_hal.c.obj
 .debug_info    0x00004fc1     0x2052 CMakeFiles/flux-finder-v1.dir/Drivers/STM32F0xx_HAL_Driver/Src/stm32f0xx_hal_i2c.c.obj
 .debug_info    0x00007013      0x7e8 CMakeFiles/flux-finder-v1.dir/Drivers/STM32F0xx_HAL_Driver/Src/stm32f0xx_hal_i2c_ex.c.obj
 .debug_info    0x000077fb      0x5bf CMakeFiles/flux-finder-v1.dir/Drivers/STM32F0xx_HAL_Driver/Src/stm32f0xx_hal_gpio.c.obj
 .debug_info    0x00007dba      0x700 CMakeFiles/flux-finder-v1.dir/Drivers/STM32F0xx_HAL_Driver/Src/stm32f0xx_hal_dma.c.obj
 .debug_info    0x000084ba      0x6ad CMakeFiles/flux-finder-v1.dir/Drivers/STM32F0xx_HAL_Driver/Src/stm32f0xx_hal_cortex.c.obj
 .debug_info    0x00008b67     0x1618 CMakeFiles/flux-finder-v1.dir/Drivers/STM32F0xx_HAL_Driver/Src/stm32f0xx_hal_spi.c.obj
 .debug_info    0x0000a17f     0x3a2a CMakeFiles/flux-finder-v1.dir/Drivers/STM32F0xx_HAL_Driver/Src/stm32f0xx_hal_uart.c.obj
 .debug_info    0x0000dba9      0x242 CMakeFiles/flux-finder-v1.dir/Core/Src/system_stm32f0xx.c.obj
 .debug_info    0x0000ddeb      0x37a CMakeFiles/flux-finder-v1.dir/Middlewares/Third_Party/FatFs/src/ff_gen_drv.c.obj
 .debug_info    0x0000e165      0x168 CMakeFiles/flux-finder-v1.dir/Core/Src/sysmem.c.obj
 .debug_info    0x0000e2cd       0x30 CMakeFiles/flux-finder-v1.dir/startup_stm32f070xb.s.obj
 .debug_info    0x0000e2fd      0x8bf C:/ST/STM32CubeCLT_1.15.0/GNU-tools-for-STM32/bin/../lib/gcc/arm-none-eabi/12.3.1/../../../../arm-none-eabi/lib/thumb/v6-m/nofp\libg_nano.a(libc_a-snprintf.o)
 .debug_info    0x0000ebbc      0x6fb C:/ST/STM32CubeCLT_1.15.0/GNU-tools-for-STM32/bin/../lib/gcc/arm-none-eabi/12.3.1/../../../../arm-none-eabi/lib/thumb/v6-m/nofp\libg_nano.a(libc_a-errno.o)
 .debug_info    0x0000f2b7     0x10e0 C:/ST/STM32CubeCLT_1.15.0/GNU-tools-for-STM32/bin/../lib/gcc/arm-none-eabi/12.3.1/../../../../arm-none-eabi/lib/thumb/v6-m/nofp\libg_nano.a(libc_a-nano-svfprintf.o)
 .debug_info    0x00010397      0xe0a C:/ST/STM32CubeCLT_1.15.0/GNU-tools-for-STM32/bin/../lib/gcc/arm-none-eabi/12.3.1/../../../../arm-none-eabi/lib/thumb/v6-m/nofp\libg_nano.a(libc_a-nano-vfprintf_i.o)
 .debug_info    0x000111a1      0x109 C:/ST/STM32CubeCLT_1.15.0/GNU-tools-for-STM32/bin/../lib/gcc/arm-none-eabi/12.3.1/../../../../arm-none-eabi/lib/thumb/v6-m/nofp\libg_nano.a(libc_a-memmove.o)
 .debug_info    0x000112aa      0x110 C:/ST/STM32CubeCLT_1.15.0/GNU-tools-for-STM32/bin/../lib/gcc/arm-none-eabi/12.3.1/../../../../arm-none-eabi/lib/thumb/v6-m/nofp\libg_nano.a(libc_a-memchr-stub.o)
 .debug_info    0x000113ba      0x11b C:/ST/STM32CubeCLT_1.15.0/GNU-tools-for-STM32/bin/../lib/gcc/arm-none-eabi/12.3.1/../../../../arm-none-eabi/lib/thumb/v6-m/nofp\libg_nano.a(libc_a-memcpy-stub.o)
 .debug_info    0x000114d5      0x8ac C:/ST/STM32CubeCLT_1.15.0/GNU-tools-for-STM32/bin/../lib/gcc/arm-none-eabi/12.3.1/../../../../arm-none-eabi/lib/thumb/v6-m/nofp\libg_nano.a(libc_a-reallocr.o)
 .debug_info    0x00011d81      0x794 C:/ST/STM32CubeCLT_1.15.0/GNU-tools-for-STM32/bin/../lib/gcc/arm-none-eabi/12.3.1/../../../../arm-none-eabi/lib/thumb/v6-m/nofp\libg_nano.a(libc_a-msizer.o)

.debug_abbrev   0x00000000     0x32d1
 .debug_abbrev  0x00000000      0x2d2 CMakeFiles/flux-finder-v1.dir/Core/Src/main.c.obj
 .debug_abbrev  0x000002d2       0x73 CMakeFiles/flux-finder-v1.dir/Core/Src/stm32f0xx_it.c.obj
 .debug_abbrev  0x00000345      0x1f6 CMakeFiles/flux-finder-v1.dir/Core/Src/stm32f0xx_hal_msp.c.obj
 .debug_abbrev  0x0000053b      0x13c CMakeFiles/flux-finder-v1.dir/FATFS/Target/user_diskio.c.obj
 .debug_abbrev  0x00000677      0x1a8 CMakeFiles/flux-finder-v1.dir/FATFS/App/fatfs.c.obj
 .debug_abbrev  0x0000081f      0x210 CMakeFiles/flux-finder-v1.dir/Drivers/STM32F0xx_HAL_Driver/Src/stm32f0xx_hal_adc.c.obj
 .debug_abbrev  0x00000a2f      0x28b CMakeFiles/flux-finder-v1.dir/Drivers/STM32F0xx_HAL_Driver/Src/stm32f0xx_hal_rcc.c.obj
 .debug_abbrev  0x00000cba      0x16e CMakeFiles/flux-finder-v1.dir/Drivers/STM32F0xx_HAL_Driver/Src/stm32f0xx_hal_rcc_ex.c.obj
 .debug_abbrev  0x00000e28      0x24b CMakeFiles/flux-finder-v1.dir/Drivers/STM32F0xx_HAL_Driver/Src/stm32f0xx_hal.c.obj
 .debug_abbrev  0x00001073      0x270 CMakeFiles/flux-finder-v1.dir/Drivers/STM32F0xx_HAL_Driver/Src/stm32f0xx_hal_i2c.c.obj
 .debug_abbrev  0x000012e3      0x1d4 CMakeFiles/flux-finder-v1.dir/Drivers/STM32F0xx_HAL_Driver/Src/stm32f0xx_hal_i2c_ex.c.obj
 .debug_abbrev  0x000014b7      0x1ca CMakeFiles/flux-finder-v1.dir/Drivers/STM32F0xx_HAL_Driver/Src/stm32f0xx_hal_gpio.c.obj
 .debug_abbrev  0x00001681      0x1ef CMakeFiles/flux-finder-v1.dir/Drivers/STM32F0xx_HAL_Driver/Src/stm32f0xx_hal_dma.c.obj
 .debug_abbrev  0x00001870      0x28c CMakeFiles/flux-finder-v1.dir/Drivers/STM32F0xx_HAL_Driver/Src/stm32f0xx_hal_cortex.c.obj
 .debug_abbrev  0x00001afc      0x265 CMakeFiles/flux-finder-v1.dir/Drivers/STM32F0xx_HAL_Driver/Src/stm32f0xx_hal_spi.c.obj
 .debug_abbrev  0x00001d61      0x2cc CMakeFiles/flux-finder-v1.dir/Drivers/STM32F0xx_HAL_Driver/Src/stm32f0xx_hal_uart.c.obj
 .debug_abbrev  0x0000202d      0x11c CMakeFiles/flux-finder-v1.dir/Core/Src/system_stm32f0xx.c.obj
 .debug_abbrev  0x00002149      0x19f CMakeFiles/flux-finder-v1.dir/Middlewares/Third_Party/FatFs/src/ff_gen_drv.c.obj
 .debug_abbrev  0x000022e8       0xbc CMakeFiles/flux-finder-v1.dir/Core/Src/sysmem.c.obj
 .debug_abbrev  0x000023a4       0x24 CMakeFiles/flux-finder-v1.dir/startup_stm32f070xb.s.obj
 .debug_abbrev  0x000023c8      0x231 C:/ST/STM32CubeCLT_1.15.0/GNU-tools-for-STM32/bin/../lib/gcc/arm-none-eabi/12.3.1/../../../../arm-none-eabi/lib/thumb/v6-m/nofp\libg_nano.a(libc_a-snprintf.o)
 .debug_abbrev  0x000025f9      0x15e C:/ST/STM32CubeCLT_1.15.0/GNU-tools-for-STM32/bin/../lib/gcc/arm-none-eabi/12.3.1/../../../../arm-none-eabi/lib/thumb/v6-m/nofp\libg_nano.a(libc_a-errno.o)
 .debug_abbrev  0x00002757      0x31e C:/ST/STM32CubeCLT_1.15.0/GNU-tools-for-STM32/bin/../lib/gcc/arm-none-eabi/12.3.1/../../../../arm-none-eabi/lib/thumb/v6-m/nofp\libg_nano.a(libc_a-nano-svfprintf.o)
 .debug_abbrev  0x00002a75      0x29f C:/ST/STM32CubeCLT_1.15.0/GNU-tools-for-STM32/bin/../lib/gcc/arm-none-eabi/12.3.1/../../../../arm-none-eabi/lib/thumb/v6-m/nofp\libg_nano.a(libc_a-nano-vfprintf_i.o)
 .debug_abbrev  0x00002d14       0xac C:/ST/STM32CubeCLT_1.15.0/GNU-tools-for-STM32/bin/../lib/gcc/arm-none-eabi/12.3.1/../../../../arm-none-eabi/lib/thumb/v6-m/nofp\libg_nano.a(libc_a-memmove.o)
 .debug_abbrev  0x00002dc0       0xb1 C:/ST/STM32CubeCLT_1.15.0/GNU-tools-for-STM32/bin/../lib/gcc/arm-none-eabi/12.3.1/../../../../arm-none-eabi/lib/thumb/v6-m/nofp\libg_nano.a(libc_a-memchr-stub.o)
 .debug_abbrev  0x00002e71       0xc1 C:/ST/STM32CubeCLT_1.15.0/GNU-tools-for-STM32/bin/../lib/gcc/arm-none-eabi/12.3.1/../../../../arm-none-eabi/lib/thumb/v6-m/nofp\libg_nano.a(libc_a-memcpy-stub.o)
 .debug_abbrev  0x00002f32      0x209 C:/ST/STM32CubeCLT_1.15.0/GNU-tools-for-STM32/bin/../lib/gcc/arm-none-eabi/12.3.1/../../../../arm-none-eabi/lib/thumb/v6-m/nofp\libg_nano.a(libc_a-reallocr.o)
 .debug_abbrev  0x0000313b      0x196 C:/ST/STM32CubeCLT_1.15.0/GNU-tools-for-STM32/bin/../lib/gcc/arm-none-eabi/12.3.1/../../../../arm-none-eabi/lib/thumb/v6-m/nofp\libg_nano.a(libc_a-msizer.o)

.debug_aranges  0x00000000      0xe38
 .debug_aranges
                0x00000000       0x60 CMakeFiles/flux-finder-v1.dir/Core/Src/main.c.obj
 .debug_aranges
                0x00000060       0x40 CMakeFiles/flux-finder-v1.dir/Core/Src/stm32f0xx_it.c.obj
 .debug_aranges
                0x000000a0       0x60 CMakeFiles/flux-finder-v1.dir/Core/Src/stm32f0xx_hal_msp.c.obj
 .debug_aranges
                0x00000100       0x40 CMakeFiles/flux-finder-v1.dir/FATFS/Target/user_diskio.c.obj
 .debug_aranges
                0x00000140       0x28 CMakeFiles/flux-finder-v1.dir/FATFS/App/fatfs.c.obj
 .debug_aranges
                0x00000168       0xf8 CMakeFiles/flux-finder-v1.dir/Drivers/STM32F0xx_HAL_Driver/Src/stm32f0xx_hal_adc.c.obj
 .debug_aranges
                0x00000260       0x80 CMakeFiles/flux-finder-v1.dir/Drivers/STM32F0xx_HAL_Driver/Src/stm32f0xx_hal_rcc.c.obj
 .debug_aranges
                0x000002e0       0x30 CMakeFiles/flux-finder-v1.dir/Drivers/STM32F0xx_HAL_Driver/Src/stm32f0xx_hal_rcc_ex.c.obj
 .debug_aranges
                0x00000310       0xd0 CMakeFiles/flux-finder-v1.dir/Drivers/STM32F0xx_HAL_Driver/Src/stm32f0xx_hal.c.obj
 .debug_aranges
                0x000003e0      0x2a0 CMakeFiles/flux-finder-v1.dir/Drivers/STM32F0xx_HAL_Driver/Src/stm32f0xx_hal_i2c.c.obj
 .debug_aranges
                0x00000680       0x38 CMakeFiles/flux-finder-v1.dir/Drivers/STM32F0xx_HAL_Driver/Src/stm32f0xx_hal_i2c_ex.c.obj
 .debug_aranges
                0x000006b8       0x58 CMakeFiles/flux-finder-v1.dir/Drivers/STM32F0xx_HAL_Driver/Src/stm32f0xx_hal_gpio.c.obj
 .debug_aranges
                0x00000710       0x88 CMakeFiles/flux-finder-v1.dir/Drivers/STM32F0xx_HAL_Driver/Src/stm32f0xx_hal_dma.c.obj
 .debug_aranges
                0x00000798       0xc0 CMakeFiles/flux-finder-v1.dir/Drivers/STM32F0xx_HAL_Driver/Src/stm32f0xx_hal_cortex.c.obj
 .debug_aranges
                0x00000858      0x1d8 CMakeFiles/flux-finder-v1.dir/Drivers/STM32F0xx_HAL_Driver/Src/stm32f0xx_hal_spi.c.obj
 .debug_aranges
                0x00000a30      0x218 CMakeFiles/flux-finder-v1.dir/Drivers/STM32F0xx_HAL_Driver/Src/stm32f0xx_hal_uart.c.obj
 .debug_aranges
                0x00000c48       0x28 CMakeFiles/flux-finder-v1.dir/Core/Src/system_stm32f0xx.c.obj
 .debug_aranges
                0x00000c70       0x40 CMakeFiles/flux-finder-v1.dir/Middlewares/Third_Party/FatFs/src/ff_gen_drv.c.obj
 .debug_aranges
                0x00000cb0       0x20 CMakeFiles/flux-finder-v1.dir/Core/Src/sysmem.c.obj
 .debug_aranges
                0x00000cd0       0x28 CMakeFiles/flux-finder-v1.dir/startup_stm32f070xb.s.obj
 .debug_aranges
                0x00000cf8       0x28 C:/ST/STM32CubeCLT_1.15.0/GNU-tools-for-STM32/bin/../lib/gcc/arm-none-eabi/12.3.1/../../../../arm-none-eabi/lib/thumb/v6-m/nofp\libg_nano.a(libc_a-snprintf.o)
 .debug_aranges
                0x00000d20       0x20 C:/ST/STM32CubeCLT_1.15.0/GNU-tools-for-STM32/bin/../lib/gcc/arm-none-eabi/12.3.1/../../../../arm-none-eabi/lib/thumb/v6-m/nofp\libg_nano.a(libc_a-errno.o)
 .debug_aranges
                0x00000d40       0x30 C:/ST/STM32CubeCLT_1.15.0/GNU-tools-for-STM32/bin/../lib/gcc/arm-none-eabi/12.3.1/../../../../arm-none-eabi/lib/thumb/v6-m/nofp\libg_nano.a(libc_a-nano-svfprintf.o)
 .debug_aranges
                0x00000d70       0x28 C:/ST/STM32CubeCLT_1.15.0/GNU-tools-for-STM32/bin/../lib/gcc/arm-none-eabi/12.3.1/../../../../arm-none-eabi/lib/thumb/v6-m/nofp\libg_nano.a(libc_a-nano-vfprintf_i.o)
 .debug_aranges
                0x00000d98       0x20 C:/ST/STM32CubeCLT_1.15.0/GNU-tools-for-STM32/bin/../lib/gcc/arm-none-eabi/12.3.1/../../../../arm-none-eabi/lib/thumb/v6-m/nofp\libg_nano.a(libc_a-memmove.o)
 .debug_aranges
                0x00000db8       0x20 C:/ST/STM32CubeCLT_1.15.0/GNU-tools-for-STM32/bin/../lib/gcc/arm-none-eabi/12.3.1/../../../../arm-none-eabi/lib/thumb/v6-m/nofp\libg_nano.a(libc_a-memchr-stub.o)
 .debug_aranges
                0x00000dd8       0x20 C:/ST/STM32CubeCLT_1.15.0/GNU-tools-for-STM32/bin/../lib/gcc/arm-none-eabi/12.3.1/../../../../arm-none-eabi/lib/thumb/v6-m/nofp\libg_nano.a(libc_a-memcpy-stub.o)
 .debug_aranges
                0x00000df8       0x20 C:/ST/STM32CubeCLT_1.15.0/GNU-tools-for-STM32/bin/../lib/gcc/arm-none-eabi/12.3.1/../../../../arm-none-eabi/lib/thumb/v6-m/nofp\libg_nano.a(libc_a-reallocr.o)
 .debug_aranges
                0x00000e18       0x20 C:/ST/STM32CubeCLT_1.15.0/GNU-tools-for-STM32/bin/../lib/gcc/arm-none-eabi/12.3.1/../../../../arm-none-eabi/lib/thumb/v6-m/nofp\libg_nano.a(libc_a-msizer.o)

.debug_rnglists
                0x00000000      0xb44
 .debug_rnglists
                0x00000000       0x48 CMakeFiles/flux-finder-v1.dir/Core/Src/main.c.obj
 .debug_rnglists
                0x00000048       0x2b CMakeFiles/flux-finder-v1.dir/Core/Src/stm32f0xx_it.c.obj
 .debug_rnglists
                0x00000073       0x47 CMakeFiles/flux-finder-v1.dir/Core/Src/stm32f0xx_hal_msp.c.obj
 .debug_rnglists
                0x000000ba       0x2b CMakeFiles/flux-finder-v1.dir/FATFS/Target/user_diskio.c.obj
 .debug_rnglists
                0x000000e5       0x19 CMakeFiles/flux-finder-v1.dir/FATFS/App/fatfs.c.obj
 .debug_rnglists
                0x000000fe       0xc6 CMakeFiles/flux-finder-v1.dir/Drivers/STM32F0xx_HAL_Driver/Src/stm32f0xx_hal_adc.c.obj
 .debug_rnglists
                0x000001c4       0x61 CMakeFiles/flux-finder-v1.dir/Drivers/STM32F0xx_HAL_Driver/Src/stm32f0xx_hal_rcc.c.obj
 .debug_rnglists
                0x00000225       0x21 CMakeFiles/flux-finder-v1.dir/Drivers/STM32F0xx_HAL_Driver/Src/stm32f0xx_hal_rcc_ex.c.obj
 .debug_rnglists
                0x00000246       0x97 CMakeFiles/flux-finder-v1.dir/Drivers/STM32F0xx_HAL_Driver/Src/stm32f0xx_hal.c.obj
 .debug_rnglists
                0x000002dd      0x229 CMakeFiles/flux-finder-v1.dir/Drivers/STM32F0xx_HAL_Driver/Src/stm32f0xx_hal_i2c.c.obj
 .debug_rnglists
                0x00000506       0x27 CMakeFiles/flux-finder-v1.dir/Drivers/STM32F0xx_HAL_Driver/Src/stm32f0xx_hal_i2c_ex.c.obj
 .debug_rnglists
                0x0000052d       0x3f CMakeFiles/flux-finder-v1.dir/Drivers/STM32F0xx_HAL_Driver/Src/stm32f0xx_hal_gpio.c.obj
 .debug_rnglists
                0x0000056c       0x6a CMakeFiles/flux-finder-v1.dir/Drivers/STM32F0xx_HAL_Driver/Src/stm32f0xx_hal_dma.c.obj
 .debug_rnglists
                0x000005d6       0x8c CMakeFiles/flux-finder-v1.dir/Drivers/STM32F0xx_HAL_Driver/Src/stm32f0xx_hal_cortex.c.obj
 .debug_rnglists
                0x00000662      0x17a CMakeFiles/flux-finder-v1.dir/Drivers/STM32F0xx_HAL_Driver/Src/stm32f0xx_hal_spi.c.obj
 .debug_rnglists
                0x000007dc      0x1ce CMakeFiles/flux-finder-v1.dir/Drivers/STM32F0xx_HAL_Driver/Src/stm32f0xx_hal_uart.c.obj
 .debug_rnglists
                0x000009aa       0x1a CMakeFiles/flux-finder-v1.dir/Core/Src/system_stm32f0xx.c.obj
 .debug_rnglists
                0x000009c4       0x2d CMakeFiles/flux-finder-v1.dir/Middlewares/Third_Party/FatFs/src/ff_gen_drv.c.obj
 .debug_rnglists
                0x000009f1       0x13 CMakeFiles/flux-finder-v1.dir/Core/Src/sysmem.c.obj
 .debug_rnglists
                0x00000a04       0x19 CMakeFiles/flux-finder-v1.dir/startup_stm32f070xb.s.obj
 .debug_rnglists
                0x00000a1d       0x19 C:/ST/STM32CubeCLT_1.15.0/GNU-tools-for-STM32/bin/../lib/gcc/arm-none-eabi/12.3.1/../../../../arm-none-eabi/lib/thumb/v6-m/nofp\libg_nano.a(libc_a-snprintf.o)
 .debug_rnglists
                0x00000a36       0x13 C:/ST/STM32CubeCLT_1.15.0/GNU-tools-for-STM32/bin/../lib/gcc/arm-none-eabi/12.3.1/../../../../arm-none-eabi/lib/thumb/v6-m/nofp\libg_nano.a(libc_a-errno.o)
 .debug_rnglists
                0x00000a49       0x53 C:/ST/STM32CubeCLT_1.15.0/GNU-tools-for-STM32/bin/../lib/gcc/arm-none-eabi/12.3.1/../../../../arm-none-eabi/lib/thumb/v6-m/nofp\libg_nano.a(libc_a-nano-svfprintf.o)
 .debug_rnglists
                0x00000a9c       0x49 C:/ST/STM32CubeCLT_1.15.0/GNU-tools-for-STM32/bin/../lib/gcc/arm-none-eabi/12.3.1/../../../../arm-none-eabi/lib/thumb/v6-m/nofp\libg_nano.a(libc_a-nano-vfprintf_i.o)
 .debug_rnglists
                0x00000ae5       0x13 C:/ST/STM32CubeCLT_1.15.0/GNU-tools-for-STM32/bin/../lib/gcc/arm-none-eabi/12.3.1/../../../../arm-none-eabi/lib/thumb/v6-m/nofp\libg_nano.a(libc_a-memmove.o)
 .debug_rnglists
                0x00000af8       0x13 C:/ST/STM32CubeCLT_1.15.0/GNU-tools-for-STM32/bin/../lib/gcc/arm-none-eabi/12.3.1/../../../../arm-none-eabi/lib/thumb/v6-m/nofp\libg_nano.a(libc_a-memchr-stub.o)
 .debug_rnglists
                0x00000b0b       0x13 C:/ST/STM32CubeCLT_1.15.0/GNU-tools-for-STM32/bin/../lib/gcc/arm-none-eabi/12.3.1/../../../../arm-none-eabi/lib/thumb/v6-m/nofp\libg_nano.a(libc_a-memcpy-stub.o)
 .debug_rnglists
                0x00000b1e       0x13 C:/ST/STM32CubeCLT_1.15.0/GNU-tools-for-STM32/bin/../lib/gcc/arm-none-eabi/12.3.1/../../../../arm-none-eabi/lib/thumb/v6-m/nofp\libg_nano.a(libc_a-reallocr.o)
 .debug_rnglists
                0x00000b31       0x13 C:/ST/STM32CubeCLT_1.15.0/GNU-tools-for-STM32/bin/../lib/gcc/arm-none-eabi/12.3.1/../../../../arm-none-eabi/lib/thumb/v6-m/nofp\libg_nano.a(libc_a-msizer.o)

.debug_macro    0x00000000    0x11eea
 .debug_macro   0x00000000      0x233 CMakeFiles/flux-finder-v1.dir/Core/Src/main.c.obj
 .debug_macro   0x00000233      0xa8a CMakeFiles/flux-finder-v1.dir/Core/Src/main.c.obj
 .debug_macro   0x00000cbd      0x139 CMakeFiles/flux-finder-v1.dir/Core/Src/main.c.obj
 .debug_macro   0x00000df6       0x2e CMakeFiles/flux-finder-v1.dir/Core/Src/main.c.obj
 .debug_macro   0x00000e24       0x22 CMakeFiles/flux-finder-v1.dir/Core/Src/main.c.obj
 .debug_macro   0x00000e46       0x22 CMakeFiles/flux-finder-v1.dir/Core/Src/main.c.obj
 .debug_macro   0x00000e68       0x8e CMakeFiles/flux-finder-v1.dir/Core/Src/main.c.obj
 .debug_macro   0x00000ef6       0x51 CMakeFiles/flux-finder-v1.dir/Core/Src/main.c.obj
 .debug_macro   0x00000f47      0x103 CMakeFiles/flux-finder-v1.dir/Core/Src/main.c.obj
 .debug_macro   0x0000104a       0x6a CMakeFiles/flux-finder-v1.dir/Core/Src/main.c.obj
 .debug_macro   0x000010b4      0x1df CMakeFiles/flux-finder-v1.dir/Core/Src/main.c.obj
 .debug_macro   0x00001293       0x1c CMakeFiles/flux-finder-v1.dir/Core/Src/main.c.obj
 .debug_macro   0x000012af       0x22 CMakeFiles/flux-finder-v1.dir/Core/Src/main.c.obj
 .debug_macro   0x000012d1       0xaf CMakeFiles/flux-finder-v1.dir/Core/Src/main.c.obj
 .debug_macro   0x00001380      0x391 CMakeFiles/flux-finder-v1.dir/Core/Src/main.c.obj
 .debug_macro   0x00001711     0x765c CMakeFiles/flux-finder-v1.dir/Core/Src/main.c.obj
 .debug_macro   0x00008d6d       0x66 CMakeFiles/flux-finder-v1.dir/Core/Src/main.c.obj
 .debug_macro   0x00008dd3     0x34be CMakeFiles/flux-finder-v1.dir/Core/Src/main.c.obj
 .debug_macro   0x0000c291      0x189 CMakeFiles/flux-finder-v1.dir/Core/Src/main.c.obj
 .debug_macro   0x0000c41a       0x55 CMakeFiles/flux-finder-v1.dir/Core/Src/main.c.obj
 .debug_macro   0x0000c46f      0x924 CMakeFiles/flux-finder-v1.dir/Core/Src/main.c.obj
 .debug_macro   0x0000cd93      0x289 CMakeFiles/flux-finder-v1.dir/Core/Src/main.c.obj
 .debug_macro   0x0000d01c      0x1ae CMakeFiles/flux-finder-v1.dir/Core/Src/main.c.obj
 .debug_macro   0x0000d1ca      0x130 CMakeFiles/flux-finder-v1.dir/Core/Src/main.c.obj
 .debug_macro   0x0000d2fa      0x1a0 CMakeFiles/flux-finder-v1.dir/Core/Src/main.c.obj
 .debug_macro   0x0000d49a      0x1f4 CMakeFiles/flux-finder-v1.dir/Core/Src/main.c.obj
 .debug_macro   0x0000d68e       0x34 CMakeFiles/flux-finder-v1.dir/Core/Src/main.c.obj
 .debug_macro   0x0000d6c2       0x43 CMakeFiles/flux-finder-v1.dir/Core/Src/main.c.obj
 .debug_macro   0x0000d705       0x28 CMakeFiles/flux-finder-v1.dir/Core/Src/main.c.obj
 .debug_macro   0x0000d72d      0x33d CMakeFiles/flux-finder-v1.dir/Core/Src/main.c.obj
 .debug_macro   0x0000da6a       0xc2 CMakeFiles/flux-finder-v1.dir/Core/Src/main.c.obj
 .debug_macro   0x0000db2c       0xb0 CMakeFiles/flux-finder-v1.dir/Core/Src/main.c.obj
 .debug_macro   0x0000dbdc      0x217 CMakeFiles/flux-finder-v1.dir/Core/Src/main.c.obj
 .debug_macro   0x0000ddf3      0x22c CMakeFiles/flux-finder-v1.dir/Core/Src/main.c.obj
 .debug_macro   0x0000e01f       0x61 CMakeFiles/flux-finder-v1.dir/Core/Src/main.c.obj
 .debug_macro   0x0000e080       0xa5 CMakeFiles/flux-finder-v1.dir/Core/Src/main.c.obj
 .debug_macro   0x0000e125       0x4c CMakeFiles/flux-finder-v1.dir/Core/Src/main.c.obj
 .debug_macro   0x0000e171       0x49 CMakeFiles/flux-finder-v1.dir/Core/Src/main.c.obj
 .debug_macro   0x0000e1ba      0x2fe CMakeFiles/flux-finder-v1.dir/Core/Src/main.c.obj
 .debug_macro   0x0000e4b8      0x56d CMakeFiles/flux-finder-v1.dir/Core/Src/main.c.obj
 .debug_macro   0x0000ea25       0x44 CMakeFiles/flux-finder-v1.dir/Core/Src/main.c.obj
 .debug_macro   0x0000ea69      0x11b CMakeFiles/flux-finder-v1.dir/Core/Src/main.c.obj
 .debug_macro   0x0000eb84      0x10c CMakeFiles/flux-finder-v1.dir/Core/Src/main.c.obj
 .debug_macro   0x0000ec90       0xde CMakeFiles/flux-finder-v1.dir/Core/Src/main.c.obj
 .debug_macro   0x0000ed6e       0xf5 CMakeFiles/flux-finder-v1.dir/Core/Src/main.c.obj
 .debug_macro   0x0000ee63       0x8e CMakeFiles/flux-finder-v1.dir/Core/Src/main.c.obj
 .debug_macro   0x0000eef1      0x1f0 CMakeFiles/flux-finder-v1.dir/Core/Src/stm32f0xx_it.c.obj
 .debug_macro   0x0000f0e1      0x1e6 CMakeFiles/flux-finder-v1.dir/Core/Src/stm32f0xx_hal_msp.c.obj
 .debug_macro   0x0000f2c7      0x2df CMakeFiles/flux-finder-v1.dir/FATFS/Target/user_diskio.c.obj
 .debug_macro   0x0000f5a6       0x6e CMakeFiles/flux-finder-v1.dir/FATFS/Target/user_diskio.c.obj
 .debug_macro   0x0000f614       0x24 CMakeFiles/flux-finder-v1.dir/FATFS/Target/user_diskio.c.obj
 .debug_macro   0x0000f638       0x94 CMakeFiles/flux-finder-v1.dir/FATFS/Target/user_diskio.c.obj
 .debug_macro   0x0000f6cc       0x3c CMakeFiles/flux-finder-v1.dir/FATFS/Target/user_diskio.c.obj
 .debug_macro   0x0000f708       0x34 CMakeFiles/flux-finder-v1.dir/FATFS/Target/user_diskio.c.obj
 .debug_macro   0x0000f73c       0x16 CMakeFiles/flux-finder-v1.dir/FATFS/Target/user_diskio.c.obj
 .debug_macro   0x0000f752       0x43 CMakeFiles/flux-finder-v1.dir/FATFS/Target/user_diskio.c.obj
 .debug_macro   0x0000f795       0x57 CMakeFiles/flux-finder-v1.dir/FATFS/Target/user_diskio.c.obj
 .debug_macro   0x0000f7ec       0x34 CMakeFiles/flux-finder-v1.dir/FATFS/Target/user_diskio.c.obj
 .debug_macro   0x0000f820       0x10 CMakeFiles/flux-finder-v1.dir/FATFS/Target/user_diskio.c.obj
 .debug_macro   0x0000f830       0x58 CMakeFiles/flux-finder-v1.dir/FATFS/Target/user_diskio.c.obj
 .debug_macro   0x0000f888      0x1de CMakeFiles/flux-finder-v1.dir/FATFS/Target/user_diskio.c.obj
 .debug_macro   0x0000fa66      0x369 CMakeFiles/flux-finder-v1.dir/FATFS/Target/user_diskio.c.obj
 .debug_macro   0x0000fdcf       0x10 CMakeFiles/flux-finder-v1.dir/FATFS/Target/user_diskio.c.obj
 .debug_macro   0x0000fddf       0x35 CMakeFiles/flux-finder-v1.dir/FATFS/Target/user_diskio.c.obj
 .debug_macro   0x0000fe14       0x20 CMakeFiles/flux-finder-v1.dir/FATFS/Target/user_diskio.c.obj
 .debug_macro   0x0000fe34       0x16 CMakeFiles/flux-finder-v1.dir/FATFS/Target/user_diskio.c.obj
 .debug_macro   0x0000fe4a       0x7c CMakeFiles/flux-finder-v1.dir/FATFS/Target/user_diskio.c.obj
 .debug_macro   0x0000fec6       0x4f CMakeFiles/flux-finder-v1.dir/FATFS/Target/user_diskio.c.obj
 .debug_macro   0x0000ff15       0xd8 CMakeFiles/flux-finder-v1.dir/FATFS/Target/user_diskio.c.obj
 .debug_macro   0x0000ffed      0x239 CMakeFiles/flux-finder-v1.dir/FATFS/App/fatfs.c.obj
 .debug_macro   0x00010226      0x1fb CMakeFiles/flux-finder-v1.dir/Drivers/STM32F0xx_HAL_Driver/Src/stm32f0xx_hal_adc.c.obj
 .debug_macro   0x00010421      0x1e9 CMakeFiles/flux-finder-v1.dir/Drivers/STM32F0xx_HAL_Driver/Src/stm32f0xx_hal_rcc.c.obj
 .debug_macro   0x0001060a      0x1d7 CMakeFiles/flux-finder-v1.dir/Drivers/STM32F0xx_HAL_Driver/Src/stm32f0xx_hal_rcc_ex.c.obj
 .debug_macro   0x000107e1      0x1fb CMakeFiles/flux-finder-v1.dir/Drivers/STM32F0xx_HAL_Driver/Src/stm32f0xx_hal.c.obj
 .debug_macro   0x000109dc      0x2a3 CMakeFiles/flux-finder-v1.dir/Drivers/STM32F0xx_HAL_Driver/Src/stm32f0xx_hal_i2c.c.obj
 .debug_macro   0x00010c7f      0x1d7 CMakeFiles/flux-finder-v1.dir/Drivers/STM32F0xx_HAL_Driver/Src/stm32f0xx_hal_i2c_ex.c.obj
 .debug_macro   0x00010e56      0x1de CMakeFiles/flux-finder-v1.dir/Drivers/STM32F0xx_HAL_Driver/Src/stm32f0xx_hal_gpio.c.obj
 .debug_macro   0x00011034      0x1d7 CMakeFiles/flux-finder-v1.dir/Drivers/STM32F0xx_HAL_Driver/Src/stm32f0xx_hal_dma.c.obj
 .debug_macro   0x0001120b      0x1d7 CMakeFiles/flux-finder-v1.dir/Drivers/STM32F0xx_HAL_Driver/Src/stm32f0xx_hal_cortex.c.obj
 .debug_macro   0x000113e2      0x1df CMakeFiles/flux-finder-v1.dir/Drivers/STM32F0xx_HAL_Driver/Src/stm32f0xx_hal_spi.c.obj
 .debug_macro   0x000115c1      0x1f4 CMakeFiles/flux-finder-v1.dir/Drivers/STM32F0xx_HAL_Driver/Src/stm32f0xx_hal_uart.c.obj
 .debug_macro   0x000117b5      0x1d7 CMakeFiles/flux-finder-v1.dir/Core/Src/system_stm32f0xx.c.obj
 .debug_macro   0x0001198c      0x226 CMakeFiles/flux-finder-v1.dir/Middlewares/Third_Party/FatFs/src/ff_gen_drv.c.obj
 .debug_macro   0x00011bb2       0xec CMakeFiles/flux-finder-v1.dir/Core/Src/sysmem.c.obj
 .debug_macro   0x00011c9e       0x10 CMakeFiles/flux-finder-v1.dir/Core/Src/sysmem.c.obj
 .debug_macro   0x00011cae      0x23c CMakeFiles/flux-finder-v1.dir/Core/Src/sysmem.c.obj

.debug_line     0x00000000    0x14a7f
 .debug_line    0x00000000      0xc01 CMakeFiles/flux-finder-v1.dir/Core/Src/main.c.obj
 .debug_line    0x00000c01      0x81a CMakeFiles/flux-finder-v1.dir/Core/Src/stm32f0xx_it.c.obj
 .debug_line    0x0000141b      0x8e6 CMakeFiles/flux-finder-v1.dir/Core/Src/stm32f0xx_hal_msp.c.obj
 .debug_line    0x00001d01      0x9c1 CMakeFiles/flux-finder-v1.dir/FATFS/Target/user_diskio.c.obj
 .debug_line    0x000026c2      0x8eb CMakeFiles/flux-finder-v1.dir/FATFS/App/fatfs.c.obj
 .debug_line    0x00002fad     0x1262 CMakeFiles/flux-finder-v1.dir/Drivers/STM32F0xx_HAL_Driver/Src/stm32f0xx_hal_adc.c.obj
 .debug_line    0x0000420f      0xe1a CMakeFiles/flux-finder-v1.dir/Drivers/STM32F0xx_HAL_Driver/Src/stm32f0xx_hal_rcc.c.obj
 .debug_line    0x00005029      0x9f9 CMakeFiles/flux-finder-v1.dir/Drivers/STM32F0xx_HAL_Driver/Src/stm32f0xx_hal_rcc_ex.c.obj
 .debug_line    0x00005a22      0xa30 CMakeFiles/flux-finder-v1.dir/Drivers/STM32F0xx_HAL_Driver/Src/stm32f0xx_hal.c.obj
 .debug_line    0x00006452     0x38e9 CMakeFiles/flux-finder-v1.dir/Drivers/STM32F0xx_HAL_Driver/Src/stm32f0xx_hal_i2c.c.obj
 .debug_line    0x00009d3b      0x8f1 CMakeFiles/flux-finder-v1.dir/Drivers/STM32F0xx_HAL_Driver/Src/stm32f0xx_hal_i2c_ex.c.obj
 .debug_line    0x0000a62c      0xbc9 CMakeFiles/flux-finder-v1.dir/Drivers/STM32F0xx_HAL_Driver/Src/stm32f0xx_hal_gpio.c.obj
 .debug_line    0x0000b1f5      0xd54 CMakeFiles/flux-finder-v1.dir/Drivers/STM32F0xx_HAL_Driver/Src/stm32f0xx_hal_dma.c.obj
 .debug_line    0x0000bf49      0xadc CMakeFiles/flux-finder-v1.dir/Drivers/STM32F0xx_HAL_Driver/Src/stm32f0xx_hal_cortex.c.obj
 .debug_line    0x0000ca25     0x1f70 CMakeFiles/flux-finder-v1.dir/Drivers/STM32F0xx_HAL_Driver/Src/stm32f0xx_hal_spi.c.obj
 .debug_line    0x0000e995     0x2c4b CMakeFiles/flux-finder-v1.dir/Drivers/STM32F0xx_HAL_Driver/Src/stm32f0xx_hal_uart.c.obj
 .debug_line    0x000115e0      0x82a CMakeFiles/flux-finder-v1.dir/Core/Src/system_stm32f0xx.c.obj
 .debug_line    0x00011e0a      0x92b CMakeFiles/flux-finder-v1.dir/Middlewares/Third_Party/FatFs/src/ff_gen_drv.c.obj
 .debug_line    0x00012735      0x352 CMakeFiles/flux-finder-v1.dir/Core/Src/sysmem.c.obj
 .debug_line    0x00012a87       0x7b CMakeFiles/flux-finder-v1.dir/startup_stm32f070xb.s.obj
 .debug_line    0x00012b02      0x3c1 C:/ST/STM32CubeCLT_1.15.0/GNU-tools-for-STM32/bin/../lib/gcc/arm-none-eabi/12.3.1/../../../../arm-none-eabi/lib/thumb/v6-m/nofp\libg_nano.a(libc_a-snprintf.o)
 .debug_line    0x00012ec3      0x18e C:/ST/STM32CubeCLT_1.15.0/GNU-tools-for-STM32/bin/../lib/gcc/arm-none-eabi/12.3.1/../../../../arm-none-eabi/lib/thumb/v6-m/nofp\libg_nano.a(libc_a-errno.o)
 .debug_line    0x00013051      0x92f C:/ST/STM32CubeCLT_1.15.0/GNU-tools-for-STM32/bin/../lib/gcc/arm-none-eabi/12.3.1/../../../../arm-none-eabi/lib/thumb/v6-m/nofp\libg_nano.a(libc_a-nano-svfprintf.o)
 .debug_line    0x00013980      0x6d8 C:/ST/STM32CubeCLT_1.15.0/GNU-tools-for-STM32/bin/../lib/gcc/arm-none-eabi/12.3.1/../../../../arm-none-eabi/lib/thumb/v6-m/nofp\libg_nano.a(libc_a-nano-vfprintf_i.o)
 .debug_line    0x00014058      0x1a7 C:/ST/STM32CubeCLT_1.15.0/GNU-tools-for-STM32/bin/../lib/gcc/arm-none-eabi/12.3.1/../../../../arm-none-eabi/lib/thumb/v6-m/nofp\libg_nano.a(libc_a-memmove.o)
 .debug_line    0x000141ff      0x202 C:/ST/STM32CubeCLT_1.15.0/GNU-tools-for-STM32/bin/../lib/gcc/arm-none-eabi/12.3.1/../../../../arm-none-eabi/lib/thumb/v6-m/nofp\libg_nano.a(libc_a-memchr-stub.o)
 .debug_line    0x00014401      0x201 C:/ST/STM32CubeCLT_1.15.0/GNU-tools-for-STM32/bin/../lib/gcc/arm-none-eabi/12.3.1/../../../../arm-none-eabi/lib/thumb/v6-m/nofp\libg_nano.a(libc_a-memcpy-stub.o)
 .debug_line    0x00014602      0x277 C:/ST/STM32CubeCLT_1.15.0/GNU-tools-for-STM32/bin/../lib/gcc/arm-none-eabi/12.3.1/../../../../arm-none-eabi/lib/thumb/v6-m/nofp\libg_nano.a(libc_a-reallocr.o)
 .debug_line    0x00014879      0x206 C:/ST/STM32CubeCLT_1.15.0/GNU-tools-for-STM32/bin/../lib/gcc/arm-none-eabi/12.3.1/../../../../arm-none-eabi/lib/thumb/v6-m/nofp\libg_nano.a(libc_a-msizer.o)

.debug_str      0x00000000    0x67a64
 .debug_str     0x00000000    0x60b0d CMakeFiles/flux-finder-v1.dir/Core/Src/main.c.obj
                              0x60eea (size before relaxing)
 .debug_str     0x00060b0d       0xb7 CMakeFiles/flux-finder-v1.dir/Core/Src/stm32f0xx_it.c.obj
                              0x5f8dc (size before relaxing)
 .debug_str     0x00060bc4      0x10b CMakeFiles/flux-finder-v1.dir/Core/Src/stm32f0xx_hal_msp.c.obj
                              0x60437 (size before relaxing)
 .debug_str     0x00060ccf     0x2c9a CMakeFiles/flux-finder-v1.dir/FATFS/Target/user_diskio.c.obj
                              0x62c36 (size before relaxing)
 .debug_str     0x00063969      0x137 CMakeFiles/flux-finder-v1.dir/FATFS/App/fatfs.c.obj
                              0x601c5 (size before relaxing)
 .debug_str     0x00063aa0      0x3d7 CMakeFiles/flux-finder-v1.dir/Drivers/STM32F0xx_HAL_Driver/Src/stm32f0xx_hal_adc.c.obj
                              0x5fca3 (size before relaxing)
 .debug_str     0x00063e77      0x28c CMakeFiles/flux-finder-v1.dir/Drivers/STM32F0xx_HAL_Driver/Src/stm32f0xx_hal_rcc.c.obj
                              0x5f9d2 (size before relaxing)
 .debug_str     0x00064103       0xeb CMakeFiles/flux-finder-v1.dir/Drivers/STM32F0xx_HAL_Driver/Src/stm32f0xx_hal_rcc_ex.c.obj
                              0x5f710 (size before relaxing)
 .debug_str     0x000641ee      0x4b6 CMakeFiles/flux-finder-v1.dir/Drivers/STM32F0xx_HAL_Driver/Src/stm32f0xx_hal.c.obj
                              0x5fb4b (size before relaxing)
 .debug_str     0x000646a4      0xe6e CMakeFiles/flux-finder-v1.dir/Drivers/STM32F0xx_HAL_Driver/Src/stm32f0xx_hal_i2c.c.obj
                              0x608f7 (size before relaxing)
 .debug_str     0x00065512       0xd4 CMakeFiles/flux-finder-v1.dir/Drivers/STM32F0xx_HAL_Driver/Src/stm32f0xx_hal_i2c_ex.c.obj
                              0x5faef (size before relaxing)
 .debug_str     0x000655e6      0x12c CMakeFiles/flux-finder-v1.dir/Drivers/STM32F0xx_HAL_Driver/Src/stm32f0xx_hal_gpio.c.obj
                              0x5f737 (size before relaxing)
 .debug_str     0x00065712      0x22f CMakeFiles/flux-finder-v1.dir/Drivers/STM32F0xx_HAL_Driver/Src/stm32f0xx_hal_dma.c.obj
                              0x5f93c (size before relaxing)
 .debug_str     0x00065941      0x1df CMakeFiles/flux-finder-v1.dir/Drivers/STM32F0xx_HAL_Driver/Src/stm32f0xx_hal_cortex.c.obj
                              0x5f93c (size before relaxing)
 .debug_str     0x00065b20      0x587 CMakeFiles/flux-finder-v1.dir/Drivers/STM32F0xx_HAL_Driver/Src/stm32f0xx_hal_spi.c.obj
                              0x5ff00 (size before relaxing)
 .debug_str     0x000660a7      0x842 CMakeFiles/flux-finder-v1.dir/Drivers/STM32F0xx_HAL_Driver/Src/stm32f0xx_hal_uart.c.obj
                              0x602af (size before relaxing)
 .debug_str     0x000668e9       0x75 CMakeFiles/flux-finder-v1.dir/Core/Src/system_stm32f0xx.c.obj
                              0x5f596 (size before relaxing)
 .debug_str     0x0006695e       0xef CMakeFiles/flux-finder-v1.dir/Middlewares/Third_Party/FatFs/src/ff_gen_drv.c.obj
                              0x60142 (size before relaxing)
 .debug_str     0x00066a4d      0x511 CMakeFiles/flux-finder-v1.dir/Core/Src/sysmem.c.obj
                               0x59fd (size before relaxing)
 .debug_str     0x00066f5e       0x6a CMakeFiles/flux-finder-v1.dir/startup_stm32f070xb.s.obj
                                 0xae (size before relaxing)
 .debug_str     0x00066fc8      0x45f C:/ST/STM32CubeCLT_1.15.0/GNU-tools-for-STM32/bin/../lib/gcc/arm-none-eabi/12.3.1/../../../../arm-none-eabi/lib/thumb/v6-m/nofp\libg_nano.a(libc_a-snprintf.o)
                                0x578 (size before relaxing)
 .debug_str     0x00067427       0x58 C:/ST/STM32CubeCLT_1.15.0/GNU-tools-for-STM32/bin/../lib/gcc/arm-none-eabi/12.3.1/../../../../arm-none-eabi/lib/thumb/v6-m/nofp\libg_nano.a(libc_a-errno.o)
                                0x524 (size before relaxing)
 .debug_str     0x0006747f      0x2b4 C:/ST/STM32CubeCLT_1.15.0/GNU-tools-for-STM32/bin/../lib/gcc/arm-none-eabi/12.3.1/../../../../arm-none-eabi/lib/thumb/v6-m/nofp\libg_nano.a(libc_a-nano-svfprintf.o)
                                0x873 (size before relaxing)
 .debug_str     0x00067733       0xcb C:/ST/STM32CubeCLT_1.15.0/GNU-tools-for-STM32/bin/../lib/gcc/arm-none-eabi/12.3.1/../../../../arm-none-eabi/lib/thumb/v6-m/nofp\libg_nano.a(libc_a-nano-vfprintf_i.o)
                                0x81a (size before relaxing)
 .debug_str     0x000677fe       0x74 C:/ST/STM32CubeCLT_1.15.0/GNU-tools-for-STM32/bin/../lib/gcc/arm-none-eabi/12.3.1/../../../../arm-none-eabi/lib/thumb/v6-m/nofp\libg_nano.a(libc_a-memmove.o)
                                0x225 (size before relaxing)
 .debug_str     0x00067872       0x64 C:/ST/STM32CubeCLT_1.15.0/GNU-tools-for-STM32/bin/../lib/gcc/arm-none-eabi/12.3.1/../../../../arm-none-eabi/lib/thumb/v6-m/nofp\libg_nano.a(libc_a-memchr-stub.o)
                                0x224 (size before relaxing)
 .debug_str     0x000678d6       0x78 C:/ST/STM32CubeCLT_1.15.0/GNU-tools-for-STM32/bin/../lib/gcc/arm-none-eabi/12.3.1/../../../../arm-none-eabi/lib/thumb/v6-m/nofp\libg_nano.a(libc_a-memcpy-stub.o)
                                0x228 (size before relaxing)
 .debug_str     0x0006794e       0xad C:/ST/STM32CubeCLT_1.15.0/GNU-tools-for-STM32/bin/../lib/gcc/arm-none-eabi/12.3.1/../../../../arm-none-eabi/lib/thumb/v6-m/nofp\libg_nano.a(libc_a-reallocr.o)
                                0x5a0 (size before relaxing)
 .debug_str     0x000679fb       0x69 C:/ST/STM32CubeCLT_1.15.0/GNU-tools-for-STM32/bin/../lib/gcc/arm-none-eabi/12.3.1/../../../../arm-none-eabi/lib/thumb/v6-m/nofp\libg_nano.a(libc_a-msizer.o)
                                0x573 (size before relaxing)

.comment        0x00000000       0x43
 .comment       0x00000000       0x43 CMakeFiles/flux-finder-v1.dir/Core/Src/main.c.obj
                                 0x44 (size before relaxing)
 .comment       0x00000043       0x44 CMakeFiles/flux-finder-v1.dir/Core/Src/stm32f0xx_it.c.obj
 .comment       0x00000043       0x44 CMakeFiles/flux-finder-v1.dir/Core/Src/stm32f0xx_hal_msp.c.obj
 .comment       0x00000043       0x44 CMakeFiles/flux-finder-v1.dir/FATFS/Target/user_diskio.c.obj
 .comment       0x00000043       0x44 CMakeFiles/flux-finder-v1.dir/FATFS/App/fatfs.c.obj
 .comment       0x00000043       0x44 CMakeFiles/flux-finder-v1.dir/Drivers/STM32F0xx_HAL_Driver/Src/stm32f0xx_hal_adc.c.obj
 .comment       0x00000043       0x44 CMakeFiles/flux-finder-v1.dir/Drivers/STM32F0xx_HAL_Driver/Src/stm32f0xx_hal_rcc.c.obj
 .comment       0x00000043       0x44 CMakeFiles/flux-finder-v1.dir/Drivers/STM32F0xx_HAL_Driver/Src/stm32f0xx_hal_rcc_ex.c.obj
 .comment       0x00000043       0x44 CMakeFiles/flux-finder-v1.dir/Drivers/STM32F0xx_HAL_Driver/Src/stm32f0xx_hal.c.obj
 .comment       0x00000043       0x44 CMakeFiles/flux-finder-v1.dir/Drivers/STM32F0xx_HAL_Driver/Src/stm32f0xx_hal_i2c.c.obj
 .comment       0x00000043       0x44 CMakeFiles/flux-finder-v1.dir/Drivers/STM32F0xx_HAL_Driver/Src/stm32f0xx_hal_i2c_ex.c.obj
 .comment       0x00000043       0x44 CMakeFiles/flux-finder-v1.dir/Drivers/STM32F0xx_HAL_Driver/Src/stm32f0xx_hal_gpio.c.obj
 .comment       0x00000043       0x44 CMakeFiles/flux-finder-v1.dir/Drivers/STM32F0xx_HAL_Driver/Src/stm32f0xx_hal_dma.c.obj
 .comment       0x00000043       0x44 CMakeFiles/flux-finder-v1.dir/Drivers/STM32F0xx_HAL_Driver/Src/stm32f0xx_hal_cortex.c.obj
 .comment       0x00000043       0x44 CMakeFiles/flux-finder-v1.dir/Drivers/STM32F0xx_HAL_Driver/Src/stm32f0xx_hal_spi.c.obj
 .comment       0x00000043       0x44 CMakeFiles/flux-finder-v1.dir/Drivers/STM32F0xx_HAL_Driver/Src/stm32f0xx_hal_uart.c.obj
 .comment       0x00000043       0x44 CMakeFiles/flux-finder-v1.dir/Core/Src/system_stm32f0xx.c.obj
 .comment       0x00000043       0x44 CMakeFiles/flux-finder-v1.dir/Middlewares/Third_Party/FatFs/src/ff_gen_drv.c.obj
 .comment       0x00000043       0x44 CMakeFiles/flux-finder-v1.dir/Core/Src/sysmem.c.obj
 .comment       0x00000043       0x44 C:/ST/STM32CubeCLT_1.15.0/GNU-tools-for-STM32/bin/../lib/gcc/arm-none-eabi/12.3.1/../../../../arm-none-eabi/lib/thumb/v6-m/nofp\libg_nano.a(libc_a-snprintf.o)
 .comment       0x00000043       0x44 C:/ST/STM32CubeCLT_1.15.0/GNU-tools-for-STM32/bin/../lib/gcc/arm-none-eabi/12.3.1/../../../../arm-none-eabi/lib/thumb/v6-m/nofp\libg_nano.a(libc_a-errno.o)
 .comment       0x00000043       0x44 C:/ST/STM32CubeCLT_1.15.0/GNU-tools-for-STM32/bin/../lib/gcc/arm-none-eabi/12.3.1/../../../../arm-none-eabi/lib/thumb/v6-m/nofp\libg_nano.a(libc_a-nano-svfprintf.o)
 .comment       0x00000043       0x44 C:/ST/STM32CubeCLT_1.15.0/GNU-tools-for-STM32/bin/../lib/gcc/arm-none-eabi/12.3.1/../../../../arm-none-eabi/lib/thumb/v6-m/nofp\libg_nano.a(libc_a-nano-vfprintf_i.o)
 .comment       0x00000043       0x44 C:/ST/STM32CubeCLT_1.15.0/GNU-tools-for-STM32/bin/../lib/gcc/arm-none-eabi/12.3.1/../../../../arm-none-eabi/lib/thumb/v6-m/nofp\libg_nano.a(libc_a-memmove.o)
 .comment       0x00000043       0x44 C:/ST/STM32CubeCLT_1.15.0/GNU-tools-for-STM32/bin/../lib/gcc/arm-none-eabi/12.3.1/../../../../arm-none-eabi/lib/thumb/v6-m/nofp\libg_nano.a(libc_a-memchr-stub.o)
 .comment       0x00000043       0x44 C:/ST/STM32CubeCLT_1.15.0/GNU-tools-for-STM32/bin/../lib/gcc/arm-none-eabi/12.3.1/../../../../arm-none-eabi/lib/thumb/v6-m/nofp\libg_nano.a(libc_a-memcpy-stub.o)
 .comment       0x00000043       0x44 C:/ST/STM32CubeCLT_1.15.0/GNU-tools-for-STM32/bin/../lib/gcc/arm-none-eabi/12.3.1/../../../../arm-none-eabi/lib/thumb/v6-m/nofp\libg_nano.a(libc_a-reallocr.o)
 .comment       0x00000043       0x44 C:/ST/STM32CubeCLT_1.15.0/GNU-tools-for-STM32/bin/../lib/gcc/arm-none-eabi/12.3.1/../../../../arm-none-eabi/lib/thumb/v6-m/nofp\libg_nano.a(libc_a-msizer.o)

.debug_line_str
                0x00000000       0x92
 .debug_line_str
                0x00000000       0x92 CMakeFiles/flux-finder-v1.dir/startup_stm32f070xb.s.obj

.debug_loclists
                0x00000000      0xe83
 .debug_loclists
                0x00000000      0x123 C:/ST/STM32CubeCLT_1.15.0/GNU-tools-for-STM32/bin/../lib/gcc/arm-none-eabi/12.3.1/../../../../arm-none-eabi/lib/thumb/v6-m/nofp\libg_nano.a(libc_a-snprintf.o)
 .debug_loclists
                0x00000123      0x552 C:/ST/STM32CubeCLT_1.15.0/GNU-tools-for-STM32/bin/../lib/gcc/arm-none-eabi/12.3.1/../../../../arm-none-eabi/lib/thumb/v6-m/nofp\libg_nano.a(libc_a-nano-svfprintf.o)
 .debug_loclists
                0x00000675      0x444 C:/ST/STM32CubeCLT_1.15.0/GNU-tools-for-STM32/bin/../lib/gcc/arm-none-eabi/12.3.1/../../../../arm-none-eabi/lib/thumb/v6-m/nofp\libg_nano.a(libc_a-nano-vfprintf_i.o)
 .debug_loclists
                0x00000ab9       0xe3 C:/ST/STM32CubeCLT_1.15.0/GNU-tools-for-STM32/bin/../lib/gcc/arm-none-eabi/12.3.1/../../../../arm-none-eabi/lib/thumb/v6-m/nofp\libg_nano.a(libc_a-memmove.o)
 .debug_loclists
                0x00000b9c       0x7c C:/ST/STM32CubeCLT_1.15.0/GNU-tools-for-STM32/bin/../lib/gcc/arm-none-eabi/12.3.1/../../../../arm-none-eabi/lib/thumb/v6-m/nofp\libg_nano.a(libc_a-memchr-stub.o)
 .debug_loclists
                0x00000c18       0xaf C:/ST/STM32CubeCLT_1.15.0/GNU-tools-for-STM32/bin/../lib/gcc/arm-none-eabi/12.3.1/../../../../arm-none-eabi/lib/thumb/v6-m/nofp\libg_nano.a(libc_a-memcpy-stub.o)
 .debug_loclists
                0x00000cc7      0x159 C:/ST/STM32CubeCLT_1.15.0/GNU-tools-for-STM32/bin/../lib/gcc/arm-none-eabi/12.3.1/../../../../arm-none-eabi/lib/thumb/v6-m/nofp\libg_nano.a(libc_a-reallocr.o)
 .debug_loclists
                0x00000e20       0x63 C:/ST/STM32CubeCLT_1.15.0/GNU-tools-for-STM32/bin/../lib/gcc/arm-none-eabi/12.3.1/../../../../arm-none-eabi/lib/thumb/v6-m/nofp\libg_nano.a(libc_a-msizer.o)
